Archive member included to satisfy reference by file (symbol)

/usr/lib/gcc/arm-none-eabi/13.2.1/../../../arm-none-eabi/lib/thumb/v8-m.main+fp/softfp/libm.a(libm_a-wf_sqrt.o)
                              CMakeFiles/pico_can.dir/home/goncalo_gcosta/pico/pico-sdk/src/rp2_common/pico_float/float_math.c.o (sqrtf)
/usr/lib/gcc/arm-none-eabi/13.2.1/../../../arm-none-eabi/lib/thumb/v8-m.main+fp/softfp/libm.a(libm_a-ef_sqrt.o)
                              /usr/lib/gcc/arm-none-eabi/13.2.1/../../../arm-none-eabi/lib/thumb/v8-m.main+fp/softfp/libm.a(libm_a-wf_sqrt.o) (__ieee754_sqrtf)
/usr/lib/gcc/arm-none-eabi/13.2.1/thumb/v8-m.main+fp/softfp/libgcc.a(_arm_addsubdf3.o)
                              CMakeFiles/pico_can.dir/main.c.o (__aeabi_f2d)
/usr/lib/gcc/arm-none-eabi/13.2.1/thumb/v8-m.main+fp/softfp/libgcc.a(_aeabi_ldivmod.o)
                              CMakeFiles/pico_can.dir/home/goncalo_gcosta/pico/pico-sdk/src/common/pico_time/time.c.o (__aeabi_ldivmod)
/usr/lib/gcc/arm-none-eabi/13.2.1/thumb/v8-m.main+fp/softfp/libgcc.a(_aeabi_uldivmod.o)
                              CMakeFiles/pico_can.dir/main.c.o (__aeabi_uldivmod)
/usr/lib/gcc/arm-none-eabi/13.2.1/thumb/v8-m.main+fp/softfp/libgcc.a(_udivmoddi4.o)
                              /usr/lib/gcc/arm-none-eabi/13.2.1/thumb/v8-m.main+fp/softfp/libgcc.a(_aeabi_ldivmod.o) (__udivmoddi4)
/usr/lib/gcc/arm-none-eabi/13.2.1/thumb/v8-m.main+fp/softfp/libgcc.a(_dvmd_tls.o)
                              /usr/lib/gcc/arm-none-eabi/13.2.1/thumb/v8-m.main+fp/softfp/libgcc.a(_aeabi_ldivmod.o) (__aeabi_ldiv0)
/usr/lib/gcc/arm-none-eabi/13.2.1/../../../arm-none-eabi/lib/thumb/v8-m.main+fp/softfp/libg.a(libc_a-memset.o)
                              /usr/lib/gcc/arm-none-eabi/13.2.1/../../../arm-none-eabi/lib/thumb/v8-m.main+fp/softfp/crt0.o (memset)
/usr/lib/gcc/arm-none-eabi/13.2.1/../../../arm-none-eabi/lib/thumb/v8-m.main+fp/softfp/libg.a(libc_a-sscanf.o)
                              CMakeFiles/pico_can.dir/main.c.o (sscanf)
/usr/lib/gcc/arm-none-eabi/13.2.1/../../../arm-none-eabi/lib/thumb/v8-m.main+fp/softfp/libg.a(libc_a-calloc.o)
                              CMakeFiles/pico_can.dir/home/goncalo_gcosta/pico/pico-sdk/src/rp2_common/pico_malloc/malloc.c.o (calloc)
/usr/lib/gcc/arm-none-eabi/13.2.1/../../../arm-none-eabi/lib/thumb/v8-m.main+fp/softfp/libg.a(libc_a-errno.o)
                              /usr/lib/gcc/arm-none-eabi/13.2.1/../../../arm-none-eabi/lib/thumb/v8-m.main+fp/softfp/libm.a(libm_a-wf_sqrt.o) (__errno)
/usr/lib/gcc/arm-none-eabi/13.2.1/../../../arm-none-eabi/lib/thumb/v8-m.main+fp/softfp/libg.a(libc_a-impure.o)
                              /usr/lib/gcc/arm-none-eabi/13.2.1/../../../arm-none-eabi/lib/thumb/v8-m.main+fp/softfp/libg.a(libc_a-sscanf.o) (_impure_ptr)
/usr/lib/gcc/arm-none-eabi/13.2.1/../../../arm-none-eabi/lib/thumb/v8-m.main+fp/softfp/libg.a(libc_a-strcasecmp.o)
                              CMakeFiles/pico_can.dir/main.c.o (strcasecmp)
/usr/lib/gcc/arm-none-eabi/13.2.1/../../../arm-none-eabi/lib/thumb/v8-m.main+fp/softfp/libg.a(libc_a-callocr.o)
                              /usr/lib/gcc/arm-none-eabi/13.2.1/../../../arm-none-eabi/lib/thumb/v8-m.main+fp/softfp/libg.a(libc_a-calloc.o) (_calloc_r)
/usr/lib/gcc/arm-none-eabi/13.2.1/../../../arm-none-eabi/lib/thumb/v8-m.main+fp/softfp/libg.a(libc_a-realloc.o)
                              CMakeFiles/pico_can.dir/home/goncalo_gcosta/pico/pico-sdk/src/rp2_common/pico_malloc/malloc.c.o (realloc)
/usr/lib/gcc/arm-none-eabi/13.2.1/../../../arm-none-eabi/lib/thumb/v8-m.main+fp/softfp/libg.a(libc_a-mallocr.o)
                              /usr/lib/gcc/arm-none-eabi/13.2.1/../../../arm-none-eabi/lib/thumb/v8-m.main+fp/softfp/libg.a(libc_a-callocr.o) (_malloc_r)
/usr/lib/gcc/arm-none-eabi/13.2.1/../../../arm-none-eabi/lib/thumb/v8-m.main+fp/softfp/libg.a(libc_a-freer.o)
                              /usr/lib/gcc/arm-none-eabi/13.2.1/../../../arm-none-eabi/lib/thumb/v8-m.main+fp/softfp/libg.a(libc_a-mallocr.o) (_free_r)
/usr/lib/gcc/arm-none-eabi/13.2.1/../../../arm-none-eabi/lib/thumb/v8-m.main+fp/softfp/libg.a(libc_a-svfscanf.o)
                              /usr/lib/gcc/arm-none-eabi/13.2.1/../../../arm-none-eabi/lib/thumb/v8-m.main+fp/softfp/libg.a(libc_a-sscanf.o) (__ssvfscanf_r)
/usr/lib/gcc/arm-none-eabi/13.2.1/../../../arm-none-eabi/lib/thumb/v8-m.main+fp/softfp/libg.a(libc_a-memcmp.o)
                              CMakeFiles/pico_can.dir/home/goncalo_gcosta/pico/pico-sdk/src/rp2_common/pico_atomic/atomic.c.o (memcmp)
/usr/lib/gcc/arm-none-eabi/13.2.1/../../../arm-none-eabi/lib/thumb/v8-m.main+fp/softfp/libg.a(libc_a-strtol.o)
                              /usr/lib/gcc/arm-none-eabi/13.2.1/../../../arm-none-eabi/lib/thumb/v8-m.main+fp/softfp/libg.a(libc_a-svfscanf.o) (_strtol_r)
/usr/lib/gcc/arm-none-eabi/13.2.1/../../../arm-none-eabi/lib/thumb/v8-m.main+fp/softfp/libg.a(libc_a-malloc.o)
[...]
Memory Configuration

Name             Origin             Length             Attributes
FLASH            0x10000000         0x00400000         xr
RAM              0x20000000         0x00080000         xrw
SCRATCH_X        0x20080000         0x00001000         xrw
SCRATCH_Y        0x20081000         0x00001000         xrw
*default*        0x00000000         0xffffffff

Linker script and memory map

LOAD /usr/lib/gcc/arm-none-eabi/13.2.1/thumb/v8-m.main+fp/softfp/crti.o
LOAD /usr/lib/gcc/arm-none-eabi/13.2.1/thumb/v8-m.main+fp/softfp/crtbegin.o
LOAD /usr/lib/gcc/arm-none-eabi/13.2.1/../../../arm-none-eabi/lib/thumb/v8-m.main+fp/softfp/crt0.o

.flash_begin    0x10000000        0x0
                0x10000000                        __flash_binary_start = .

.text           0x10000000     0xd624
                0x10000000                        __logical_binary_start = .
 *(.vectors)
 .vectors       0x10000000      0x124 CMakeFiles/pico_can.dir/home/goncalo_gcosta/pico/pico-sdk/src/rp2_common/pico_crt0/crt0.S.o
                0x10000000                __vectors
                0x10000000                __VECTOR_TABLE
                0x10000110                isr_invalid
                0x10000110                __default_isrs_start
                0x10000112                isr_nmi
                0x10000114                isr_hardfault
                0x10000116                isr_svcall
                0x10000118                isr_pendsv
                0x1000011a                isr_systick
                0x1000011c                isr_irq30
                0x1000011c                __unhandled_user_irq
                0x1000011c                isr_irq49
                0x1000011c                isr_irq13
                0x1000011c                isr_irq43
                0x1000011c                isr_irq45
                0x1000011c                isr_irq27
                0x1000011c                isr_irq32
                0x1000011c                isr_irq31
                0x1000011c                isr_irq5
                0x1000011c                isr_irq11
                0x1000011c                isr_irq23
                0x1000011c                isr_irq48
                0x1000011c                isr_irq35
                0x1000011c                isr_irq18
                0x1000011c                isr_irq50
                0x1000011c                isr_irq40
                0x1000011c                isr_irq28
                0x1000011c                isr_irq19
                0x1000011c                isr_irq36
                0x1000011c                isr_irq41
                0x1000011c                isr_irq0
                0x1000011c                isr_irq6
                0x1000011c                isr_irq37
                0x1000011c                isr_irq42
                0x1000011c                isr_irq22
                0x1000011c                isr_irq17
                0x1000011c                isr_irq38
                0x1000011c                isr_irq14
                0x1000011c                isr_irq2
                0x1000011c                isr_irq10
                0x1000011c                isr_irq8
                0x1000011c                isr_irq24
                0x1000011c                isr_irq46
                0x1000011c                isr_irq1
                0x1000011c                isr_irq47
                0x1000011c                isr_irq51
                0x1000011c                isr_irq7
                0x1000011c                isr_irq21
                0x1000011c                isr_irq39
                0x1000011c                isr_irq20
                0x1000011c                isr_irq15
                0x1000011c                isr_irq25
                0x1000011c                isr_irq34
                0x1000011c                isr_irq4
                0x1000011c                isr_irq16
                0x1000011c                isr_irq44
                0x1000011c                isr_irq29
                0x1000011c                isr_irq26
                0x1000011c                __default_isrs_end
                0x1000011c                isr_irq33
                0x1000011c                isr_irq3
                0x1000011c                isr_irq12
                0x1000011c                isr_irq9
                0x10000122                unhandled_user_irq_num_in_r0
 *(.binary_info_header)
 .binary_info_header
                0x10000124       0x14 CMakeFiles/pico_can.dir/home/goncalo_gcosta/pico/pico-sdk/src/rp2_common/pico_crt0/crt0.S.o
                0x10000138                        __binary_info_header_end = .
 *(.embedded_block)
 .embedded_block
                0x10000138       0x14 CMakeFiles/pico_can.dir/home/goncalo_gcosta/pico/pico-sdk/src/rp2_common/pico_crt0/crt0.S.o
                0x1000014c                        __embedded_block_end = .
 *(.reset)
 .reset         0x1000014c       0xa0 CMakeFiles/pico_can.dir/home/goncalo_gcosta/pico/pico-sdk/src/rp2_common/pico_crt0/crt0.S.o
                0x1000014c                _entry_point
 *(.init)
 .init          0x100001ec        0x4 /usr/lib/gcc/arm-none-eabi/13.2.1/thumb/v8-m.main+fp/softfp/crti.o
                0x100001ec                _init
 *libgcc.a:cmse_nonsecure_call.o()
 *(EXCLUDE_FILE(*libm.a: *libc.a:*lib_a-mem*.o *libgcc.a:) .text*)
 .text          0x100001f0       0x8c /usr/lib/gcc/arm-none-eabi/13.2.1/thumb/v8-m.main+fp/softfp/crtbegin.o
 .text.startup.main
                0x1000027c      0x418 CMakeFiles/pico_can.dir/main.c.o
                0x1000027c                main
 .text.mcp2515_send_extended.constprop.0
                0x10000694      0x168 CMakeFiles/pico_can.dir/mcp2515.c.o
 .text.mcp2515_init
                0x100007fc      0x150 CMakeFiles/pico_can.dir/mcp2515.c.o
                0x100007fc                mcp2515_init
 .text.mcp2515_disable_loopback
                0x1000094c       0x3c CMakeFiles/pico_can.dir/mcp2515.c.o
                0x1000094c                mcp2515_disable_loopback
 .text.mcp2515_send_extended
                0x10000988      0x174 CMakeFiles/pico_can.dir/mcp2515.c.o
                0x10000988                mcp2515_send_extended
 .text.send_rpm
                0x10000afc       0x1c CMakeFiles/pico_can.dir/mcp2515.c.o
                0x10000afc                send_rpm
 .text.send_position
                0x10000b18       0x30 CMakeFiles/pico_can.dir/mcp2515.c.o
                0x10000b18                send_position
 .text.send_torque
                0x10000b48       0x3c CMakeFiles/pico_can.dir/mcp2515.c.o
                0x10000b48                send_torque
 .text.mcp2515_check_message
                0x10000b84       0x4c CMakeFiles/pico_can.dir/mcp2515.c.o
                0x10000b84                mcp2515_check_message
 .text.mcp2515_read_message
                0x10000bd0      0x2f8 CMakeFiles/pico_can.dir/mcp2515.c.o
                0x10000bd0                mcp2515_read_message
 .text.gpio_set_function
                0x10000ec8       0x3c CMakeFiles/pico_can.dir/home/goncalo_gcosta/pico/pico-sdk/src/rp2_common/hardware_gpio/gpio.c.o
                0x10000ec8                gpio_set_function
 .text.gpio_init
                0x10000f04       0x48 CMakeFiles/pico_can.dir/home/goncalo_gcosta/pico/pico-sdk/src/rp2_common/hardware_gpio/gpio.c.o
                0x10000f04                gpio_init
 .text.panic    0x10000f4c       0x30 CMakeFiles/pico_can.dir/home/goncalo_gcosta/pico/pico-sdk/src/rp2_common/pico_platform_panic/panic.c.o
                0x10000f4c                panic
 .text.hw_claim_or_assert
                0x10000f7c       0x58 CMakeFiles/pico_can.dir/home/goncalo_gcosta/pico/pico-sdk/src/common/hardware_claim/claim.c.o
                0x10000f7c                hw_claim_or_assert
 .text.hw_claim_unused_from_range
                0x10000fd4       0x9c CMakeFiles/pico_can.dir/home/goncalo_gcosta/pico/pico-sdk/src/common/hardware_claim/claim.c.o
                0x10000fd4                hw_claim_unused_from_range
 .text.next_striped_spin_lock_num
                0x10001070       0x18 CMakeFiles/pico_can.dir/home/goncalo_gcosta/pico/pico-sdk/src/rp2_common/hardware_sync/sync.c.o
                0x10001070                next_striped_spin_lock_num
 .text.spin_lock_claim_unused
                0x10001088       0x20 CMakeFiles/pico_can.dir/home/goncalo_gcosta/pico/pico-sdk/src/rp2_common/hardware_sync/sync.c.o
                0x10001088                spin_lock_claim_unused
 .text.spinlock_set_extexclall
                0x100010a8       0x10 CMakeFiles/pico_can.dir/home/goncalo_gcosta/pico/pico-sdk/src/rp2_common/hardware_sync_spin_lock/sync_spin_lock.c.o
 .text.spin_locks_reset
                0x100010b8       0x18 CMakeFiles/pico_can.dir/home/goncalo_gcosta/pico/pico-sdk/src/rp2_common/hardware_sync_spin_lock/sync_spin_lock.c.o
                0x100010b8                spin_locks_reset
 .text.runtime_init_per_core_irq_priorities
                0x100010d0       0x40 CMakeFiles/pico_can.dir/home/goncalo_gcosta/pico/pico-sdk/src/rp2_common/hardware_irq/irq.c.o
                0x100010d0                runtime_init_per_core_irq_priorities
 .text.irq_set_enabled
                0x10001110       0x2c CMakeFiles/pico_can.dir/home/goncalo_gcosta/pico/pico-sdk/src/rp2_common/hardware_irq/irq.c.o
                0x10001110                irq_set_enabled
 .text.irq_is_enabled
                0x1000113c       0x20 CMakeFiles/pico_can.dir/home/goncalo_gcosta/pico/pico-sdk/src/rp2_common/hardware_irq/irq.c.o
                0x1000113c                irq_is_enabled
 .text.irq_set_pending
                0x1000115c       0x18 CMakeFiles/pico_can.dir/home/goncalo_gcosta/pico/pico-sdk/src/rp2_common/hardware_irq/irq.c.o
                0x1000115c                irq_set_pending
 .text.irq_has_shared_handler
                0x10001174       0x20 CMakeFiles/pico_can.dir/home/goncalo_gcosta/pico/pico-sdk/src/rp2_common/hardware_irq/irq.c.o
                0x10001174                irq_has_shared_handler
 .text.irq_set_exclusive_handler
                0x10001194       0x60 CMakeFiles/pico_can.dir/home/goncalo_gcosta/pico/pico-sdk/src/rp2_common/hardware_irq/irq.c.o
                0x10001194                irq_set_exclusive_handler
 .text.irq_add_shared_handler
                0x100011f4      0x1e8 CMakeFiles/pico_can.dir/home/goncalo_gcosta/pico/pico-sdk/src/rp2_common/hardware_irq/irq.c.o
                0x100011f4                irq_add_shared_handler
 .text.irq_add_tail_to_free_list
                0x100013dc       0xbc CMakeFiles/pico_can.dir/home/goncalo_gcosta/pico/pico-sdk/src/rp2_common/hardware_irq/irq.c.o
                0x100013dc                irq_add_tail_to_free_list
 .text.user_irq_claim_unused
                0x10001498       0x28 CMakeFiles/pico_can.dir/home/goncalo_gcosta/pico/pico-sdk/src/rp2_common/hardware_irq/irq.c.o
                0x10001498                user_irq_claim_unused
 .text.lock_init
                0x100014c0        0xc CMakeFiles/pico_can.dir/home/goncalo_gcosta/pico/pico-sdk/src/common/pico_sync/lock_core.c.o
                0x100014c0                lock_init
 .text.runtime_init_mutex
                0x100014cc       0x4c CMakeFiles/pico_can.dir/home/goncalo_gcosta/pico/pico-sdk/src/common/pico_sync/mutex.c.o
                0x100014cc                runtime_init_mutex
 .text.mutex_init
                0x10001518       0x1c CMakeFiles/pico_can.dir/home/goncalo_gcosta/pico/pico-sdk/src/common/pico_sync/mutex.c.o
                0x10001518                mutex_init
 .text.critical_section_init
                0x10001534       0x1c CMakeFiles/pico_can.dir/home/goncalo_gcosta/pico/pico-sdk/src/common/pico_sync/critical_section.c.o
                0x10001534                critical_section_init
 .text.critical_section_init_with_lock_num
                0x10001550       0x10 CMakeFiles/pico_can.dir/home/goncalo_gcosta/pico/pico-sdk/src/common/pico_sync/critical_section.c.o
                0x10001550                critical_section_init_with_lock_num
 .text.sleep_until_callback
                0x10001560       0x3c CMakeFiles/pico_can.dir/home/goncalo_gcosta/pico/pico-sdk/src/common/pico_time/time.c.o
 *fill*         0x1000159c        0x4 
 .text.alarm_pool_irq_handler
                0x100015a0      0x2f0 CMakeFiles/pico_can.dir/home/goncalo_gcosta/pico/pico-sdk/src/common/pico_time/time.c.o
 .text.runtime_init_default_alarm_pool
                0x10001890      0x100 CMakeFiles/pico_can.dir/home/goncalo_gcosta/pico/pico-sdk/src/common/pico_time/time.c.o
                0x10001890                runtime_init_default_alarm_pool
 .text.alarm_pool_get_default
                0x10001990        0x8 CMakeFiles/pico_can.dir/home/goncalo_gcosta/pico/pico-sdk/src/common/pico_time/time.c.o
                0x10001990                alarm_pool_get_default
 .text.alarm_pool_add_alarm_at
                0x10001998       0xdc CMakeFiles/pico_can.dir/home/goncalo_gcosta/pico/pico-sdk/src/common/pico_time/time.c.o
                0x10001998                alarm_pool_add_alarm_at
 .text.alarm_pool_add_alarm_at_force_in_context
                0x10001a74       0xc8 CMakeFiles/pico_can.dir/home/goncalo_gcosta/pico/pico-sdk/src/common/pico_time/time.c.o
                0x10001a74                alarm_pool_add_alarm_at_force_in_context
 .text.alarm_pool_cancel_alarm
                0x10001b3c       0x80 CMakeFiles/pico_can.dir/home/goncalo_gcosta/pico/pico-sdk/src/common/pico_time/time.c.o
                0x10001b3c                alarm_pool_cancel_alarm
 .text.alarm_pool_core_num
                0x10001bbc        0x4 CMakeFiles/pico_can.dir/home/goncalo_gcosta/pico/pico-sdk/src/common/pico_time/time.c.o
                0x10001bbc                alarm_pool_core_num
 .text.sleep_until
                0x10001bc0       0xbc CMakeFiles/pico_can.dir/home/goncalo_gcosta/pico/pico-sdk/src/common/pico_time/time.c.o
                0x10001bc0                sleep_until
 .text.sleep_ms
                0x10001c7c       0x2c CMakeFiles/pico_can.dir/home/goncalo_gcosta/pico/pico-sdk/src/common/pico_time/time.c.o
                0x10001c7c                sleep_ms
 .text.best_effort_wfe_or_timeout
                0x10001ca8       0xbc CMakeFiles/pico_can.dir/home/goncalo_gcosta/pico/pico-sdk/src/common/pico_time/time.c.o
                0x10001ca8                best_effort_wfe_or_timeout
 .text.timer_hardware_alarm_claim
                0x10001d64       0x24 CMakeFiles/pico_can.dir/home/goncalo_gcosta/pico/pico-sdk/src/rp2_common/hardware_timer/timer.c.o
                0x10001d64                timer_hardware_alarm_claim
 .text.timer_time_us_64
                0x10001d88       0x10 CMakeFiles/pico_can.dir/home/goncalo_gcosta/pico/pico-sdk/src/rp2_common/hardware_timer/timer.c.o
                0x10001d88                timer_time_us_64
 .text.time_us_64
                0x10001d98       0x14 CMakeFiles/pico_can.dir/home/goncalo_gcosta/pico/pico-sdk/src/rp2_common/hardware_timer/timer.c.o
                0x10001d98                time_us_64
 .text.busy_wait_us
                0x10001dac       0x64 CMakeFiles/pico_can.dir/home/goncalo_gcosta/pico/pico-sdk/src/rp2_common/hardware_timer/timer.c.o
                0x10001dac                busy_wait_us
 .text.busy_wait_until
                0x10001e10       0x24 CMakeFiles/pico_can.dir/home/goncalo_gcosta/pico/pico-sdk/src/rp2_common/hardware_timer/timer.c.o
                0x10001e10                busy_wait_until
 .text.clock_configure_undivided
                0x10001e34       0xd0 CMakeFiles/pico_can.dir/home/goncalo_gcosta/pico/pico-sdk/src/rp2_common/hardware_clocks/clocks.c.o
                0x10001e34                clock_configure_undivided
 .text.clock_get_hz
                0x10001f04        0xc CMakeFiles/pico_can.dir/home/goncalo_gcosta/pico/pico-sdk/src/rp2_common/hardware_clocks/clocks.c.o
                0x10001f04                clock_get_hz
 .text.pll_init
                0x10001f10       0x8c CMakeFiles/pico_can.dir/home/goncalo_gcosta/pico/pico-sdk/src/rp2_common/hardware_pll/pll.c.o
                0x10001f10                pll_init
 .text.watchdog_reboot
                0x10001f9c       0x98 CMakeFiles/pico_can.dir/home/goncalo_gcosta/pico/pico-sdk/src/rp2_common/hardware_watchdog/watchdog.c.o
                0x10001f9c                watchdog_reboot
 .text.tick_start
                0x10002034       0x18 CMakeFiles/pico_can.dir/home/goncalo_gcosta/pico/pico-sdk/src/rp2_common/hardware_ticks/ticks.c.o
                0x10002034                tick_start
 .text.rom_reboot.constprop.0.isra.0
                0x1000204c       0x34 CMakeFiles/pico_can.dir/home/goncalo_gcosta/pico/pico-sdk/src/rp2_common/pico_bootrom/bootrom.c.o
 .text.rom_func_lookup
                0x10002080       0x18 CMakeFiles/pico_can.dir/home/goncalo_gcosta/pico/pico-sdk/src/rp2_common/pico_bootrom/bootrom.c.o
                0x10002080                rom_func_lookup
 .text.rom_reset_usb_boot_extra
                0x10002098       0x1c CMakeFiles/pico_can.dir/home/goncalo_gcosta/pico/pico-sdk/src/rp2_common/pico_bootrom/bootrom.c.o
                0x10002098                rom_reset_usb_boot_extra
 .text.runtime_init_bootrom_locking_enable
                0x100020b4       0x14 CMakeFiles/pico_can.dir/home/goncalo_gcosta/pico/pico-sdk/src/rp2_common/pico_bootrom/bootrom_lock.c.o
                0x100020b4                runtime_init_bootrom_locking_enable
 .text.runtime_init_boot_locks_reset
                0x100020c8       0x1c CMakeFiles/pico_can.dir/home/goncalo_gcosta/pico/pico-sdk/src/rp2_common/hardware_boot_lock/boot_lock.c.o
                0x100020c8                runtime_init_boot_locks_reset
 .text.xosc_init
                0x100020e4       0x30 CMakeFiles/pico_can.dir/home/goncalo_gcosta/pico/pico-sdk/src/rp2_common/hardware_xosc/xosc.c.o
                0x100020e4                xosc_init
 .text.first_per_core_initializer
                0x10002114        0x4 CMakeFiles/pico_can.dir/home/goncalo_gcosta/pico/pico-sdk/src/rp2_common/pico_runtime/runtime.c.o
 .text.hard_assertion_failure
                0x10002118        0xc CMakeFiles/pico_can.dir/home/goncalo_gcosta/pico/pico-sdk/src/rp2_common/pico_runtime/runtime.c.o
                0x10002118                hard_assertion_failure
 .text.runtime_run_initializers
                0x10002124       0x20 CMakeFiles/pico_can.dir/home/goncalo_gcosta/pico/pico-sdk/src/rp2_common/pico_runtime/runtime.c.o
                0x10002124                runtime_run_initializers
 .text.runtime_init_early_resets
                0x10002144       0x34 CMakeFiles/pico_can.dir/home/goncalo_gcosta/pico/pico-sdk/src/rp2_common/pico_runtime_init/runtime_init.c.o
                0x10002144                runtime_init_early_resets
 .text.runtime_init_usb_power_down
                0x10002178       0x1c CMakeFiles/pico_can.dir/home/goncalo_gcosta/pico/pico-sdk/src/rp2_common/pico_runtime_init/runtime_init.c.o
                0x10002178                runtime_init_usb_power_down
 .text.runtime_init_per_core_enable_coprocessors
                0x10002194       0x1c CMakeFiles/pico_can.dir/home/goncalo_gcosta/pico/pico-sdk/src/rp2_common/pico_runtime_init/runtime_init.c.o
                0x10002194                runtime_init_per_core_enable_coprocessors
 .text.runtime_init_post_clock_resets
                0x100021b0       0x20 CMakeFiles/pico_can.dir/home/goncalo_gcosta/pico/pico-sdk/src/rp2_common/pico_runtime_init/runtime_init.c.o
                0x100021b0                runtime_init_post_clock_resets
 .text.runtime_init_bootrom_reset
                0x100021d0       0x14 CMakeFiles/pico_can.dir/home/goncalo_gcosta/pico/pico-sdk/src/rp2_common/pico_runtime_init/runtime_init.c.o
                0x100021d0                runtime_init_bootrom_reset
 .text.runtime_init_per_core_bootrom_reset
                0x100021e4       0x14 CMakeFiles/pico_can.dir/home/goncalo_gcosta/pico/pico-sdk/src/rp2_common/pico_runtime_init/runtime_init.c.o
                0x100021e4                runtime_init_per_core_bootrom_reset
 .text.runtime_init_spin_locks_reset
                0x100021f8        0x4 CMakeFiles/pico_can.dir/home/goncalo_gcosta/pico/pico-sdk/src/rp2_common/pico_runtime_init/runtime_init.c.o
                0x100021f8                runtime_init_spin_locks_reset
 .text.runtime_init_install_ram_vector_table
                0x100021fc       0x20 CMakeFiles/pico_can.dir/home/goncalo_gcosta/pico/pico-sdk/src/rp2_common/pico_runtime_init/runtime_init.c.o
                0x100021fc                runtime_init_install_ram_vector_table
 .text.runtime_init_clocks
                0x1000221c       0xdc CMakeFiles/pico_can.dir/home/goncalo_gcosta/pico/pico-sdk/src/rp2_common/pico_runtime_init/runtime_init_clocks.c.o
                0x1000221c                runtime_init_clocks
 .text.__rp2350_dcp_engaged_state_save_restore
                0x100022f8       0x3a CMakeFiles/pico_can.dir/home/goncalo_gcosta/pico/pico-sdk/src/rp2_common/pico_double/double_aeabi_dcp.S.o
 *fill*         0x10002332        0x2 
 .text.__wrap___aeabi_dadd
                0x10002334       0x28 CMakeFiles/pico_can.dir/home/goncalo_gcosta/pico/pico-sdk/src/rp2_common/pico_double/double_aeabi_dcp.S.o
                0x1000233c                __wrap___aeabi_dadd
 .text.__wrap___aeabi_dsub
                0x1000235c       0x28 CMakeFiles/pico_can.dir/home/goncalo_gcosta/pico/pico-sdk/src/rp2_common/pico_double/double_aeabi_dcp.S.o
                0x10002364                __wrap___aeabi_dsub
 .text.__wrap___aeabi_dmul
                0x10002384       0x4c CMakeFiles/pico_can.dir/home/goncalo_gcosta/pico/pico-sdk/src/rp2_common/pico_double/double_aeabi_dcp.S.o
                0x1000238c                __wrap___aeabi_dmul
 .text.__wrap___aeabi_ddiv
                0x100023d0       0x9c CMakeFiles/pico_can.dir/home/goncalo_gcosta/pico/pico-sdk/src/rp2_common/pico_double/double_aeabi_dcp.S.o
                0x100023d8                __wrap___aeabi_ddiv
 .text.__wrap___aeabi_d2f
                0x1000246c       0x1c CMakeFiles/pico_can.dir/home/goncalo_gcosta/pico/pico-sdk/src/rp2_common/pico_double/double_aeabi_dcp.S.o
                0x10002474                double2float
                0x10002474                __wrap___aeabi_d2f
 .text.__wrap___aeabi_i2d
                0x10002488       0x24 CMakeFiles/pico_can.dir/home/goncalo_gcosta/pico/pico-sdk/src/rp2_common/pico_double/double_aeabi_dcp.S.o
                0x10002490                __wrap___aeabi_i2d
                0x10002490                int2double
 .text.__wrap___aeabi_ui2d
                0x100024ac       0x24 CMakeFiles/pico_can.dir/home/goncalo_gcosta/pico/pico-sdk/src/rp2_common/pico_double/double_aeabi_dcp.S.o
                0x100024b4                __wrap___aeabi_ui2d
                0x100024b4                uint2double
 .text.__wrap___aeabi_d2iz
                0x100024d0       0x24 CMakeFiles/pico_can.dir/home/goncalo_gcosta/pico/pico-sdk/src/rp2_common/pico_double/double_aeabi_dcp.S.o
                0x100024d8                __wrap___aeabi_d2iz
                0x100024d8                double2int_z
 .text.__wrap___aeabi_d2uiz
                0x100024f4       0x24 CMakeFiles/pico_can.dir/home/goncalo_gcosta/pico/pico-sdk/src/rp2_common/pico_double/double_aeabi_dcp.S.o
                0x100024fc                double2uint_z
                0x100024fc                double2uint
                0x100024fc                __wrap___aeabi_d2uiz
 .text.__wrap___aeabi_dcmpun
                0x10002518       0x24 CMakeFiles/pico_can.dir/home/goncalo_gcosta/pico/pico-sdk/src/rp2_common/pico_double/double_aeabi_dcp.S.o
                0x10002520                __wrap___aeabi_dcmpun
 .text.__wrap___aeabi_dcmpeq
                0x1000253c       0x24 CMakeFiles/pico_can.dir/home/goncalo_gcosta/pico/pico-sdk/src/rp2_common/pico_double/double_aeabi_dcp.S.o
                0x10002544                __wrap___aeabi_dcmpeq
 .text.__wrap___aeabi_dcmplt
                0x10002560       0x28 CMakeFiles/pico_can.dir/home/goncalo_gcosta/pico/pico-sdk/src/rp2_common/pico_double/double_aeabi_dcp.S.o
                0x10002568                __wrap___aeabi_dcmplt
 .text.__wrap___aeabi_dcmple
                0x10002588       0x28 CMakeFiles/pico_can.dir/home/goncalo_gcosta/pico/pico-sdk/src/rp2_common/pico_double/double_aeabi_dcp.S.o
                0x10002590                __wrap___aeabi_dcmple
 .text.__wrap___aeabi_dcmpge
                0x100025b0       0x28 CMakeFiles/pico_can.dir/home/goncalo_gcosta/pico/pico-sdk/src/rp2_common/pico_double/double_aeabi_dcp.S.o
                0x100025b8                __wrap___aeabi_dcmpge
 .text.__wrap___aeabi_dcmpgt
                0x100025d8       0x28 CMakeFiles/pico_can.dir/home/goncalo_gcosta/pico/pico-sdk/src/rp2_common/pico_double/double_aeabi_dcp.S.o
                0x100025e0                __wrap___aeabi_dcmpgt
 .text.__wrap_conv_tod
                0x10002600      0x20c CMakeFiles/pico_can.dir/home/goncalo_gcosta/pico/pico-sdk/src/rp2_common/pico_double/double_conv_m33.S.o
                0x10002600                __wrap___aeabi_l2d
                0x10002600                int642double
                0x10002602                fix642double
                0x100026a6                uint642double
                0x100026a6                __wrap___aeabi_ul2d
                0x100026a8                ufix642double
                0x1000273c                fix2double
                0x100027ac                ufix2double
 .text.__wrap_conv_dtoi64_z
                0x1000280c       0xa0 CMakeFiles/pico_can.dir/home/goncalo_gcosta/pico/pico-sdk/src/rp2_common/pico_double/double_conv_m33.S.o
                0x1000280c                __wrap___aeabi_d2lz
                0x1000280c                double2int64_z
                0x1000280e                double2fix64_z
 .text._out_buffer
                0x100028ac        0x8 CMakeFiles/pico_can.dir/home/goncalo_gcosta/pico/pico-sdk/src/rp2_common/pico_printf/printf.c.o
 .text._out_null
                0x100028b4        0x4 CMakeFiles/pico_can.dir/home/goncalo_gcosta/pico/pico-sdk/src/rp2_common/pico_printf/printf.c.o
 .text._out_rev
                0x100028b8       0x9c CMakeFiles/pico_can.dir/home/goncalo_gcosta/pico/pico-sdk/src/rp2_common/pico_printf/printf.c.o
 .text._ntoa_format
                0x10002954      0x2a4 CMakeFiles/pico_can.dir/home/goncalo_gcosta/pico/pico-sdk/src/rp2_common/pico_printf/printf.c.o
 .text._out_char
                0x10002bf8        0x8 CMakeFiles/pico_can.dir/home/goncalo_gcosta/pico/pico-sdk/src/rp2_common/pico_printf/printf.c.o
 .text._out_fct
                0x10002c00        0xc CMakeFiles/pico_can.dir/home/goncalo_gcosta/pico/pico-sdk/src/rp2_common/pico_printf/printf.c.o
 *fill*         0x10002c0c        0x4 
 .text._etoa    0x10002c10      0x460 CMakeFiles/pico_can.dir/home/goncalo_gcosta/pico/pico-sdk/src/rp2_common/pico_printf/printf.c.o
 .text._ftoa    0x10003070      0x3f4 CMakeFiles/pico_can.dir/home/goncalo_gcosta/pico/pico-sdk/src/rp2_common/pico_printf/printf.c.o
 .text._vsnprintf
                0x10003464      0x9e8 CMakeFiles/pico_can.dir/home/goncalo_gcosta/pico/pico-sdk/src/rp2_common/pico_printf/printf.c.o
 .text.__wrap_sprintf
                0x10003e4c       0x2c CMakeFiles/pico_can.dir/home/goncalo_gcosta/pico/pico-sdk/src/rp2_common/pico_printf/printf.c.o
                0x10003e4c                __wrap_sprintf
 .text.vfctprintf
                0x10003e78       0x28 CMakeFiles/pico_can.dir/home/goncalo_gcosta/pico/pico-sdk/src/rp2_common/pico_printf/printf.c.o
                0x10003e78                vfctprintf
 .text.weak_raw_printf
                0x10003ea0       0x48 CMakeFiles/pico_can.dir/home/goncalo_gcosta/pico/pico-sdk/src/rp2_common/pico_printf/printf.c.o
                0x10003ea0                weak_raw_printf
 .text.weak_raw_vprintf
                0x10003ee8       0x30 CMakeFiles/pico_can.dir/home/goncalo_gcosta/pico/pico-sdk/src/rp2_common/pico_printf/printf.c.o
                0x10003ee8                weak_raw_vprintf
 .text._exit    0x10003f18        0x4 CMakeFiles/pico_can.dir/home/goncalo_gcosta/pico/pico-sdk/src/rp2_common/pico_clib_interface/newlib_interface.c.o
                0x10003f18                _exit
 .text._sbrk    0x10003f1c       0x2c CMakeFiles/pico_can.dir/home/goncalo_gcosta/pico/pico-sdk/src/rp2_common/pico_clib_interface/newlib_interface.c.o
                0x10003f1c                _sbrk
 .text._read    0x10003f48       0x1c CMakeFiles/pico_can.dir/home/goncalo_gcosta/pico/pico-sdk/src/rp2_common/pico_clib_interface/newlib_interface.c.o
                0x10003f48                _read
 .text._write   0x10003f64       0x20 CMakeFiles/pico_can.dir/home/goncalo_gcosta/pico/pico-sdk/src/rp2_common/pico_clib_interface/newlib_interface.c.o
                0x10003f64                _write
 .text._close   0x10003f84        0x8 CMakeFiles/pico_can.dir/home/goncalo_gcosta/pico/pico-sdk/src/rp2_common/pico_clib_interface/newlib_interface.c.o
                0x10003f84                _close
 .text._lseek   0x10003f8c        0x8 CMakeFiles/pico_can.dir/home/goncalo_gcosta/pico/pico-sdk/src/rp2_common/pico_clib_interface/newlib_interface.c.o
                0x10003f8c                _lseek
 .text.exit     0x10003f94        0x8 CMakeFiles/pico_can.dir/home/goncalo_gcosta/pico/pico-sdk/src/rp2_common/pico_clib_interface/newlib_interface.c.o
                0x10003f94                exit
 .text.__assert_func
                0x10003f9c       0x34 CMakeFiles/pico_can.dir/home/goncalo_gcosta/pico/pico-sdk/src/rp2_common/pico_clib_interface/newlib_interface.c.o
                0x10003f9c                __assert_func
 .text.runtime_init
                0x10003fd0       0x24 CMakeFiles/pico_can.dir/home/goncalo_gcosta/pico/pico-sdk/src/rp2_common/pico_clib_interface/newlib_interface.c.o
                0x10003fd0                runtime_init
 .text.stdio_out_chars_no_crlf
                0x10003ff4        0x8 CMakeFiles/pico_can.dir/home/goncalo_gcosta/pico/pico-sdk/src/rp2_common/pico_stdio/stdio.c.o
 .text.stdio_out_chars_crlf
                0x10003ffc       0xac CMakeFiles/pico_can.dir/home/goncalo_gcosta/pico/pico-sdk/src/rp2_common/pico_stdio/stdio.c.o
 .text.stdio_buffered_printer
                0x100040a8       0x60 CMakeFiles/pico_can.dir/home/goncalo_gcosta/pico/pico-sdk/src/rp2_common/pico_stdio/stdio.c.o
 .text.stdio_put_string
                0x10004108       0xf0 CMakeFiles/pico_can.dir/home/goncalo_gcosta/pico/pico-sdk/src/rp2_common/pico_stdio/stdio.c.o
                0x10004108                stdio_put_string
 .text.stdio_get_until
                0x100041f8       0x7c CMakeFiles/pico_can.dir/home/goncalo_gcosta/pico/pico-sdk/src/rp2_common/pico_stdio/stdio.c.o
                0x100041f8                stdio_get_until
 .text.stdio_set_driver_enabled
                0x10004274       0x30 CMakeFiles/pico_can.dir/home/goncalo_gcosta/pico/pico-sdk/src/rp2_common/pico_stdio/stdio.c.o
                0x10004274                stdio_set_driver_enabled
 .text.stdio_init_all
                0x100042a4        0x4 CMakeFiles/pico_can.dir/home/goncalo_gcosta/pico/pico-sdk/src/rp2_common/pico_stdio/stdio.c.o
                0x100042a4                stdio_init_all
 .text.stdio_getchar_timeout_us
                0x100042a8       0x8c CMakeFiles/pico_can.dir/home/goncalo_gcosta/pico/pico-sdk/src/rp2_common/pico_stdio/stdio.c.o
                0x100042a8                stdio_getchar_timeout_us
 .text.__wrap_putchar
                0x10004334       0x84 CMakeFiles/pico_can.dir/home/goncalo_gcosta/pico/pico-sdk/src/rp2_common/pico_stdio/stdio.c.o
                0x10004334                stdio_putchar
                0x10004334                __wrap_putchar
 .text.__wrap_puts
                0x100043b8       0x3c CMakeFiles/pico_can.dir/home/goncalo_gcosta/pico/pico-sdk/src/rp2_common/pico_stdio/stdio.c.o
                0x100043b8                __wrap_puts
                0x100043b8                stdio_puts
 .text.__wrap_vprintf
                0x100043f4       0xc8 CMakeFiles/pico_can.dir/home/goncalo_gcosta/pico/pico-sdk/src/rp2_common/pico_stdio/stdio.c.o
                0x100043f4                __wrap_vprintf
                0x100043f4                stdio_vprintf
 .text.__wrap_printf
                0x100044bc       0x1c CMakeFiles/pico_can.dir/home/goncalo_gcosta/pico/pico-sdk/src/rp2_common/pico_stdio/stdio.c.o
                0x100044bc                stdio_printf
                0x100044bc                __wrap_printf
 .text.resetd_init
                0x100044d8        0x4 CMakeFiles/pico_can.dir/home/goncalo_gcosta/pico/pico-sdk/src/rp2_common/pico_stdio_usb/reset_interface.c.o
 .text.resetd_reset
                0x100044dc        0xc CMakeFiles/pico_can.dir/home/goncalo_gcosta/pico/pico-sdk/src/rp2_common/pico_stdio_usb/reset_interface.c.o
 .text.resetd_open
                0x100044e8       0x28 CMakeFiles/pico_can.dir/home/goncalo_gcosta/pico/pico-sdk/src/rp2_common/pico_stdio_usb/reset_interface.c.o
 .text.resetd_xfer_cb
                0x10004510        0x4 CMakeFiles/pico_can.dir/home/goncalo_gcosta/pico/pico-sdk/src/rp2_common/pico_stdio_usb/reset_interface.c.o
 .text.resetd_control_xfer_cb
                0x10004514       0x50 CMakeFiles/pico_can.dir/home/goncalo_gcosta/pico/pico-sdk/src/rp2_common/pico_stdio_usb/reset_interface.c.o
 .text.tud_descriptor_bos_cb
                0x10004564        0x8 CMakeFiles/pico_can.dir/home/goncalo_gcosta/pico/pico-sdk/src/rp2_common/pico_stdio_usb/reset_interface.c.o
                0x10004564                tud_descriptor_bos_cb
 .text.tud_vendor_control_xfer_cb
                0x1000456c       0x28 CMakeFiles/pico_can.dir/home/goncalo_gcosta/pico/pico-sdk/src/rp2_common/pico_stdio_usb/reset_interface.c.o
                0x1000456c                tud_vendor_control_xfer_cb
 .text.usbd_app_driver_get_cb
                0x10004594       0x10 CMakeFiles/pico_can.dir/home/goncalo_gcosta/pico/pico-sdk/src/rp2_common/pico_stdio_usb/reset_interface.c.o
                0x10004594                usbd_app_driver_get_cb
 .text.tud_cdc_line_coding_cb
                0x100045a4       0x18 CMakeFiles/pico_can.dir/home/goncalo_gcosta/pico/pico-sdk/src/rp2_common/pico_stdio_usb/reset_interface.c.o
                0x100045a4                tud_cdc_line_coding_cb
 .text.stdio_usb_set_chars_available_callback
                0x100045bc       0x14 CMakeFiles/pico_can.dir/home/goncalo_gcosta/pico/pico-sdk/src/rp2_common/pico_stdio_usb/stdio_usb.c.o
                0x100045bc                stdio_usb_set_chars_available_callback
 .text.timer_task
                0x100045d0       0x70 CMakeFiles/pico_can.dir/home/goncalo_gcosta/pico/pico-sdk/src/rp2_common/pico_stdio_usb/stdio_usb.c.o
 .text.usb_irq  0x10004640        0xc CMakeFiles/pico_can.dir/home/goncalo_gcosta/pico/pico-sdk/src/rp2_common/pico_stdio_usb/stdio_usb.c.o
 .text.stdio_usb_in_chars
                0x1000464c       0x88 CMakeFiles/pico_can.dir/home/goncalo_gcosta/pico/pico-sdk/src/rp2_common/pico_stdio_usb/stdio_usb.c.o
                0x1000464c                stdio_usb_in_chars
 .text.stdio_usb_out_flush
                0x100046d4       0x54 CMakeFiles/pico_can.dir/home/goncalo_gcosta/pico/pico-sdk/src/rp2_common/pico_stdio_usb/stdio_usb.c.o
 .text.stdio_usb_out_chars
                0x10004728       0xf4 CMakeFiles/pico_can.dir/home/goncalo_gcosta/pico/pico-sdk/src/rp2_common/pico_stdio_usb/stdio_usb.c.o
 .text.low_priority_worker_irq
                0x1000481c       0xd8 CMakeFiles/pico_can.dir/home/goncalo_gcosta/pico/pico-sdk/src/rp2_common/pico_stdio_usb/stdio_usb.c.o
 .text.stdio_usb_init
                0x100048f4       0xe8 CMakeFiles/pico_can.dir/home/goncalo_gcosta/pico/pico-sdk/src/rp2_common/pico_stdio_usb/stdio_usb.c.o
                0x100048f4                stdio_usb_init
 .text.tud_descriptor_device_cb
                0x100049dc        0x8 CMakeFiles/pico_can.dir/home/goncalo_gcosta/pico/pico-sdk/src/rp2_common/pico_stdio_usb/stdio_usb_descriptors.c.o
                0x100049dc                tud_descriptor_device_cb
 .text.tud_descriptor_configuration_cb
                0x100049e4        0x8 CMakeFiles/pico_can.dir/home/goncalo_gcosta/pico/pico-sdk/src/rp2_common/pico_stdio_usb/stdio_usb_descriptors.c.o
                0x100049e4                tud_descriptor_configuration_cb
 .text.tud_descriptor_string_cb
                0x100049ec       0x70 CMakeFiles/pico_can.dir/home/goncalo_gcosta/pico/pico-sdk/src/rp2_common/pico_stdio_usb/stdio_usb_descriptors.c.o
                0x100049ec                tud_descriptor_string_cb
 .text.startup._retrieve_unique_id_on_boot
                0x10004a5c       0x30 CMakeFiles/pico_can.dir/home/goncalo_gcosta/pico/pico-sdk/src/rp2_common/pico_unique_id/unique_id.c.o
 .text.pico_get_unique_board_id_string
                0x10004a8c      0x184 CMakeFiles/pico_can.dir/home/goncalo_gcosta/pico/pico-sdk/src/rp2_common/pico_unique_id/unique_id.c.o
                0x10004a8c                pico_get_unique_board_id_string
 .text.dcd_init
                0x10004c10       0x90 CMakeFiles/pico_can.dir/home/goncalo_gcosta/pico/pico-sdk/lib/tinyusb/src/portable/raspberrypi/rp2040/dcd_rp2040.c.o
                0x10004c10                dcd_init
 .text.dcd_int_enable
                0x10004ca0        0x8 CMakeFiles/pico_can.dir/home/goncalo_gcosta/pico/pico-sdk/lib/tinyusb/src/portable/raspberrypi/rp2040/dcd_rp2040.c.o
                0x10004ca0                dcd_int_enable
 .text.dcd_set_address
                0x10004ca8       0x10 CMakeFiles/pico_can.dir/home/goncalo_gcosta/pico/pico-sdk/lib/tinyusb/src/portable/raspberrypi/rp2040/dcd_rp2040.c.o
                0x10004ca8                dcd_set_address
 .text.dcd_sof_enable
                0x10004cb8       0x1c CMakeFiles/pico_can.dir/home/goncalo_gcosta/pico/pico-sdk/lib/tinyusb/src/portable/raspberrypi/rp2040/dcd_rp2040.c.o
                0x10004cb8                dcd_sof_enable
 .text.dcd_edpt0_status_complete
                0x10004cd4       0x1c CMakeFiles/pico_can.dir/home/goncalo_gcosta/pico/pico-sdk/lib/tinyusb/src/portable/raspberrypi/rp2040/dcd_rp2040.c.o
                0x10004cd4                dcd_edpt0_status_complete
 .text.dcd_edpt_open
                0x10004cf0      0x108 CMakeFiles/pico_can.dir/home/goncalo_gcosta/pico/pico-sdk/lib/tinyusb/src/portable/raspberrypi/rp2040/dcd_rp2040.c.o
                0x10004cf0                dcd_edpt_open
 .text.dcd_edpt_close_all
                0x10004df8        0x4 CMakeFiles/pico_can.dir/home/goncalo_gcosta/pico/pico-sdk/lib/tinyusb/src/portable/raspberrypi/rp2040/dcd_rp2040.c.o
                0x10004df8                dcd_edpt_close_all
 .text.dcd_edpt_xfer
                0x10004dfc       0x28 CMakeFiles/pico_can.dir/home/goncalo_gcosta/pico/pico-sdk/lib/tinyusb/src/portable/raspberrypi/rp2040/dcd_rp2040.c.o
                0x10004dfc                dcd_edpt_xfer
 .text.dcd_edpt_stall
                0x10004e24       0x2c CMakeFiles/pico_can.dir/home/goncalo_gcosta/pico/pico-sdk/lib/tinyusb/src/portable/raspberrypi/rp2040/dcd_rp2040.c.o
                0x10004e24                dcd_edpt_stall
 .text.dcd_edpt_clear_stall
                0x10004e50       0x2c CMakeFiles/pico_can.dir/home/goncalo_gcosta/pico/pico-sdk/lib/tinyusb/src/portable/raspberrypi/rp2040/dcd_rp2040.c.o
                0x10004e50                dcd_edpt_clear_stall
 .text.rp2040_usb_init
                0x10004e7c       0x40 CMakeFiles/pico_can.dir/home/goncalo_gcosta/pico/pico-sdk/lib/tinyusb/src/portable/raspberrypi/rp2040/rp2040_usb.c.o
                0x10004e7c                rp2040_usb_init
 .text.hw_endpoint_xfer_start
                0x10004ebc       0x40 CMakeFiles/pico_can.dir/home/goncalo_gcosta/pico/pico-sdk/lib/tinyusb/src/portable/raspberrypi/rp2040/rp2040_usb.c.o
                0x10004ebc                hw_endpoint_xfer_start
 .text.configuration_reset
                0x10004efc       0x8c CMakeFiles/pico_can.dir/home/goncalo_gcosta/pico/pico-sdk/lib/tinyusb/src/device/usbd.c.o
 .text.tud_event_hook_cb
                0x10004f88        0x4 CMakeFiles/pico_can.dir/home/goncalo_gcosta/pico/pico-sdk/lib/tinyusb/src/device/usbd.c.o
                0x10004f88                tud_event_hook_cb
 .text.tud_sof_cb
                0x10004f8c        0x4 CMakeFiles/pico_can.dir/home/goncalo_gcosta/pico/pico-sdk/lib/tinyusb/src/device/usbd.c.o
                0x10004f8c                tud_sof_cb
 .text.tud_descriptor_device_qualifier_cb
                0x10004f90        0x4 CMakeFiles/pico_can.dir/home/goncalo_gcosta/pico/pico-sdk/lib/tinyusb/src/device/usbd.c.o
                0x10004f90                tud_descriptor_device_qualifier_cb
 .text.tud_descriptor_other_speed_configuration_cb
                0x10004f94        0x4 CMakeFiles/pico_can.dir/home/goncalo_gcosta/pico/pico-sdk/lib/tinyusb/src/device/usbd.c.o
                0x10004f94                tud_descriptor_other_speed_configuration_cb
 .text.tud_mount_cb
                0x10004f98        0x4 CMakeFiles/pico_can.dir/home/goncalo_gcosta/pico/pico-sdk/lib/tinyusb/src/device/usbd.c.o
                0x10004f98                tud_mount_cb
 .text.tud_umount_cb
                0x10004f9c        0x4 CMakeFiles/pico_can.dir/home/goncalo_gcosta/pico/pico-sdk/lib/tinyusb/src/device/usbd.c.o
                0x10004f9c                tud_umount_cb
 .text.tud_suspend_cb
                0x10004fa0        0x4 CMakeFiles/pico_can.dir/home/goncalo_gcosta/pico/pico-sdk/lib/tinyusb/src/device/usbd.c.o
                0x10004fa0                tud_suspend_cb
 .text.tud_resume_cb
                0x10004fa4        0x4 CMakeFiles/pico_can.dir/home/goncalo_gcosta/pico/pico-sdk/lib/tinyusb/src/device/usbd.c.o
                0x10004fa4                tud_resume_cb
 .text.tud_mounted
                0x10004fa8       0x10 CMakeFiles/pico_can.dir/home/goncalo_gcosta/pico/pico-sdk/lib/tinyusb/src/device/usbd.c.o
                0x10004fa8                tud_mounted
 .text.tud_suspended
                0x10004fb8       0x10 CMakeFiles/pico_can.dir/home/goncalo_gcosta/pico/pico-sdk/lib/tinyusb/src/device/usbd.c.o
                0x10004fb8                tud_suspended
 .text.tud_rhport_init
                0x10004fc8       0xf8 CMakeFiles/pico_can.dir/home/goncalo_gcosta/pico/pico-sdk/lib/tinyusb/src/device/usbd.c.o
                0x10004fc8                tud_rhport_init
 .text.tud_task_ext
                0x100050c0      0x784 CMakeFiles/pico_can.dir/home/goncalo_gcosta/pico/pico-sdk/lib/tinyusb/src/device/usbd.c.o
                0x100050c0                tud_task_ext
 .text.usbd_open_edpt_pair
                0x10005844       0x9c CMakeFiles/pico_can.dir/home/goncalo_gcosta/pico/pico-sdk/lib/tinyusb/src/device/usbd.c.o
                0x10005844                usbd_open_edpt_pair
 .text.usbd_edpt_open
                0x100058e0       0x44 CMakeFiles/pico_can.dir/home/goncalo_gcosta/pico/pico-sdk/lib/tinyusb/src/device/usbd.c.o
                0x100058e0                usbd_edpt_open
 .text.usbd_edpt_claim
                0x10005924       0x24 CMakeFiles/pico_can.dir/home/goncalo_gcosta/pico/pico-sdk/lib/tinyusb/src/device/usbd.c.o
                0x10005924                usbd_edpt_claim
 .text.usbd_edpt_release
                0x10005948       0x24 CMakeFiles/pico_can.dir/home/goncalo_gcosta/pico/pico-sdk/lib/tinyusb/src/device/usbd.c.o
                0x10005948                usbd_edpt_release
 .text.usbd_edpt_xfer
                0x1000596c       0x70 CMakeFiles/pico_can.dir/home/goncalo_gcosta/pico/pico-sdk/lib/tinyusb/src/device/usbd.c.o
                0x1000596c                usbd_edpt_xfer
 .text.tud_control_status
                0x100059dc       0x34 CMakeFiles/pico_can.dir/home/goncalo_gcosta/pico/pico-sdk/lib/tinyusb/src/device/usbd_control.c.o
                0x100059dc                tud_control_status
 .text.tud_control_xfer
                0x10005a10       0xac CMakeFiles/pico_can.dir/home/goncalo_gcosta/pico/pico-sdk/lib/tinyusb/src/device/usbd_control.c.o
                0x10005a10                tud_control_xfer
 .text.usbd_control_reset
                0x10005abc       0x14 CMakeFiles/pico_can.dir/home/goncalo_gcosta/pico/pico-sdk/lib/tinyusb/src/device/usbd_control.c.o
                0x10005abc                usbd_control_reset
 .text.usbd_control_set_complete_callback
                0x10005ad0        0xc CMakeFiles/pico_can.dir/home/goncalo_gcosta/pico/pico-sdk/lib/tinyusb/src/device/usbd_control.c.o
                0x10005ad0                usbd_control_set_complete_callback
 .text.usbd_control_set_request
                0x10005adc       0x1c CMakeFiles/pico_can.dir/home/goncalo_gcosta/pico/pico-sdk/lib/tinyusb/src/device/usbd_control.c.o
                0x10005adc                usbd_control_set_request
 .text.usbd_control_xfer_cb
                0x10005af8       0xfc CMakeFiles/pico_can.dir/home/goncalo_gcosta/pico/pico-sdk/lib/tinyusb/src/device/usbd_control.c.o
                0x10005af8                usbd_control_xfer_cb
 .text._prep_out_transaction.isra.0
                0x10005bf4       0x74 CMakeFiles/pico_can.dir/home/goncalo_gcosta/pico/pico-sdk/lib/tinyusb/src/class/cdc/cdc_device.c.o
 .text.tud_cdc_n_connected
                0x10005c68       0x2c CMakeFiles/pico_can.dir/home/goncalo_gcosta/pico/pico-sdk/lib/tinyusb/src/class/cdc/cdc_device.c.o
                0x10005c68                tud_cdc_n_connected
 .text.tud_cdc_n_available
                0x10005c94       0x18 CMakeFiles/pico_can.dir/home/goncalo_gcosta/pico/pico-sdk/lib/tinyusb/src/class/cdc/cdc_device.c.o
                0x10005c94                tud_cdc_n_available
 .text.tud_cdc_n_read
                0x10005cac       0x8c CMakeFiles/pico_can.dir/home/goncalo_gcosta/pico/pico-sdk/lib/tinyusb/src/class/cdc/cdc_device.c.o
                0x10005cac                tud_cdc_n_read
 .text.tud_cdc_n_write_flush
                0x10005d38       0x8c CMakeFiles/pico_can.dir/home/goncalo_gcosta/pico/pico-sdk/lib/tinyusb/src/class/cdc/cdc_device.c.o
                0x10005d38                tud_cdc_n_write_flush
 .text.tud_cdc_n_write
                0x10005dc4       0x44 CMakeFiles/pico_can.dir/home/goncalo_gcosta/pico/pico-sdk/lib/tinyusb/src/class/cdc/cdc_device.c.o
                0x10005dc4                tud_cdc_n_write
 .text.tud_cdc_n_write_available
                0x10005e08       0x18 CMakeFiles/pico_can.dir/home/goncalo_gcosta/pico/pico-sdk/lib/tinyusb/src/class/cdc/cdc_device.c.o
                0x10005e08                tud_cdc_n_write_available
 .text.cdcd_init
                0x10005e20       0x70 CMakeFiles/pico_can.dir/home/goncalo_gcosta/pico/pico-sdk/lib/tinyusb/src/class/cdc/cdc_device.c.o
                0x10005e20                cdcd_init
 .text.cdcd_deinit
                0x10005e90       0x2c CMakeFiles/pico_can.dir/home/goncalo_gcosta/pico/pico-sdk/lib/tinyusb/src/class/cdc/cdc_device.c.o
                0x10005e90                cdcd_deinit
 .text.cdcd_reset
                0x10005ebc       0x4c CMakeFiles/pico_can.dir/home/goncalo_gcosta/pico/pico-sdk/lib/tinyusb/src/class/cdc/cdc_device.c.o
                0x10005ebc                cdcd_reset
 .text.cdcd_open
                0x10005f08       0xbc CMakeFiles/pico_can.dir/home/goncalo_gcosta/pico/pico-sdk/lib/tinyusb/src/class/cdc/cdc_device.c.o
                0x10005f08                cdcd_open
 .text.cdcd_control_xfer_cb
                0x10005fc4       0xc0 CMakeFiles/pico_can.dir/home/goncalo_gcosta/pico/pico-sdk/lib/tinyusb/src/class/cdc/cdc_device.c.o
                0x10005fc4                cdcd_control_xfer_cb
 .text.cdcd_xfer_cb
                0x10006084       0xfc CMakeFiles/pico_can.dir/home/goncalo_gcosta/pico/pico-sdk/lib/tinyusb/src/class/cdc/cdc_device.c.o
                0x10006084                cdcd_xfer_cb
 .text.vendord_init
                0x10006180       0x5c CMakeFiles/pico_can.dir/home/goncalo_gcosta/pico/pico-sdk/lib/tinyusb/src/class/vendor/vendor_device.c.o
                0x10006180                vendord_init
 .text.vendord_deinit
                0x100061dc       0x1c CMakeFiles/pico_can.dir/home/goncalo_gcosta/pico/pico-sdk/lib/tinyusb/src/class/vendor/vendor_device.c.o
                0x100061dc                vendord_deinit
 .text.vendord_reset
                0x100061f8       0x24 CMakeFiles/pico_can.dir/home/goncalo_gcosta/pico/pico-sdk/lib/tinyusb/src/class/vendor/vendor_device.c.o
                0x100061f8                vendord_reset
 .text.vendord_open
                0x1000621c      0x104 CMakeFiles/pico_can.dir/home/goncalo_gcosta/pico/pico-sdk/lib/tinyusb/src/class/vendor/vendor_device.c.o
                0x1000621c                vendord_open
 .text.vendord_xfer_cb
                0x10006320       0x88 CMakeFiles/pico_can.dir/home/goncalo_gcosta/pico/pico-sdk/lib/tinyusb/src/class/vendor/vendor_device.c.o
                0x10006320                vendord_xfer_cb
 .text.tusb_rhport_init
                0x100063a8       0x60 CMakeFiles/pico_can.dir/home/goncalo_gcosta/pico/pico-sdk/lib/tinyusb/src/tusb.c.o
                0x100063a8                tusb_rhport_init
 .text.tu_edpt_claim
                0x10006408       0x54 CMakeFiles/pico_can.dir/home/goncalo_gcosta/pico/pico-sdk/lib/tinyusb/src/tusb.c.o
                0x10006408                tu_edpt_claim
 .text.tu_edpt_release
                0x1000645c       0x38 CMakeFiles/pico_can.dir/home/goncalo_gcosta/pico/pico-sdk/lib/tinyusb/src/tusb.c.o
                0x1000645c                tu_edpt_release
 .text.tu_edpt_validate
                0x10006494       0x64 CMakeFiles/pico_can.dir/home/goncalo_gcosta/pico/pico-sdk/lib/tinyusb/src/tusb.c.o
                0x10006494                tu_edpt_validate
 .text.tu_edpt_bind_driver
                0x100064f8       0x58 CMakeFiles/pico_can.dir/home/goncalo_gcosta/pico/pico-sdk/lib/tinyusb/src/tusb.c.o
                0x100064f8                tu_edpt_bind_driver
 .text.tu_edpt_stream_init
                0x10006550       0x58 CMakeFiles/pico_can.dir/home/goncalo_gcosta/pico/pico-sdk/lib/tinyusb/src/tusb.c.o
                0x10006550                tu_edpt_stream_init
 .text.tu_edpt_stream_deinit
                0x100065a8        0x4 CMakeFiles/pico_can.dir/home/goncalo_gcosta/pico/pico-sdk/lib/tinyusb/src/tusb.c.o
                0x100065a8                tu_edpt_stream_deinit
 .text.tu_edpt_stream_write_zlp_if_needed
                0x100065ac       0x68 CMakeFiles/pico_can.dir/home/goncalo_gcosta/pico/pico-sdk/lib/tinyusb/src/tusb.c.o
                0x100065ac                tu_edpt_stream_write_zlp_if_needed
 .text.tu_edpt_stream_write_xfer
                0x10006614       0x70 CMakeFiles/pico_can.dir/home/goncalo_gcosta/pico/pico-sdk/lib/tinyusb/src/tusb.c.o
                0x10006614                tu_edpt_stream_write_xfer
 .text.tu_edpt_stream_read_xfer
                0x10006684       0xd0 CMakeFiles/pico_can.dir/home/goncalo_gcosta/pico/pico-sdk/lib/tinyusb/src/tusb.c.o
                0x10006684                tu_edpt_stream_read_xfer
 .text.tu_fifo_config
                0x10006754       0x60 CMakeFiles/pico_can.dir/home/goncalo_gcosta/pico/pico-sdk/lib/tinyusb/src/common/tusb_fifo.c.o
                0x10006754                tu_fifo_config
 .text.tu_fifo_count
                0x100067b4       0x20 CMakeFiles/pico_can.dir/home/goncalo_gcosta/pico/pico-sdk/lib/tinyusb/src/common/tusb_fifo.c.o
                0x100067b4                tu_fifo_count
 .text.tu_fifo_empty
                0x100067d4       0x14 CMakeFiles/pico_can.dir/home/goncalo_gcosta/pico/pico-sdk/lib/tinyusb/src/common/tusb_fifo.c.o
                0x100067d4                tu_fifo_empty
 .text.tu_fifo_remaining
                0x100067e8       0x24 CMakeFiles/pico_can.dir/home/goncalo_gcosta/pico/pico-sdk/lib/tinyusb/src/common/tusb_fifo.c.o
                0x100067e8                tu_fifo_remaining
 .text.tu_fifo_read
                0x1000680c       0x94 CMakeFiles/pico_can.dir/home/goncalo_gcosta/pico/pico-sdk/lib/tinyusb/src/common/tusb_fifo.c.o
                0x1000680c                tu_fifo_read
 .text.tu_fifo_read_n
                0x100068a0       0xd8 CMakeFiles/pico_can.dir/home/goncalo_gcosta/pico/pico-sdk/lib/tinyusb/src/common/tusb_fifo.c.o
                0x100068a0                tu_fifo_read_n
 .text.tu_fifo_write
                0x10006978       0xa0 CMakeFiles/pico_can.dir/home/goncalo_gcosta/pico/pico-sdk/lib/tinyusb/src/common/tusb_fifo.c.o
                0x10006978                tu_fifo_write
 .text.tu_fifo_write_n
                0x10006a18      0x158 CMakeFiles/pico_can.dir/home/goncalo_gcosta/pico/pico-sdk/lib/tinyusb/src/common/tusb_fifo.c.o
                0x10006a18                tu_fifo_write_n
 .text.tu_fifo_clear
                0x10006b70       0x38 CMakeFiles/pico_can.dir/home/goncalo_gcosta/pico/pico-sdk/lib/tinyusb/src/common/tusb_fifo.c.o
                0x10006b70                tu_fifo_clear
 .text.tu_fifo_set_overwritable
                0x10006ba8       0x3c CMakeFiles/pico_can.dir/home/goncalo_gcosta/pico/pico-sdk/lib/tinyusb/src/common/tusb_fifo.c.o
                0x10006ba8                tu_fifo_set_overwritable
 .text.spi_init
                0x10006be4       0xf4 CMakeFiles/pico_can.dir/home/goncalo_gcosta/pico/pico-sdk/src/rp2_common/hardware_spi/spi.c.o
                0x10006be4                spi_init
 .text          0x10006cd8       0xa4 /usr/lib/gcc/arm-none-eabi/13.2.1/../../../arm-none-eabi/lib/thumb/v8-m.main+fp/softfp/libg.a(libc_a-memset.o)
                0x10006cd8                memset
 .text          0x10006d7c       0xb0 /usr/lib/gcc/arm-none-eabi/13.2.1/../../../arm-none-eabi/lib/thumb/v8-m.main+fp/softfp/libg.a(libc_a-sscanf.o)
                0x10006d7c                sscanf
                0x10006dd4                _sscanf_r
 .text          0x10006e2c        0xc /usr/lib/gcc/arm-none-eabi/13.2.1/../../../arm-none-eabi/lib/thumb/v8-m.main+fp/softfp/libg.a(libc_a-errno.o)
                0x10006e2c                __errno
 .text          0x10006e38       0x4c /usr/lib/gcc/arm-none-eabi/13.2.1/../../../arm-none-eabi/lib/thumb/v8-m.main+fp/softfp/libg.a(libc_a-strcasecmp.o)
                0x10006e38                strcasecmp
 .text          0x10006e84       0x70 /usr/lib/gcc/arm-none-eabi/13.2.1/../../../arm-none-eabi/lib/thumb/v8-m.main+fp/softfp/libg.a(libc_a-callocr.o)
                0x10006e84                _calloc_r
 .text          0x10006ef4      0x548 /usr/lib/gcc/arm-none-eabi/13.2.1/../../../arm-none-eabi/lib/thumb/v8-m.main+fp/softfp/libg.a(libc_a-mallocr.o)
                0x10006ef4                _malloc_r
 .text          0x1000743c      0x2b0 /usr/lib/gcc/arm-none-eabi/13.2.1/../../../arm-none-eabi/lib/thumb/v8-m.main+fp/softfp/libg.a(libc_a-freer.o)
                0x1000743c                _malloc_trim_r
                0x100074f4                _free_r
 .text          0x100076ec     0x1100 /usr/lib/gcc/arm-none-eabi/13.2.1/../../../arm-none-eabi/lib/thumb/v8-m.main+fp/softfp/libg.a(libc_a-svfscanf.o)
                0x100076ec                __ssvfscanf_r
 .text          0x100087ec      0x17c /usr/lib/gcc/arm-none-eabi/13.2.1/../../../arm-none-eabi/lib/thumb/v8-m.main+fp/softfp/libg.a(libc_a-strtol.o)
                0x100088f8                _strtol_r
                0x10008910                strtol_l
                0x1000893c                strtol
 .text          0x10008968       0xec /usr/lib/gcc/arm-none-eabi/13.2.1/../../../arm-none-eabi/lib/thumb/v8-m.main+fp/softfp/libg.a(libc_a-memcpy.o)
                0x10008968                memcpy
 .text          0x10008a54       0x1c /usr/lib/gcc/arm-none-eabi/13.2.1/../../../arm-none-eabi/lib/thumb/v8-m.main+fp/softfp/libg.a(libc_a-sysconf.o)
                0x10008a54                sysconf
 .text          0x10008a70       0x98 /usr/lib/gcc/arm-none-eabi/13.2.1/../../../arm-none-eabi/lib/thumb/v8-m.main+fp/softfp/libg.a(libc_a-stdio.o)
                0x10008a70                __sread
                0x10008a94                __seofread
                0x10008a98                __swrite
                0x10008ad8                __sseek
                0x10008b00                __sclose
 .text          0x10008b08        0x8 /usr/lib/gcc/arm-none-eabi/13.2.1/../../../arm-none-eabi/lib/thumb/v8-m.main+fp/softfp/libg.a(libc_a-iswspace.o)
                0x10008b08                iswspace
 .text          0x10008b10       0x90 /usr/lib/gcc/arm-none-eabi/13.2.1/../../../arm-none-eabi/lib/thumb/v8-m.main+fp/softfp/libg.a(libc_a-mbrtowc.o)
                0x10008b10                _mbrtowc_r
                0x10008b50                mbrtowc
 .text          0x10008ba0      0x370 /usr/lib/gcc/arm-none-eabi/13.2.1/../../../arm-none-eabi/lib/thumb/v8-m.main+fp/softfp/libg.a(libc_a-reallocr.o)
                0x10008ba0                _realloc_r
 .text          0x10008f10       0x2c /usr/lib/gcc/arm-none-eabi/13.2.1/../../../arm-none-eabi/lib/thumb/v8-m.main+fp/softfp/libg.a(libc_a-writer.o)
                0x10008f10                _write_r
 .text          0x10008f3c        0x8 /usr/lib/gcc/arm-none-eabi/13.2.1/../../../arm-none-eabi/lib/thumb/v8-m.main+fp/softfp/libg.a(libc_a-mlock.o)
                0x10008f3c                __malloc_lock
                0x10008f40                __malloc_unlock
 .text          0x10008f44      0x224 /usr/lib/gcc/arm-none-eabi/13.2.1/../../../arm-none-eabi/lib/thumb/v8-m.main+fp/softfp/libg.a(libc_a-findfp.o)
                0x10009074                __sfp
                0x10009118                __sinit
                0x10009138                __sfp_lock_acquire
                0x1000913c                __sfp_lock_release
                0x10009140                __fp_lock_all
                0x10009154                __fp_unlock_all
 .text          0x10009168        0xc /usr/lib/gcc/arm-none-eabi/13.2.1/../../../arm-none-eabi/lib/thumb/v8-m.main+fp/softfp/libg.a(libc_a-atexit.o)
                0x10009168                atexit
 .text          0x10009174       0x5c /usr/lib/gcc/arm-none-eabi/13.2.1/../../../arm-none-eabi/lib/thumb/v8-m.main+fp/softfp/libg.a(libc_a-strlen-stub.o)
                0x10009174                strlen
 .text          0x100091d0     0x10b4 /usr/lib/gcc/arm-none-eabi/13.2.1/../../../arm-none-eabi/lib/thumb/v8-m.main+fp/softfp/libg.a(libc_a-svfiscanf.o)
                0x100091d0                _sungetc_r
                0x1000924c                __ssrefill_r
                0x10009284                _sfread_r
                0x10009328                __ssvfiscanf_r
 .text          0x1000a284       0x24 /usr/lib/gcc/arm-none-eabi/13.2.1/../../../arm-none-eabi/lib/thumb/v8-m.main+fp/softfp/libg.a(libc_a-sbrkr.o)
                0x1000a284                _sbrk_r
 .text          0x1000a2a8      0x144 /usr/lib/gcc/arm-none-eabi/13.2.1/../../../arm-none-eabi/lib/thumb/v8-m.main+fp/softfp/libg.a(libc_a-ungetc.o)
                0x1000a2a8                __submore
                0x1000a31c                _ungetc_r
                0x1000a3dc                ungetc
 .text          0x1000a3ec       0x24 /usr/lib/gcc/arm-none-eabi/13.2.1/../../../arm-none-eabi/lib/thumb/v8-m.main+fp/softfp/libg.a(libc_a-closer.o)
                0x1000a3ec                _close_r
 .text          0x1000a410       0x28 /usr/lib/gcc/arm-none-eabi/13.2.1/../../../arm-none-eabi/lib/thumb/v8-m.main+fp/softfp/libg.a(libc_a-fini.o)
                0x1000a410                __libc_fini_array
 .text          0x1000a438        0x8 /usr/lib/gcc/arm-none-eabi/13.2.1/../../../arm-none-eabi/lib/thumb/v8-m.main+fp/softfp/libg.a(libm_a-sf_nan.o)
                0x1000a438                nanf
 .text          0x1000a440      0x19c /usr/lib/gcc/arm-none-eabi/13.2.1/../../../arm-none-eabi/lib/thumb/v8-m.main+fp/softfp/libg.a(libc_a-strtoll.o)
                0x1000a5a8                _strtoll_r
                0x1000a5ac                strtoll_l
                0x1000a5c4                strtoll
 .text          0x1000a5dc       0xa0 /usr/lib/gcc/arm-none-eabi/13.2.1/../../../arm-none-eabi/lib/thumb/v8-m.main+fp/softfp/libg.a(libc_a-sccl.o)
                0x1000a5dc                __sccl
 .text          0x1000a67c       0x44 /usr/lib/gcc/arm-none-eabi/13.2.1/../../../arm-none-eabi/lib/thumb/v8-m.main+fp/softfp/libg.a(libc_a-fwalk.o)
                0x1000a67c                _fwalk_sglue
 .text          0x1000a6c0       0x14 /usr/lib/gcc/arm-none-eabi/13.2.1/../../../arm-none-eabi/lib/thumb/v8-m.main+fp/softfp/libg.a(libc_a-localeconv.o)
                0x1000a6c0                __localeconv_l
                0x1000a6c4                _localeconv_r
                0x1000a6cc                localeconv
 *fill*         0x1000a6d4        0x4 
 .text          0x1000a6d8     0x113c /usr/lib/gcc/arm-none-eabi/13.2.1/../../../arm-none-eabi/lib/thumb/v8-m.main+fp/softfp/libg.a(libc_a-strtod.o)
                0x1000a6d8                _strtod_l
                0x1000b670                _strtod_r
                0x1000b67c                strtod_l
                0x1000b694                strtod
                0x1000b6b0                strtof_l
                0x1000b760                strtof
 .text          0x1000b814       0x8c /usr/lib/gcc/arm-none-eabi/13.2.1/../../../arm-none-eabi/lib/thumb/v8-m.main+fp/softfp/libg.a(libc_a-locale.o)
                0x1000b814                _setlocale_r
                0x1000b854                __locale_mb_cur_max
                0x1000b860                setlocale
 .text          0x1000b8a0      0x1bc /usr/lib/gcc/arm-none-eabi/13.2.1/../../../arm-none-eabi/lib/thumb/v8-m.main+fp/softfp/libg.a(libc_a-strcmp.o)
                0x1000b8a0                strcmp
 .text          0x1000ba5c      0x640 /usr/lib/gcc/arm-none-eabi/13.2.1/../../../arm-none-eabi/lib/thumb/v8-m.main+fp/softfp/libg.a(libc_a-gdtoa-gethex.o)
                0x1000bb00                __gethex
 .text          0x1000c09c      0x15c /usr/lib/gcc/arm-none-eabi/13.2.1/../../../arm-none-eabi/lib/thumb/v8-m.main+fp/softfp/libg.a(libc_a-strtoul.o)
                0x1000c1c4                _strtoul_r
                0x1000c1c8                strtoul_l
                0x1000c1e0                strtoul
 .text          0x1000c1f8       0x40 /usr/lib/gcc/arm-none-eabi/13.2.1/../../../arm-none-eabi/lib/thumb/v8-m.main+fp/softfp/libg.a(libc_a-mbtowc_r.o)
                0x1000c1f8                _mbtowc_r
                0x1000c20c                __ascii_mbtowc
 .text          0x1000c238      0x1ac /usr/lib/gcc/arm-none-eabi/13.2.1/../../../arm-none-eabi/lib/thumb/v8-m.main+fp/softfp/libg.a(libc_a-fflush.o)
                0x1000c238                __sflush_r
                0x1000c370                _fflush_r
                0x1000c39c                fflush
 .text          0x1000c3e4       0x80 /usr/lib/gcc/arm-none-eabi/13.2.1/../../../arm-none-eabi/lib/thumb/v8-m.main+fp/softfp/libg.a(libc_a-strncmp.o)
                0x1000c3e4                strncmp
 .text          0x1000c464      0x100 /usr/lib/gcc/arm-none-eabi/13.2.1/../../../arm-none-eabi/lib/thumb/v8-m.main+fp/softfp/libg.a(libc_a-memmove.o)
                0x1000c464                memmove
 .text          0x1000c564       0x18 /usr/lib/gcc/arm-none-eabi/13.2.1/../../../arm-none-eabi/lib/thumb/v8-m.main+fp/softfp/libg.a(libc_a-iswspace_l.o)
                0x1000c564                iswspace_l
 .text          0x1000c57c      0x1c0 /usr/lib/gcc/arm-none-eabi/13.2.1/../../../arm-none-eabi/lib/thumb/v8-m.main+fp/softfp/libg.a(libc_a-strtoull.o)
                0x1000c708                _strtoull_r
                0x1000c70c                strtoull_l
                0x1000c724                strtoull
 .text          0x1000c73c       0x2c /usr/lib/gcc/arm-none-eabi/13.2.1/../../../arm-none-eabi/lib/thumb/v8-m.main+fp/softfp/libg.a(libc_a-readr.o)
                0x1000c73c                _read_r
 .text          0x1000c768       0x90 /usr/lib/gcc/arm-none-eabi/13.2.1/../../../arm-none-eabi/lib/thumb/v8-m.main+fp/softfp/libg.a(libc_a-fclose.o)
                0x1000c768                _fclose_r
                0x1000c7e8                fclose
 .text          0x1000c7f8       0x30 /usr/lib/gcc/arm-none-eabi/13.2.1/../../../arm-none-eabi/lib/thumb/v8-m.main+fp/softfp/libg.a(libc_a-wctomb_r.o)
                0x1000c7f8                _wctomb_r
                0x1000c80c                __ascii_wctomb
 .text          0x1000c828       0x2c /usr/lib/gcc/arm-none-eabi/13.2.1/../../../arm-none-eabi/lib/thumb/v8-m.main+fp/softfp/libg.a(libc_a-lseekr.o)
                0x1000c828                _lseek_r
 .text          0x1000c854       0x64 /usr/lib/gcc/arm-none-eabi/13.2.1/../../../arm-none-eabi/lib/thumb/v8-m.main+fp/softfp/libg.a(libc_a-__atexit.o)
                0x1000c854                __register_exitproc
 .text          0x1000c8b8      0x1f4 /usr/lib/gcc/arm-none-eabi/13.2.1/../../../arm-none-eabi/lib/thumb/v8-m.main+fp/softfp/libg.a(libc_a-gdtoa-hexnan.o)
                0x1000c8b8                __match
                0x1000c8ec                __hexnan
 .text          0x1000caac        0xc /usr/lib/gcc/arm-none-eabi/13.2.1/../../../arm-none-eabi/lib/thumb/v8-m.main+fp/softfp/libg.a(libm_a-s_nan.o)
                0x1000caac                nan
 .text          0x1000cab8      0xa98 /usr/lib/gcc/arm-none-eabi/13.2.1/../../../arm-none-eabi/lib/thumb/v8-m.main+fp/softfp/libg.a(libc_a-mprec.o)
                0x1000cab8                _Balloc
                0x1000cb04                _Bfree
                0x1000cb18                __multadd
                0x1000cbbc                __s2b
                0x1000cc6c                __hi0bits
                0x1000ccb4                __lo0bits
                0x1000cd14                __i2b
                0x1000cd70                __multiply
                0x1000ced4                __pow5mult
                0x1000cf88                __lshift
                0x1000d070                __mcmp
                0x1000d0b4                __mdiff
                0x1000d234                __ulp
                0x1000d280                __b2d
                0x1000d344                __d2b
                0x1000d404                __ratio
                0x1000d460                _mprec_log10
                0x1000d498                __copybits
                0x1000d4f4                __any_on
 .text.startup  0x1000d550       0x14 /usr/lib/gcc/arm-none-eabi/13.2.1/../../../arm-none-eabi/lib/thumb/v8-m.main+fp/softfp/libg.a(libc_a-__call_atexit.o)
 *(.fini)
 .fini          0x1000d564        0x4 /usr/lib/gcc/arm-none-eabi/13.2.1/thumb/v8-m.main+fp/softfp/crti.o
                0x1000d564                _fini
 .fini.__stub   0x1000d568       0x70 linker stubs
 *crtbegin.o(.ctors)
 *crtbegin?.o(.ctors)
 *(EXCLUDE_FILE(*crtend.o *crtend?.o) .ctors)
 *(SORT_BY_NAME(.ctors.*))
 *(.ctors)
 *crtbegin.o(.dtors)
 *crtbegin?.o(.dtors)
 *(EXCLUDE_FILE(*crtend.o *crtend?.o) .dtors)
 *(SORT_BY_NAME(.dtors.*))
 *(.dtors)
                0x1000d5d8                        . = ALIGN (0x4)
                0x1000d5d8                        PROVIDE (__preinit_array_start = .)
 *(SORT_BY_NAME(.preinit_array.*))
 .preinit_array.00050
                0x1000d5d8        0x4 CMakeFiles/pico_can.dir/home/goncalo_gcosta/pico/pico-sdk/src/rp2_common/pico_runtime_init/runtime_init.c.o
                0x1000d5d8                __pre_init_runtime_init_bootrom_reset
 .preinit_array.00100
                0x1000d5dc        0x4 CMakeFiles/pico_can.dir/home/goncalo_gcosta/pico/pico-sdk/src/rp2_common/pico_runtime_init/runtime_init.c.o
                0x1000d5dc                __pre_init_runtime_init_early_resets
 .preinit_array.00101
                0x1000d5e0        0x4 CMakeFiles/pico_can.dir/home/goncalo_gcosta/pico/pico-sdk/src/rp2_common/pico_runtime_init/runtime_init.c.o
                0x1000d5e0                __pre_init_runtime_init_usb_power_down
 .preinit_array.00500
                0x1000d5e4        0x4 CMakeFiles/pico_can.dir/home/goncalo_gcosta/pico/pico-sdk/src/rp2_common/pico_runtime_init/runtime_init.c.o
                0x1000d5e4                __pre_init_runtime_init_clocks
 .preinit_array.00600
                0x1000d5e8        0x4 CMakeFiles/pico_can.dir/home/goncalo_gcosta/pico/pico-sdk/src/rp2_common/pico_runtime_init/runtime_init.c.o
                0x1000d5e8                __pre_init_runtime_init_post_clock_resets
 .preinit_array.01000
                0x1000d5ec        0x4 CMakeFiles/pico_can.dir/home/goncalo_gcosta/pico/pico-sdk/src/rp2_common/hardware_boot_lock/boot_lock.c.o
                0x1000d5ec                __pre_init_runtime_init_boot_locks_reset
 .preinit_array.01000
                0x1000d5f0        0x4 CMakeFiles/pico_can.dir/home/goncalo_gcosta/pico/pico-sdk/src/rp2_common/pico_runtime_init/runtime_init.c.o
                0x1000d5f0                __pre_init_runtime_init_spin_locks_reset
 .preinit_array.01010
                0x1000d5f4        0x4 CMakeFiles/pico_can.dir/home/goncalo_gcosta/pico/pico-sdk/src/rp2_common/pico_bootrom/bootrom_lock.c.o
                0x1000d5f4                __pre_init_runtime_init_bootrom_locking_enable
 .preinit_array.01100
                0x1000d5f8        0x4 CMakeFiles/pico_can.dir/home/goncalo_gcosta/pico/pico-sdk/src/common/pico_sync/mutex.c.o
                0x1000d5f8                __pre_init_runtime_init_mutex
 .preinit_array.10080
                0x1000d5fc        0x4 CMakeFiles/pico_can.dir/home/goncalo_gcosta/pico/pico-sdk/src/rp2_common/pico_runtime_init/runtime_init.c.o
                0x1000d5fc                __pre_init_runtime_init_install_ram_vector_table
 .preinit_array.11000
                0x1000d600        0x4 CMakeFiles/pico_can.dir/home/goncalo_gcosta/pico/pico-sdk/src/common/pico_time/time.c.o
                0x1000d600                __pre_init_runtime_init_default_alarm_pool
 .preinit_array.YYYYY
                0x1000d604        0x4 CMakeFiles/pico_can.dir/home/goncalo_gcosta/pico/pico-sdk/src/rp2_common/pico_runtime/runtime.c.o
                0x1000d604                __pre_init_first_per_core_initializer
 .preinit_array.ZZZZZ.00051
                0x1000d608        0x4 CMakeFiles/pico_can.dir/home/goncalo_gcosta/pico/pico-sdk/src/rp2_common/pico_runtime_init/runtime_init.c.o
                0x1000d608                __pre_init_runtime_init_per_core_bootrom_reset
 .preinit_array.ZZZZZ.00200
                0x1000d60c        0x4 CMakeFiles/pico_can.dir/home/goncalo_gcosta/pico/pico-sdk/src/rp2_common/pico_runtime_init/runtime_init.c.o
                0x1000d60c                __pre_init_runtime_init_per_core_enable_coprocessors
 .preinit_array.ZZZZZ.01000
                0x1000d610        0x4 CMakeFiles/pico_can.dir/home/goncalo_gcosta/pico/pico-sdk/src/rp2_common/hardware_sync_spin_lock/sync_spin_lock.c.o
                0x1000d610                __pre_init_spinlock_set_extexclall
 .preinit_array.ZZZZZ.01200
                0x1000d614        0x4 CMakeFiles/pico_can.dir/home/goncalo_gcosta/pico/pico-sdk/src/rp2_common/hardware_irq/irq.c.o
                0x1000d614                __pre_init_runtime_init_per_core_irq_priorities
 *(.preinit_array)
                0x1000d618                        PROVIDE (__preinit_array_end = .)
                0x1000d618                        . = ALIGN (0x4)
                0x1000d618                        PROVIDE (__init_array_start = .)
 *(SORT_BY_NAME(.init_array.*))
 .init_array.00000
                0x1000d618        0x4 /usr/lib/gcc/arm-none-eabi/13.2.1/../../../arm-none-eabi/lib/thumb/v8-m.main+fp/softfp/libg.a(libc_a-__call_atexit.o)
 *(.init_array)
 .init_array    0x1000d61c        0x4 /usr/lib/gcc/arm-none-eabi/13.2.1/thumb/v8-m.main+fp/softfp/crtbegin.o
 .init_array    0x1000d620        0x4 CMakeFiles/pico_can.dir/home/goncalo_gcosta/pico/pico-sdk/src/rp2_common/pico_unique_id/unique_id.c.o
                0x1000d624                        PROVIDE (__init_array_end = .)
                0x1000d624                        . = ALIGN (0x4)
                0x1000d624                        PROVIDE (__fini_array_start = .)
 *(SORT_BY_NAME(.fini_array.*))
 *(.fini_array)
                0x1000d624                        PROVIDE (__fini_array_end = .)
 *(.eh_frame*)
 .eh_frame      0x1000d624        0x0 /usr/lib/gcc/arm-none-eabi/13.2.1/thumb/v8-m.main+fp/softfp/crtbegin.o
                0x1000d624                        . = ALIGN (0x4)

.glue_7         0x1000d624        0x0
 .glue_7        0x1000d624        0x0 linker stubs

.glue_7t        0x1000d624        0x0
 .glue_7t       0x1000d624        0x0 linker stubs

.vfp11_veneer   0x1000d624        0x0
 .vfp11_veneer  0x1000d624        0x0 linker stubs

.v4_bx          0x1000d624        0x0
 .v4_bx         0x1000d624        0x0 linker stubs

.iplt           0x1000d624        0x0
 .iplt          0x1000d624        0x0 /usr/lib/gcc/arm-none-eabi/13.2.1/thumb/v8-m.main+fp/softfp/crtbegin.o

.boot2          0x1000d624        0x0
                0x1000d624                        __boot2_start__ = .
 *(.boot2)
                0x1000d624                        __boot2_end__ = .
                0x00000001                        ASSERT (((__boot2_end__ - __boot2_start__) <= 0x100), ERROR: Pico second stage bootloader must be no more than 256 bytes in size)

.rodata         0x1000d628      0x9f0
 *(EXCLUDE_FILE(*libm.a: *libc.a:*lib_a-mem*.o *libgcc.a:) .rodata*)
 .rodata.send_pos_spd.str1.4
                0x1000d628      0x3bd CMakeFiles/pico_can.dir/main.c.o
                                 0x2f (size before relaxing)
 .rodata.send_origin.str1.4
                0x1000d9e5       0x25 CMakeFiles/pico_can.dir/main.c.o
 .rodata.stop_motor.str1.4
                0x1000d9e5       0x14 CMakeFiles/pico_can.dir/main.c.o
 .rodata.main.str1.4
                0x1000d9e5       0xef CMakeFiles/pico_can.dir/main.c.o
 .rodata.mcp2515_init.str1.4
                0x1000d9e5       0x1c CMakeFiles/pico_can.dir/mcp2515.c.o
 .rodata.panic.str1.4
                0x1000d9e5       0x12 CMakeFiles/pico_can.dir/home/goncalo_gcosta/pico/pico-sdk/src/rp2_common/pico_platform_panic/panic.c.o
 .rodata.spin_lock_claim_unused.str1.4
                0x1000d9e5       0x1b CMakeFiles/pico_can.dir/home/goncalo_gcosta/pico/pico-sdk/src/rp2_common/hardware_sync/sync.c.o
 .rodata.user_irq_claim_unused.str1.4
                0x1000d9e5       0x1b CMakeFiles/pico_can.dir/home/goncalo_gcosta/pico/pico-sdk/src/rp2_common/hardware_irq/irq.c.o
 *fill*         0x1000d9e5        0x3 
 .rodata.at_the_end_of_time
                0x1000d9e8        0x8 CMakeFiles/pico_can.dir/home/goncalo_gcosta/pico/pico-sdk/src/common/pico_time/time.c.o
                0x1000d9e8                at_the_end_of_time
 .rodata.timer_hardware_alarm_claim.str1.4
                0x1000d9f0       0x22 CMakeFiles/pico_can.dir/home/goncalo_gcosta/pico/pico-sdk/src/rp2_common/hardware_timer/timer.c.o
 .rodata.hard_assertion_failure.str1.4
                0x1000d9f0        0xc CMakeFiles/pico_can.dir/home/goncalo_gcosta/pico/pico-sdk/src/rp2_common/pico_runtime/runtime.c.o
 .rodata.str1.4
                0x1000d9f0       0x40 CMakeFiles/pico_can.dir/home/goncalo_gcosta/pico/pico-sdk/src/rp2_common/pico_standard_binary_info/standard_binary_info.c.o
 .rodata.__bi_84
                0x1000d9f0        0xc CMakeFiles/pico_can.dir/home/goncalo_gcosta/pico/pico-sdk/src/rp2_common/pico_standard_binary_info/standard_binary_info.c.o
 .rodata.__bi_78
                0x1000d9fc        0xc CMakeFiles/pico_can.dir/home/goncalo_gcosta/pico/pico-sdk/src/rp2_common/pico_standard_binary_info/standard_binary_info.c.o
 .rodata.__bi_54
                0x1000da08        0xc CMakeFiles/pico_can.dir/home/goncalo_gcosta/pico/pico-sdk/src/rp2_common/pico_standard_binary_info/standard_binary_info.c.o
 .rodata.__bi_48
                0x1000da14        0xc CMakeFiles/pico_can.dir/home/goncalo_gcosta/pico/pico-sdk/src/rp2_common/pico_standard_binary_info/standard_binary_info.c.o
 .rodata.__bi_42
                0x1000da20        0xc CMakeFiles/pico_can.dir/home/goncalo_gcosta/pico/pico-sdk/src/rp2_common/pico_standard_binary_info/standard_binary_info.c.o
 .rodata.__bi_34
                0x1000da2c        0xc CMakeFiles/pico_can.dir/home/goncalo_gcosta/pico/pico-sdk/src/rp2_common/pico_standard_binary_info/standard_binary_info.c.o
 .rodata.__bi_26
                0x1000da38        0xc CMakeFiles/pico_can.dir/home/goncalo_gcosta/pico/pico-sdk/src/rp2_common/pico_standard_binary_info/standard_binary_info.c.o
 .rodata._ftoa.str1.4
                0x1000da44       0x15 CMakeFiles/pico_can.dir/home/goncalo_gcosta/pico/pico-sdk/src/rp2_common/pico_printf/printf.c.o
 *fill*         0x1000da44        0x4 
 .rodata.pow10.0
                0x1000da48       0x50 CMakeFiles/pico_can.dir/home/goncalo_gcosta/pico/pico-sdk/src/rp2_common/pico_printf/printf.c.o
 .rodata.__assert_func.str1.4
                0x1000da98       0x43 CMakeFiles/pico_can.dir/home/goncalo_gcosta/pico/pico-sdk/src/rp2_common/pico_clib_interface/newlib_interface.c.o
 .rodata.crlf_str.0
                0x1000da98        0x2 CMakeFiles/pico_can.dir/home/goncalo_gcosta/pico/pico-sdk/src/rp2_common/pico_stdio/stdio.c.o
 *fill*         0x1000da9a        0x2 
 .rodata._resetd_driver
                0x1000da9c       0x20 CMakeFiles/pico_can.dir/home/goncalo_gcosta/pico/pico-sdk/src/rp2_common/pico_stdio_usb/reset_interface.c.o
 .rodata.desc_ms_os_20
                0x1000dabc       0xa6 CMakeFiles/pico_can.dir/home/goncalo_gcosta/pico/pico-sdk/src/rp2_common/pico_stdio_usb/reset_interface.c.o
 *fill*         0x1000db62        0x2 
 .rodata.desc_bos
                0x1000db64       0x21 CMakeFiles/pico_can.dir/home/goncalo_gcosta/pico/pico-sdk/src/rp2_common/pico_stdio_usb/reset_interface.c.o
                0x1000db64                desc_bos
 .rodata.str1.4
                0x1000db85       0x13 CMakeFiles/pico_can.dir/home/goncalo_gcosta/pico/pico-sdk/src/rp2_common/pico_stdio_usb/stdio_usb.c.o
 *fill*         0x1000db85        0x3 
 .rodata.__bi_197.0
                0x1000db88        0xc CMakeFiles/pico_can.dir/home/goncalo_gcosta/pico/pico-sdk/src/rp2_common/pico_stdio_usb/stdio_usb.c.o
 .rodata.str1.4
                0x1000db94       0x2a CMakeFiles/pico_can.dir/home/goncalo_gcosta/pico/pico-sdk/src/rp2_common/pico_stdio_usb/stdio_usb_descriptors.c.o
 .rodata.usbd_desc_str
                0x1000db94       0x18 CMakeFiles/pico_can.dir/home/goncalo_gcosta/pico/pico-sdk/src/rp2_common/pico_stdio_usb/stdio_usb_descriptors.c.o
 .rodata.usbd_desc_cfg
                0x1000dbac       0x54 CMakeFiles/pico_can.dir/home/goncalo_gcosta/pico/pico-sdk/src/rp2_common/pico_stdio_usb/stdio_usb_descriptors.c.o
 .rodata.usbd_desc_device
                0x1000dc00       0x12 CMakeFiles/pico_can.dir/home/goncalo_gcosta/pico/pico-sdk/src/rp2_common/pico_stdio_usb/stdio_usb_descriptors.c.o
 .rodata.str1.4
                0x1000dc12       0x14 CMakeFiles/pico_can.dir/home/goncalo_gcosta/pico/pico-sdk/lib/tinyusb/src/portable/raspberrypi/rp2040/dcd_rp2040.c.o
 .rodata.str1.4
                0x1000dc12       0x48 CMakeFiles/pico_can.dir/home/goncalo_gcosta/pico/pico-sdk/lib/tinyusb/src/portable/raspberrypi/rp2040/rp2040_usb.c.o
 *fill*         0x1000dc12        0x2 
 .rodata._usbd_driver
                0x1000dc14       0x40 CMakeFiles/pico_can.dir/home/goncalo_gcosta/pico/pico-sdk/lib/tinyusb/src/device/usbd.c.o
 .rodata.str1.4
                0x1000dc54        0x9 /usr/lib/gcc/arm-none-eabi/13.2.1/../../../arm-none-eabi/lib/thumb/v8-m.main+fp/softfp/libg.a(libc_a-svfscanf.o)
 .rodata        0x1000dc54       0x22 /usr/lib/gcc/arm-none-eabi/13.2.1/../../../arm-none-eabi/lib/thumb/v8-m.main+fp/softfp/libg.a(libc_a-svfscanf.o)
 .rodata.str1.4
                0x1000dc76        0x1 /usr/lib/gcc/arm-none-eabi/13.2.1/../../../arm-none-eabi/lib/thumb/v8-m.main+fp/softfp/libg.a(libc_a-mbrtowc.o)
 *fill*         0x1000dc76        0x2 
 .rodata        0x1000dc78      0x101 /usr/lib/gcc/arm-none-eabi/13.2.1/../../../arm-none-eabi/lib/thumb/v8-m.main+fp/softfp/libg.a(libc_a-ctype_.o)
                0x1000dc78                _ctype_
 *fill*         0x1000dd79        0x3 
 .rodata        0x1000dd7c       0x22 /usr/lib/gcc/arm-none-eabi/13.2.1/../../../arm-none-eabi/lib/thumb/v8-m.main+fp/softfp/libg.a(libc_a-svfiscanf.o)
 .rodata.str1.4
                0x1000dd9e       0x15 /usr/lib/gcc/arm-none-eabi/13.2.1/../../../arm-none-eabi/lib/thumb/v8-m.main+fp/softfp/libg.a(libc_a-strtod.o)
 *fill*         0x1000dd9e        0x2 
 .rodata        0x1000dda0       0x50 /usr/lib/gcc/arm-none-eabi/13.2.1/../../../arm-none-eabi/lib/thumb/v8-m.main+fp/softfp/libg.a(libc_a-strtod.o)
 .rodata.str1.4
                0x1000ddf0       0x12 /usr/lib/gcc/arm-none-eabi/13.2.1/../../../arm-none-eabi/lib/thumb/v8-m.main+fp/softfp/libg.a(libc_a-locale.o)
 .rodata.str1.4
                0x1000ddf0       0x4c /usr/lib/gcc/arm-none-eabi/13.2.1/../../../arm-none-eabi/lib/thumb/v8-m.main+fp/softfp/libg.a(libc_a-gdtoa-gethex.o)
 .rodata        0x1000ddf0      0x100 /usr/lib/gcc/arm-none-eabi/13.2.1/../../../arm-none-eabi/lib/thumb/v8-m.main+fp/softfp/libg.a(libc_a-gdtoa-gethex.o)
                0x1000ddf0                __hexdig
 .rodata.str1.4
                0x1000def0       0x41 /usr/lib/gcc/arm-none-eabi/13.2.1/../../../arm-none-eabi/lib/thumb/v8-m.main+fp/softfp/libg.a(libc_a-mprec.o)
 .rodata        0x1000def0      0x128 /usr/lib/gcc/arm-none-eabi/13.2.1/../../../arm-none-eabi/lib/thumb/v8-m.main+fp/softfp/libg.a(libc_a-mprec.o)
                0x1000df00                __mprec_tens
                0x1000dfc8                __mprec_tinytens
                0x1000dff0                __mprec_bigtens
 *(.srodata*)
                0x1000e018                        . = ALIGN (0x4)
 *(SORT_BY_ALIGNMENT(SORT_BY_NAME(.flashdata*)))
                0x1000e018                        . = ALIGN (0x4)

.ARM.extab
 *(.ARM.extab* .gnu.linkonce.armextab.*)
                0x1000e018                        __exidx_start = .

.ARM.exidx      0x1000e018        0x8
 *(.ARM.exidx* .gnu.linkonce.armexidx.*)
 .ARM.exidx     0x1000e018        0x8 /usr/lib/gcc/arm-none-eabi/13.2.1/../../../arm-none-eabi/lib/thumb/v8-m.main+fp/softfp/libg.a(libc_a-memcpy.o)
 .ARM.exidx     0x1000e020        0x0 /usr/lib/gcc/arm-none-eabi/13.2.1/../../../arm-none-eabi/lib/thumb/v8-m.main+fp/softfp/libg.a(libc_a-strcmp.o)
                                  0x8 (size before relaxing)
 .ARM.exidx     0x1000e020        0x0 /usr/lib/gcc/arm-none-eabi/13.2.1/thumb/v8-m.main+fp/softfp/libgcc.a(_udivmoddi4.o)
                                  0x8 (size before relaxing)
                0x1000e020                        __exidx_end = .
                0x1000e020                        . = ALIGN (0x4)
                0x1000e020                        __binary_info_start = .

.binary_info    0x1000e020       0x20
 *(.binary_info.keep.*)
 .binary_info.keep.__bi_ptr84
                0x1000e020        0x4 CMakeFiles/pico_can.dir/home/goncalo_gcosta/pico/pico-sdk/src/rp2_common/pico_standard_binary_info/standard_binary_info.c.o
 .binary_info.keep.__bi_ptr78
                0x1000e024        0x4 CMakeFiles/pico_can.dir/home/goncalo_gcosta/pico/pico-sdk/src/rp2_common/pico_standard_binary_info/standard_binary_info.c.o
 .binary_info.keep.__bi_ptr54
                0x1000e028        0x4 CMakeFiles/pico_can.dir/home/goncalo_gcosta/pico/pico-sdk/src/rp2_common/pico_standard_binary_info/standard_binary_info.c.o
 .binary_info.keep.__bi_ptr48
                0x1000e02c        0x4 CMakeFiles/pico_can.dir/home/goncalo_gcosta/pico/pico-sdk/src/rp2_common/pico_standard_binary_info/standard_binary_info.c.o
 .binary_info.keep.__bi_ptr42
                0x1000e030        0x4 CMakeFiles/pico_can.dir/home/goncalo_gcosta/pico/pico-sdk/src/rp2_common/pico_standard_binary_info/standard_binary_info.c.o
 .binary_info.keep.__bi_ptr34
                0x1000e034        0x4 CMakeFiles/pico_can.dir/home/goncalo_gcosta/pico/pico-sdk/src/rp2_common/pico_standard_binary_info/standard_binary_info.c.o
 .binary_info.keep.__bi_ptr26
                0x1000e038        0x4 CMakeFiles/pico_can.dir/home/goncalo_gcosta/pico/pico-sdk/src/rp2_common/pico_standard_binary_info/standard_binary_info.c.o
 *(.binary_info.*)
 .binary_info.__bi_ptr197
                0x1000e03c        0x4 CMakeFiles/pico_can.dir/home/goncalo_gcosta/pico/pico-sdk/src/rp2_common/pico_stdio_usb/stdio_usb.c.o
                0x1000e040                        __binary_info_end = .
                0x1000e040                        . = ALIGN (0x4)

.ram_vector_table
                0x20000000      0x110
 *(.ram_vector_table)
 .ram_vector_table
                0x20000000      0x110 CMakeFiles/pico_can.dir/home/goncalo_gcosta/pico/pico-sdk/src/rp2_common/pico_runtime_init/runtime_init.c.o
                0x20000000                ram_vector_table

.uninitialized_data
                0x20000110        0x0
                0x20000110                        . = ALIGN (0x4)
 *(.uninitialized_data*)

.data           0x20000110     0x1c58 load address 0x1000e040
                0x20000110                        __data_start__ = .
 *(vtable)
 *(.time_critical*)
 .time_critical.mutex_try_enter
                0x20000110       0x50 CMakeFiles/pico_can.dir/home/goncalo_gcosta/pico/pico-sdk/src/common/pico_sync/mutex.c.o
                0x20000110                mutex_try_enter
 .time_critical.mutex_enter_block_until
                0x20000160       0x70 CMakeFiles/pico_can.dir/home/goncalo_gcosta/pico/pico-sdk/src/common/pico_sync/mutex.c.o
                0x20000160                mutex_enter_block_until
 .time_critical.mutex_try_enter_block_until
                0x200001d0       0x6c CMakeFiles/pico_can.dir/home/goncalo_gcosta/pico/pico-sdk/src/common/pico_sync/mutex.c.o
                0x200001d0                mutex_try_enter_block_until
 .time_critical.mutex_enter_timeout_ms
                0x2000023c       0x38 CMakeFiles/pico_can.dir/home/goncalo_gcosta/pico/pico-sdk/src/common/pico_sync/mutex.c.o
                0x2000023c                mutex_enter_timeout_ms
 .time_critical.mutex_exit
                0x20000274       0x3c CMakeFiles/pico_can.dir/home/goncalo_gcosta/pico/pico-sdk/src/common/pico_sync/mutex.c.o
                0x20000274                mutex_exit
 .time_critical.reset_non_control_endpoints
                0x200002b0       0x64 CMakeFiles/pico_can.dir/home/goncalo_gcosta/pico/pico-sdk/lib/tinyusb/src/portable/raspberrypi/rp2040/dcd_rp2040.c.o
 .time_critical.hw_handle_buff_status
                0x20000314       0x94 CMakeFiles/pico_can.dir/home/goncalo_gcosta/pico/pico-sdk/lib/tinyusb/src/portable/raspberrypi/rp2040/dcd_rp2040.c.o
 .time_critical.dcd_rp2040_irq
                0x200003a8      0x510 CMakeFiles/pico_can.dir/home/goncalo_gcosta/pico/pico-sdk/lib/tinyusb/src/portable/raspberrypi/rp2040/dcd_rp2040.c.o
 .time_critical.prepare_ep_buffer
                0x200008b8       0xd0 CMakeFiles/pico_can.dir/home/goncalo_gcosta/pico/pico-sdk/lib/tinyusb/src/portable/raspberrypi/rp2040/rp2040_usb.c.o
 .time_critical.sync_ep_buffer
                0x20000988       0xb8 CMakeFiles/pico_can.dir/home/goncalo_gcosta/pico/pico-sdk/lib/tinyusb/src/portable/raspberrypi/rp2040/rp2040_usb.c.o
 .time_critical._hw_endpoint_xfer_sync
                0x20000a40       0x2c CMakeFiles/pico_can.dir/home/goncalo_gcosta/pico/pico-sdk/lib/tinyusb/src/portable/raspberrypi/rp2040/rp2040_usb.c.o
 .time_critical.e15_is_bulkin_ep
                0x20000a6c       0x28 CMakeFiles/pico_can.dir/home/goncalo_gcosta/pico/pico-sdk/lib/tinyusb/src/portable/raspberrypi/rp2040/rp2040_usb.c.o
 .time_critical.e15_is_critical_frame_period
                0x20000a94       0x28 CMakeFiles/pico_can.dir/home/goncalo_gcosta/pico/pico-sdk/lib/tinyusb/src/portable/raspberrypi/rp2040/rp2040_usb.c.o
 .time_critical.hw_endpoint_reset_transfer
                0x20000abc        0xc CMakeFiles/pico_can.dir/home/goncalo_gcosta/pico/pico-sdk/lib/tinyusb/src/portable/raspberrypi/rp2040/rp2040_usb.c.o
                0x20000abc                hw_endpoint_reset_transfer
 .time_critical._hw_endpoint_buffer_control_update32
                0x20000ac8       0x44 CMakeFiles/pico_can.dir/home/goncalo_gcosta/pico/pico-sdk/lib/tinyusb/src/portable/raspberrypi/rp2040/rp2040_usb.c.o
                0x20000ac8                _hw_endpoint_buffer_control_update32
 .time_critical.hw_endpoint_start_next_buffer
                0x20000b0c       0x64 CMakeFiles/pico_can.dir/home/goncalo_gcosta/pico/pico-sdk/lib/tinyusb/src/portable/raspberrypi/rp2040/rp2040_usb.c.o
                0x20000b0c                hw_endpoint_start_next_buffer
 .time_critical.hw_endpoint_xfer_continue
                0x20000b70       0x3c CMakeFiles/pico_can.dir/home/goncalo_gcosta/pico/pico-sdk/lib/tinyusb/src/portable/raspberrypi/rp2040/rp2040_usb.c.o
                0x20000b70                hw_endpoint_xfer_continue
 .time_critical.tinyusb
                0x20000bac      0x224 CMakeFiles/pico_can.dir/home/goncalo_gcosta/pico/pico-sdk/lib/tinyusb/src/device/usbd.c.o
                0x20000bac                dcd_event_handler
 .time_critical.spi_write_read_blocking
                0x20000dd0       0x68 CMakeFiles/pico_can.dir/home/goncalo_gcosta/pico/pico-sdk/src/rp2_common/hardware_spi/spi.c.o
                0x20000dd0                spi_write_read_blocking
 .time_critical.spi_write_blocking
                0x20000e38       0x90 CMakeFiles/pico_can.dir/home/goncalo_gcosta/pico/pico-sdk/src/rp2_common/hardware_spi/spi.c.o
                0x20000e38                spi_write_blocking
 .time_critical.spi_read_blocking
                0x20000ec8       0x68 CMakeFiles/pico_can.dir/home/goncalo_gcosta/pico/pico-sdk/src/rp2_common/hardware_spi/spi.c.o
                0x20000ec8                spi_read_blocking
 *(.text*)
 .text          0x20000f30      0x378 /usr/lib/gcc/arm-none-eabi/13.2.1/thumb/v8-m.main+fp/softfp/libgcc.a(_arm_addsubdf3.o)
                0x20000f30                __aeabi_drsub
                0x20000f38                __aeabi_dsub
                0x20000f38                __subdf3
                0x20000f3c                __adddf3
                0x20000f3c                __aeabi_dadd
                0x200011b4                __aeabi_ui2d
                0x200011b4                __floatunsidf
                0x200011d4                __floatsidf
                0x200011d4                __aeabi_i2d
                0x200011f8                __extendsfdf2
                0x200011f8                __aeabi_f2d
                0x2000123c                __aeabi_ul2d
                0x2000123c                __floatundidf
                0x2000124c                __floatdidf
                0x2000124c                __aeabi_l2d
 .text          0x200012a8       0x30 /usr/lib/gcc/arm-none-eabi/13.2.1/thumb/v8-m.main+fp/softfp/libgcc.a(_aeabi_uldivmod.o)
                0x200012a8                __aeabi_uldivmod
 .text          0x200012d8      0x300 /usr/lib/gcc/arm-none-eabi/13.2.1/thumb/v8-m.main+fp/softfp/libgcc.a(_udivmoddi4.o)
                0x200012d8                __udivmoddi4
 .text          0x200015d8        0x4 /usr/lib/gcc/arm-none-eabi/13.2.1/thumb/v8-m.main+fp/softfp/libgcc.a(_dvmd_tls.o)
                0x200015d8                __aeabi_ldiv0
                0x200015d8                __aeabi_idiv0
 *fill*         0x200015dc        0x4 
 .text.__stub   0x200015e0       0x30 linker stubs
                0x20001610                        . = ALIGN (0x4)
 *(.rodata*)
                0x20001610                        . = ALIGN (0x4)
 *(.data*)
 .data.striped_spin_lock_num
                0x20001610        0x1 CMakeFiles/pico_can.dir/home/goncalo_gcosta/pico/pico-sdk/src/rp2_common/hardware_sync/sync.c.o
 *fill*         0x20001611        0x3 
 .data          0x20001614       0x48 CMakeFiles/pico_can.dir/home/goncalo_gcosta/pico/pico-sdk/src/rp2_common/hardware_irq/irq_handler_chain.S.o
                0x20001614                irq_handler_chain_slots
                0x20001644                irq_handler_chain_first_slot
                0x2000164e                irq_handler_chain_remove_tail
 .data.default_alarm_pool
                0x2000165c       0x18 CMakeFiles/pico_can.dir/home/goncalo_gcosta/pico/pico-sdk/src/common/pico_time/time.c.o
 .data.stdio_usb
                0x20001674       0x18 CMakeFiles/pico_can.dir/home/goncalo_gcosta/pico/pico-sdk/src/rp2_common/pico_stdio_usb/stdio_usb.c.o
                0x20001674                stdio_usb
 .data._usbd_qdef
                0x2000168c       0x1c CMakeFiles/pico_can.dir/home/goncalo_gcosta/pico/pico-sdk/lib/tinyusb/src/device/usbd.c.o
                0x2000168c                _usbd_qdef
 .data._usbd_rhport
                0x200016a8        0x1 CMakeFiles/pico_can.dir/home/goncalo_gcosta/pico/pico-sdk/lib/tinyusb/src/device/usbd.c.o
 *fill*         0x200016a9        0x7 
 .data          0x200016b0      0x128 /usr/lib/gcc/arm-none-eabi/13.2.1/../../../arm-none-eabi/lib/thumb/v8-m.main+fp/softfp/libg.a(libc_a-impure.o)
                0x200016b0                _impure_ptr
                0x200016b8                _impure_data
 .data          0x200017d8      0x410 /usr/lib/gcc/arm-none-eabi/13.2.1/../../../arm-none-eabi/lib/thumb/v8-m.main+fp/softfp/libg.a(libc_a-mallocr.o)
                0x200017d8                __malloc_av_
                0x20001be0                __malloc_sbrk_base
                0x20001be4                __malloc_trim_threshold
 .data          0x20001be8        0xc /usr/lib/gcc/arm-none-eabi/13.2.1/../../../arm-none-eabi/lib/thumb/v8-m.main+fp/softfp/libg.a(libc_a-findfp.o)
                0x20001be8                __sglue
 .data          0x20001bf4      0x16c /usr/lib/gcc/arm-none-eabi/13.2.1/../../../arm-none-eabi/lib/thumb/v8-m.main+fp/softfp/libg.a(libc_a-locale.o)
                0x20001bf4                __global_locale
 *(.sdata*)
                0x20001d60                        . = ALIGN (0x4)
 *(.after_data.*)
                0x20001d60                        . = ALIGN (0x4)
                0x20001d60                        PROVIDE (__mutex_array_start = .)
 *(SORT_BY_NAME(.mutex_array.*))
 *(.mutex_array)
 .mutex_array   0x20001d60        0x8 CMakeFiles/pico_can.dir/home/goncalo_gcosta/pico/pico-sdk/src/rp2_common/pico_stdio/stdio.c.o
                0x20001d68                        PROVIDE (__mutex_array_end = .)
 *(.jcr)
                0x20001d68                        . = ALIGN (0x4)

.tm_clone_table
                0x20001d68        0x0 load address 0x1000fc98
 .tm_clone_table
                0x20001d68        0x0 /usr/lib/gcc/arm-none-eabi/13.2.1/thumb/v8-m.main+fp/softfp/crtbegin.o
 .tm_clone_table