Archive member included to satisfy reference by file (symbol)

/usr/lib/gcc/arm-none-eabi/13.2.1/../../../arm-none-eabi/lib/thumb/v8-m.main+fp/softfp/libm.a(libm_a-wf_sqrt.o)
                              CMakeFiles/pico_can.dir/home/goncalo_gcosta/pico/pico-sdk/src/rp2_common/pico_float/float_math.c.o (sqrtf)
/usr/lib/gcc/arm-none-eabi/13.2.1/../../../arm-none-eabi/lib/thumb/v8-m.main+fp/softfp/libm.a(libm_a-ef_sqrt.o)
                              /usr/lib/gcc/arm-none-eabi/13.2.1/../../../arm-none-eabi/lib/thumb/v8-m.main+fp/softfp/libm.a(libm_a-wf_sqrt.o) (__ieee754_sqrtf)
/usr/lib/gcc/arm-none-eabi/13.2.1/thumb/v8-m.main+fp/softfp/libgcc.a(_arm_addsubdf3.o)
                              CMakeFiles/pico_can.dir/main.c.o (__aeabi_f2d)
/usr/lib/gcc/arm-none-eabi/13.2.1/thumb/v8-m.main+fp/softfp/libgcc.a(_aeabi_ldivmod.o)
                              CMakeFiles/pico_can.dir/home/goncalo_gcosta/pico/pico-sdk/src/common/pico_time/time.c.o (__aeabi_ldivmod)
/usr/lib/gcc/arm-none-eabi/13.2.1/thumb/v8-m.main+fp/softfp/libgcc.a(_aeabi_uldivmod.o)
                              CMakeFiles/pico_can.dir/home/goncalo_gcosta/pico/pico-sdk/src/rp2_common/hardware_clocks/clocks.c.o (__aeabi_uldivmod)
/usr/lib/gcc/arm-none-eabi/13.2.1/thumb/v8-m.main+fp/softfp/libgcc.a(_udivmoddi4.o)
                              /usr/lib/gcc/arm-none-eabi/13.2.1/thumb/v8-m.main+fp/softfp/libgcc.a(_aeabi_ldivmod.o) (__udivmoddi4)
/usr/lib/gcc/arm-none-eabi/13.2.1/thumb/v8-m.main+fp/softfp/libgcc.a(_dvmd_tls.o)
                              /usr/lib/gcc/arm-none-eabi/13.2.1/thumb/v8-m.main+fp/softfp/libgcc.a(_aeabi_ldivmod.o) (__aeabi_ldiv0)
/usr/lib/gcc/arm-none-eabi/13.2.1/../../../arm-none-eabi/lib/thumb/v8-m.main+fp/softfp/libg.a(libc_a-strncpy.o)
                              CMakeFiles/pico_can.dir/main.c.o (strncpy)
/usr/lib/gcc/arm-none-eabi/13.2.1/../../../arm-none-eabi/lib/thumb/v8-m.main+fp/softfp/libg.a(libc_a-memset.o)
                              /usr/lib/gcc/arm-none-eabi/13.2.1/../../../arm-none-eabi/lib/thumb/v8-m.main+fp/softfp/crt0.o (memset)
/usr/lib/gcc/arm-none-eabi/13.2.1/../../../arm-none-eabi/lib/thumb/v8-m.main+fp/softfp/libg.a(libc_a-sscanf.o)
                              CMakeFiles/pico_can.dir/main.c.o (sscanf)
/usr/lib/gcc/arm-none-eabi/13.2.1/../../../arm-none-eabi/lib/thumb/v8-m.main+fp/softfp/libg.a(libc_a-strncmp.o)
                              CMakeFiles/pico_can.dir/main.c.o (strncmp)
/usr/lib/gcc/arm-none-eabi/13.2.1/../../../arm-none-eabi/lib/thumb/v8-m.main+fp/softfp/libg.a(libc_a-calloc.o)
                              CMakeFiles/pico_can.dir/home/goncalo_gcosta/pico/pico-sdk/src/rp2_common/pico_malloc/malloc.c.o (calloc)
/usr/lib/gcc/arm-none-eabi/13.2.1/../../../arm-none-eabi/lib/thumb/v8-m.main+fp/softfp/libg.a(libc_a-errno.o)
                              /usr/lib/gcc/arm-none-eabi/13.2.1/../../../arm-none-eabi/lib/thumb/v8-m.main+fp/softfp/libm.a(libm_a-wf_sqrt.o) (__errno)
/usr/lib/gcc/arm-none-eabi/13.2.1/../../../arm-none-eabi/lib/thumb/v8-m.main+fp/softfp/libg.a(libc_a-impure.o)
                              /usr/lib/gcc/arm-none-eabi/13.2.1/../../../arm-none-eabi/lib/thumb/v8-m.main+fp/softfp/libg.a(libc_a-sscanf.o) (_impure_ptr)
/usr/lib/gcc/arm-none-eabi/13.2.1/../../../arm-none-eabi/lib/thumb/v8-m.main+fp/softfp/libg.a(libc_a-callocr.o)
                              /usr/lib/gcc/arm-none-eabi/13.2.1/../../../arm-none-eabi/lib/thumb/v8-m.main+fp/softfp/libg.a(libc_a-calloc.o) (_calloc_r)
/usr/lib/gcc/arm-none-eabi/13.2.1/../../../arm-none-eabi/lib/thumb/v8-m.main+fp/softfp/libg.a(libc_a-realloc.o)
                              CMakeFiles/pico_can.dir/home/goncalo_gcosta/pico/pico-sdk/src/rp2_common/pico_malloc/malloc.c.o (realloc)
/usr/lib/gcc/arm-none-eabi/13.2.1/../../../arm-none-eabi/lib/thumb/v8-m.main+fp/softfp/libg.a(libc_a-mallocr.o)
                              /usr/lib/gcc/arm-none-eabi/13.2.1/../../../arm-none-eabi/lib/thumb/v8-m.main+fp/softfp/libg.a(libc_a-callocr.o) (_malloc_r)
/usr/lib/gcc/arm-none-eabi/13.2.1/../../../arm-none-eabi/lib/thumb/v8-m.main+fp/softfp/libg.a(libc_a-freer.o)
                              /usr/lib/gcc/arm-none-eabi/13.2.1/../../../arm-none-eabi/lib/thumb/v8-m.main+fp/softfp/libg.a(libc_a-mallocr.o) (_free_r)
/usr/lib/gcc/arm-none-eabi/13.2.1/../../../arm-none-eabi/lib/thumb/v8-m.main+fp/softfp/libg.a(libc_a-svfscanf.o)
                              /usr/lib/gcc/arm-none-eabi/13.2.1/../../../arm-none-eabi/lib/thumb/v8-m.main+fp/softfp/libg.a(libc_a-sscanf.o) (__ssvfscanf_r)
/usr/lib/gcc/arm-none-eabi/13.2.1/../../../arm-none-eabi/lib/thumb/v8-m.main+fp/softfp/libg.a(libc_a-memcmp.o)
                              CMakeFiles/pico_can.dir/home/goncalo_gcosta/pico/pico-sdk/src/rp2_common/pico_atomic/atomic.c.o (memcmp)
/usr/lib/gcc/arm-none-eabi/13.2.1/../../../arm-none-eabi/lib/thumb/v8-m.main+fp/softfp/libg.a(libc_a-strtol.o)
[...]
Memory Configuration

Name             Origin             Length             Attributes
FLASH            0x10000000         0x00400000         xr
RAM              0x20000000         0x00080000         xrw
SCRATCH_X        0x20080000         0x00001000         xrw
SCRATCH_Y        0x20081000         0x00001000         xrw
*default*        0x00000000         0xffffffff

Linker script and memory map

LOAD /usr/lib/gcc/arm-none-eabi/13.2.1/thumb/v8-m.main+fp/softfp/crti.o
LOAD /usr/lib/gcc/arm-none-eabi/13.2.1/thumb/v8-m.main+fp/softfp/crtbegin.o
LOAD /usr/lib/gcc/arm-none-eabi/13.2.1/../../../arm-none-eabi/lib/thumb/v8-m.main+fp/softfp/crt0.o

.flash_begin    0x10000000        0x0
                0x10000000                        __flash_binary_start = .

.text           0x10000000     0xd5c4
                0x10000000                        __logical_binary_start = .
 *(.vectors)
 .vectors       0x10000000      0x124 CMakeFiles/pico_can.dir/home/goncalo_gcosta/pico/pico-sdk/src/rp2_common/pico_crt0/crt0.S.o
                0x10000000                __vectors
                0x10000000                __VECTOR_TABLE
                0x10000110                isr_invalid
                0x10000110                __default_isrs_start
                0x10000112                isr_nmi
                0x10000114                isr_hardfault
                0x10000116                isr_svcall
                0x10000118                isr_pendsv
                0x1000011a                isr_systick
                0x1000011c                isr_irq30
                0x1000011c                __unhandled_user_irq
                0x1000011c                isr_irq49
                0x1000011c                isr_irq13
                0x1000011c                isr_irq43
                0x1000011c                isr_irq45
                0x1000011c                isr_irq27
                0x1000011c                isr_irq32
                0x1000011c                isr_irq31
                0x1000011c                isr_irq5
                0x1000011c                isr_irq11
                0x1000011c                isr_irq23
                0x1000011c                isr_irq48
                0x1000011c                isr_irq35
                0x1000011c                isr_irq18
                0x1000011c                isr_irq50
                0x1000011c                isr_irq40
                0x1000011c                isr_irq28
                0x1000011c                isr_irq19
                0x1000011c                isr_irq36
                0x1000011c                isr_irq41
                0x1000011c                isr_irq0
                0x1000011c                isr_irq6
                0x1000011c                isr_irq37
                0x1000011c                isr_irq42
                0x1000011c                isr_irq22
                0x1000011c                isr_irq17
                0x1000011c                isr_irq38
                0x1000011c                isr_irq14
                0x1000011c                isr_irq2
                0x1000011c                isr_irq10
                0x1000011c                isr_irq8
                0x1000011c                isr_irq24
                0x1000011c                isr_irq46
                0x1000011c                isr_irq1
                0x1000011c                isr_irq47
                0x1000011c                isr_irq51
                0x1000011c                isr_irq7
                0x1000011c                isr_irq21
                0x1000011c                isr_irq39
                0x1000011c                isr_irq20
                0x1000011c                isr_irq15
                0x1000011c                isr_irq25
                0x1000011c                isr_irq34
                0x1000011c                isr_irq4
                0x1000011c                isr_irq16
                0x1000011c                isr_irq44
                0x1000011c                isr_irq29
                0x1000011c                isr_irq26
                0x1000011c                __default_isrs_end
                0x1000011c                isr_irq33
                0x1000011c                isr_irq3
                0x1000011c                isr_irq12
                0x1000011c                isr_irq9
                0x10000122                unhandled_user_irq_num_in_r0
 *(.binary_info_header)
 .binary_info_header
                0x10000124       0x14 CMakeFiles/pico_can.dir/home/goncalo_gcosta/pico/pico-sdk/src/rp2_common/pico_crt0/crt0.S.o
                0x10000138                        __binary_info_header_end = .
 *(.embedded_block)
 .embedded_block
                0x10000138       0x14 CMakeFiles/pico_can.dir/home/goncalo_gcosta/pico/pico-sdk/src/rp2_common/pico_crt0/crt0.S.o
                0x1000014c                        __embedded_block_end = .
 *(.reset)
 .reset         0x1000014c       0xa0 CMakeFiles/pico_can.dir/home/goncalo_gcosta/pico/pico-sdk/src/rp2_common/pico_crt0/crt0.S.o
                0x1000014c                _entry_point
 *(.init)
 .init          0x100001ec        0x4 /usr/lib/gcc/arm-none-eabi/13.2.1/thumb/v8-m.main+fp/softfp/crti.o
                0x100001ec                _init
 *libgcc.a:cmse_nonsecure_call.o()
 *(EXCLUDE_FILE(*libm.a: *libc.a:*lib_a-mem*.o *libgcc.a:) .text*)
 .text          0x100001f0       0x8c /usr/lib/gcc/arm-none-eabi/13.2.1/thumb/v8-m.main+fp/softfp/crtbegin.o
 .text.mcp2515_write_reg
                0x1000027c       0x38 CMakeFiles/pico_can.dir/main.c.o
 .text.comm_can_transmit_eid_motor.isra.0
                0x100002b4      0x160 CMakeFiles/pico_can.dir/main.c.o
 .text.startup.main
                0x10000414      0xa3c CMakeFiles/pico_can.dir/main.c.o
                0x10000414                main
 .text.gpio_set_function
                0x10000e50       0x3c CMakeFiles/pico_can.dir/home/goncalo_gcosta/pico/pico-sdk/src/rp2_common/hardware_gpio/gpio.c.o
                0x10000e50                gpio_set_function
 .text.gpio_init
                0x10000e8c       0x48 CMakeFiles/pico_can.dir/home/goncalo_gcosta/pico/pico-sdk/src/rp2_common/hardware_gpio/gpio.c.o
                0x10000e8c                gpio_init
 .text.panic    0x10000ed4       0x30 CMakeFiles/pico_can.dir/home/goncalo_gcosta/pico/pico-sdk/src/rp2_common/pico_platform_panic/panic.c.o
                0x10000ed4                panic
 .text.hw_claim_or_assert
                0x10000f04       0x58 CMakeFiles/pico_can.dir/home/goncalo_gcosta/pico/pico-sdk/src/common/hardware_claim/claim.c.o
                0x10000f04                hw_claim_or_assert
 .text.hw_claim_unused_from_range
                0x10000f5c       0x9c CMakeFiles/pico_can.dir/home/goncalo_gcosta/pico/pico-sdk/src/common/hardware_claim/claim.c.o
                0x10000f5c                hw_claim_unused_from_range
 .text.next_striped_spin_lock_num
                0x10000ff8       0x18 CMakeFiles/pico_can.dir/home/goncalo_gcosta/pico/pico-sdk/src/rp2_common/hardware_sync/sync.c.o
                0x10000ff8                next_striped_spin_lock_num
 .text.spin_lock_claim_unused
                0x10001010       0x20 CMakeFiles/pico_can.dir/home/goncalo_gcosta/pico/pico-sdk/src/rp2_common/hardware_sync/sync.c.o
                0x10001010                spin_lock_claim_unused
 .text.spinlock_set_extexclall
                0x10001030       0x10 CMakeFiles/pico_can.dir/home/goncalo_gcosta/pico/pico-sdk/src/rp2_common/hardware_sync_spin_lock/sync_spin_lock.c.o
 .text.spin_locks_reset
                0x10001040       0x18 CMakeFiles/pico_can.dir/home/goncalo_gcosta/pico/pico-sdk/src/rp2_common/hardware_sync_spin_lock/sync_spin_lock.c.o
                0x10001040                spin_locks_reset
 .text.runtime_init_per_core_irq_priorities
                0x10001058       0x40 CMakeFiles/pico_can.dir/home/goncalo_gcosta/pico/pico-sdk/src/rp2_common/hardware_irq/irq.c.o
                0x10001058                runtime_init_per_core_irq_priorities
 .text.irq_set_enabled
                0x10001098       0x2c CMakeFiles/pico_can.dir/home/goncalo_gcosta/pico/pico-sdk/src/rp2_common/hardware_irq/irq.c.o
                0x10001098                irq_set_enabled
 .text.irq_is_enabled
                0x100010c4       0x20 CMakeFiles/pico_can.dir/home/goncalo_gcosta/pico/pico-sdk/src/rp2_common/hardware_irq/irq.c.o
                0x100010c4                irq_is_enabled
 .text.irq_set_pending
                0x100010e4       0x18 CMakeFiles/pico_can.dir/home/goncalo_gcosta/pico/pico-sdk/src/rp2_common/hardware_irq/irq.c.o
                0x100010e4                irq_set_pending
 .text.irq_has_shared_handler
                0x100010fc       0x20 CMakeFiles/pico_can.dir/home/goncalo_gcosta/pico/pico-sdk/src/rp2_common/hardware_irq/irq.c.o
                0x100010fc                irq_has_shared_handler
 .text.irq_set_exclusive_handler
                0x1000111c       0x60 CMakeFiles/pico_can.dir/home/goncalo_gcosta/pico/pico-sdk/src/rp2_common/hardware_irq/irq.c.o
                0x1000111c                irq_set_exclusive_handler
 .text.irq_add_shared_handler
                0x1000117c      0x1e8 CMakeFiles/pico_can.dir/home/goncalo_gcosta/pico/pico-sdk/src/rp2_common/hardware_irq/irq.c.o
                0x1000117c                irq_add_shared_handler
 .text.irq_add_tail_to_free_list
                0x10001364       0xbc CMakeFiles/pico_can.dir/home/goncalo_gcosta/pico/pico-sdk/src/rp2_common/hardware_irq/irq.c.o
                0x10001364                irq_add_tail_to_free_list
 .text.user_irq_claim_unused
                0x10001420       0x28 CMakeFiles/pico_can.dir/home/goncalo_gcosta/pico/pico-sdk/src/rp2_common/hardware_irq/irq.c.o
                0x10001420                user_irq_claim_unused
 .text.lock_init
                0x10001448        0xc CMakeFiles/pico_can.dir/home/goncalo_gcosta/pico/pico-sdk/src/common/pico_sync/lock_core.c.o
                0x10001448                lock_init
 .text.runtime_init_mutex
                0x10001454       0x4c CMakeFiles/pico_can.dir/home/goncalo_gcosta/pico/pico-sdk/src/common/pico_sync/mutex.c.o
                0x10001454                runtime_init_mutex
 .text.mutex_init
                0x100014a0       0x1c CMakeFiles/pico_can.dir/home/goncalo_gcosta/pico/pico-sdk/src/common/pico_sync/mutex.c.o
                0x100014a0                mutex_init
 .text.critical_section_init
                0x100014bc       0x1c CMakeFiles/pico_can.dir/home/goncalo_gcosta/pico/pico-sdk/src/common/pico_sync/critical_section.c.o
                0x100014bc                critical_section_init
 .text.critical_section_init_with_lock_num
                0x100014d8       0x10 CMakeFiles/pico_can.dir/home/goncalo_gcosta/pico/pico-sdk/src/common/pico_sync/critical_section.c.o
                0x100014d8                critical_section_init_with_lock_num
 .text.sleep_until_callback
                0x100014e8       0x3c CMakeFiles/pico_can.dir/home/goncalo_gcosta/pico/pico-sdk/src/common/pico_time/time.c.o
 *fill*         0x10001524        0x4 
 .text.alarm_pool_irq_handler
                0x10001528      0x2f0 CMakeFiles/pico_can.dir/home/goncalo_gcosta/pico/pico-sdk/src/common/pico_time/time.c.o
 .text.runtime_init_default_alarm_pool
                0x10001818      0x100 CMakeFiles/pico_can.dir/home/goncalo_gcosta/pico/pico-sdk/src/common/pico_time/time.c.o
                0x10001818                runtime_init_default_alarm_pool
 .text.alarm_pool_get_default
                0x10001918        0x8 CMakeFiles/pico_can.dir/home/goncalo_gcosta/pico/pico-sdk/src/common/pico_time/time.c.o
                0x10001918                alarm_pool_get_default
 .text.alarm_pool_add_alarm_at
                0x10001920       0xdc CMakeFiles/pico_can.dir/home/goncalo_gcosta/pico/pico-sdk/src/common/pico_time/time.c.o
                0x10001920                alarm_pool_add_alarm_at
 .text.alarm_pool_add_alarm_at_force_in_context
                0x100019fc       0xc8 CMakeFiles/pico_can.dir/home/goncalo_gcosta/pico/pico-sdk/src/common/pico_time/time.c.o
                0x100019fc                alarm_pool_add_alarm_at_force_in_context
 .text.alarm_pool_cancel_alarm
                0x10001ac4       0x80 CMakeFiles/pico_can.dir/home/goncalo_gcosta/pico/pico-sdk/src/common/pico_time/time.c.o
                0x10001ac4                alarm_pool_cancel_alarm
 .text.alarm_pool_core_num
                0x10001b44        0x4 CMakeFiles/pico_can.dir/home/goncalo_gcosta/pico/pico-sdk/src/common/pico_time/time.c.o
                0x10001b44                alarm_pool_core_num
 .text.sleep_until
                0x10001b48       0xbc CMakeFiles/pico_can.dir/home/goncalo_gcosta/pico/pico-sdk/src/common/pico_time/time.c.o
                0x10001b48                sleep_until
 .text.sleep_ms
                0x10001c04       0x2c CMakeFiles/pico_can.dir/home/goncalo_gcosta/pico/pico-sdk/src/common/pico_time/time.c.o
                0x10001c04                sleep_ms
 .text.best_effort_wfe_or_timeout
                0x10001c30       0xbc CMakeFiles/pico_can.dir/home/goncalo_gcosta/pico/pico-sdk/src/common/pico_time/time.c.o
                0x10001c30                best_effort_wfe_or_timeout
 .text.timer_hardware_alarm_claim
                0x10001cec       0x24 CMakeFiles/pico_can.dir/home/goncalo_gcosta/pico/pico-sdk/src/rp2_common/hardware_timer/timer.c.o
                0x10001cec                timer_hardware_alarm_claim
 .text.timer_time_us_64
                0x10001d10       0x10 CMakeFiles/pico_can.dir/home/goncalo_gcosta/pico/pico-sdk/src/rp2_common/hardware_timer/timer.c.o
                0x10001d10                timer_time_us_64
 .text.time_us_64
                0x10001d20       0x14 CMakeFiles/pico_can.dir/home/goncalo_gcosta/pico/pico-sdk/src/rp2_common/hardware_timer/timer.c.o
                0x10001d20                time_us_64
 .text.busy_wait_us
                0x10001d34       0x64 CMakeFiles/pico_can.dir/home/goncalo_gcosta/pico/pico-sdk/src/rp2_common/hardware_timer/timer.c.o
                0x10001d34                busy_wait_us
 .text.busy_wait_until
                0x10001d98       0x24 CMakeFiles/pico_can.dir/home/goncalo_gcosta/pico/pico-sdk/src/rp2_common/hardware_timer/timer.c.o
                0x10001d98                busy_wait_until
 .text.clock_configure_undivided
                0x10001dbc       0xd0 CMakeFiles/pico_can.dir/home/goncalo_gcosta/pico/pico-sdk/src/rp2_common/hardware_clocks/clocks.c.o
                0x10001dbc                clock_configure_undivided
 .text.clock_get_hz
                0x10001e8c        0xc CMakeFiles/pico_can.dir/home/goncalo_gcosta/pico/pico-sdk/src/rp2_common/hardware_clocks/clocks.c.o
                0x10001e8c                clock_get_hz
 .text.pll_init
                0x10001e98       0x8c CMakeFiles/pico_can.dir/home/goncalo_gcosta/pico/pico-sdk/src/rp2_common/hardware_pll/pll.c.o
                0x10001e98                pll_init
 .text.watchdog_reboot
                0x10001f24       0x98 CMakeFiles/pico_can.dir/home/goncalo_gcosta/pico/pico-sdk/src/rp2_common/hardware_watchdog/watchdog.c.o
                0x10001f24                watchdog_reboot
 .text.tick_start
                0x10001fbc       0x18 CMakeFiles/pico_can.dir/home/goncalo_gcosta/pico/pico-sdk/src/rp2_common/hardware_ticks/ticks.c.o
                0x10001fbc                tick_start
 .text.rom_reboot.constprop.0.isra.0
                0x10001fd4       0x34 CMakeFiles/pico_can.dir/home/goncalo_gcosta/pico/pico-sdk/src/rp2_common/pico_bootrom/bootrom.c.o
 .text.rom_func_lookup
                0x10002008       0x18 CMakeFiles/pico_can.dir/home/goncalo_gcosta/pico/pico-sdk/src/rp2_common/pico_bootrom/bootrom.c.o
                0x10002008                rom_func_lookup
 .text.rom_reset_usb_boot_extra
                0x10002020       0x1c CMakeFiles/pico_can.dir/home/goncalo_gcosta/pico/pico-sdk/src/rp2_common/pico_bootrom/bootrom.c.o
                0x10002020                rom_reset_usb_boot_extra
 .text.runtime_init_bootrom_locking_enable
                0x1000203c       0x14 CMakeFiles/pico_can.dir/home/goncalo_gcosta/pico/pico-sdk/src/rp2_common/pico_bootrom/bootrom_lock.c.o
                0x1000203c                runtime_init_bootrom_locking_enable
 .text.runtime_init_boot_locks_reset
                0x10002050       0x1c CMakeFiles/pico_can.dir/home/goncalo_gcosta/pico/pico-sdk/src/rp2_common/hardware_boot_lock/boot_lock.c.o
                0x10002050                runtime_init_boot_locks_reset
 .text.xosc_init
                0x1000206c       0x30 CMakeFiles/pico_can.dir/home/goncalo_gcosta/pico/pico-sdk/src/rp2_common/hardware_xosc/xosc.c.o
                0x1000206c                xosc_init
 .text.first_per_core_initializer
                0x1000209c        0x4 CMakeFiles/pico_can.dir/home/goncalo_gcosta/pico/pico-sdk/src/rp2_common/pico_runtime/runtime.c.o
 .text.hard_assertion_failure
                0x100020a0        0xc CMakeFiles/pico_can.dir/home/goncalo_gcosta/pico/pico-sdk/src/rp2_common/pico_runtime/runtime.c.o
                0x100020a0                hard_assertion_failure
 .text.runtime_run_initializers
                0x100020ac       0x20 CMakeFiles/pico_can.dir/home/goncalo_gcosta/pico/pico-sdk/src/rp2_common/pico_runtime/runtime.c.o
                0x100020ac                runtime_run_initializers
 .text.runtime_init_early_resets
                0x100020cc       0x34 CMakeFiles/pico_can.dir/home/goncalo_gcosta/pico/pico-sdk/src/rp2_common/pico_runtime_init/runtime_init.c.o
                0x100020cc                runtime_init_early_resets
 .text.runtime_init_usb_power_down
                0x10002100       0x1c CMakeFiles/pico_can.dir/home/goncalo_gcosta/pico/pico-sdk/src/rp2_common/pico_runtime_init/runtime_init.c.o
                0x10002100                runtime_init_usb_power_down
 .text.runtime_init_per_core_enable_coprocessors
                0x1000211c       0x1c CMakeFiles/pico_can.dir/home/goncalo_gcosta/pico/pico-sdk/src/rp2_common/pico_runtime_init/runtime_init.c.o
                0x1000211c                runtime_init_per_core_enable_coprocessors
 .text.runtime_init_post_clock_resets
                0x10002138       0x20 CMakeFiles/pico_can.dir/home/goncalo_gcosta/pico/pico-sdk/src/rp2_common/pico_runtime_init/runtime_init.c.o
                0x10002138                runtime_init_post_clock_resets
 .text.runtime_init_bootrom_reset
                0x10002158       0x14 CMakeFiles/pico_can.dir/home/goncalo_gcosta/pico/pico-sdk/src/rp2_common/pico_runtime_init/runtime_init.c.o
                0x10002158                runtime_init_bootrom_reset
 .text.runtime_init_per_core_bootrom_reset
                0x1000216c       0x14 CMakeFiles/pico_can.dir/home/goncalo_gcosta/pico/pico-sdk/src/rp2_common/pico_runtime_init/runtime_init.c.o
                0x1000216c                runtime_init_per_core_bootrom_reset
 .text.runtime_init_spin_locks_reset
                0x10002180        0x4 CMakeFiles/pico_can.dir/home/goncalo_gcosta/pico/pico-sdk/src/rp2_common/pico_runtime_init/runtime_init.c.o
                0x10002180                runtime_init_spin_locks_reset
 .text.runtime_init_install_ram_vector_table
                0x10002184       0x20 CMakeFiles/pico_can.dir/home/goncalo_gcosta/pico/pico-sdk/src/rp2_common/pico_runtime_init/runtime_init.c.o
                0x10002184                runtime_init_install_ram_vector_table
 .text.runtime_init_clocks
                0x100021a4       0xdc CMakeFiles/pico_can.dir/home/goncalo_gcosta/pico/pico-sdk/src/rp2_common/pico_runtime_init/runtime_init_clocks.c.o
                0x100021a4                runtime_init_clocks
 .text.__rp2350_dcp_engaged_state_save_restore
                0x10002280       0x3a CMakeFiles/pico_can.dir/home/goncalo_gcosta/pico/pico-sdk/src/rp2_common/pico_double/double_aeabi_dcp.S.o
 *fill*         0x100022ba        0x2 
 .text.__wrap___aeabi_dadd
                0x100022bc       0x28 CMakeFiles/pico_can.dir/home/goncalo_gcosta/pico/pico-sdk/src/rp2_common/pico_double/double_aeabi_dcp.S.o
                0x100022c4                __wrap___aeabi_dadd
 .text.__wrap___aeabi_dsub
                0x100022e4       0x28 CMakeFiles/pico_can.dir/home/goncalo_gcosta/pico/pico-sdk/src/rp2_common/pico_double/double_aeabi_dcp.S.o
                0x100022ec                __wrap___aeabi_dsub
 .text.__wrap___aeabi_dmul
                0x1000230c       0x4c CMakeFiles/pico_can.dir/home/goncalo_gcosta/pico/pico-sdk/src/rp2_common/pico_double/double_aeabi_dcp.S.o
                0x10002314                __wrap___aeabi_dmul
 .text.__wrap___aeabi_ddiv
                0x10002358       0x9c CMakeFiles/pico_can.dir/home/goncalo_gcosta/pico/pico-sdk/src/rp2_common/pico_double/double_aeabi_dcp.S.o
                0x10002360                __wrap___aeabi_ddiv
 .text.__wrap___aeabi_d2f
                0x100023f4       0x1c CMakeFiles/pico_can.dir/home/goncalo_gcosta/pico/pico-sdk/src/rp2_common/pico_double/double_aeabi_dcp.S.o
                0x100023fc                double2float
                0x100023fc                __wrap___aeabi_d2f
 .text.__wrap___aeabi_i2d
                0x10002410       0x24 CMakeFiles/pico_can.dir/home/goncalo_gcosta/pico/pico-sdk/src/rp2_common/pico_double/double_aeabi_dcp.S.o
                0x10002418                __wrap___aeabi_i2d
                0x10002418                int2double
 .text.__wrap___aeabi_ui2d
                0x10002434       0x24 CMakeFiles/pico_can.dir/home/goncalo_gcosta/pico/pico-sdk/src/rp2_common/pico_double/double_aeabi_dcp.S.o
                0x1000243c                __wrap___aeabi_ui2d
                0x1000243c                uint2double
 .text.__wrap___aeabi_d2iz
                0x10002458       0x24 CMakeFiles/pico_can.dir/home/goncalo_gcosta/pico/pico-sdk/src/rp2_common/pico_double/double_aeabi_dcp.S.o
                0x10002460                __wrap___aeabi_d2iz
                0x10002460                double2int_z
 .text.__wrap___aeabi_d2uiz
                0x1000247c       0x24 CMakeFiles/pico_can.dir/home/goncalo_gcosta/pico/pico-sdk/src/rp2_common/pico_double/double_aeabi_dcp.S.o
                0x10002484                double2uint_z
                0x10002484                double2uint
                0x10002484                __wrap___aeabi_d2uiz
 .text.__wrap___aeabi_dcmpun
                0x100024a0       0x24 CMakeFiles/pico_can.dir/home/goncalo_gcosta/pico/pico-sdk/src/rp2_common/pico_double/double_aeabi_dcp.S.o
                0x100024a8                __wrap___aeabi_dcmpun
 .text.__wrap___aeabi_dcmpeq
                0x100024c4       0x24 CMakeFiles/pico_can.dir/home/goncalo_gcosta/pico/pico-sdk/src/rp2_common/pico_double/double_aeabi_dcp.S.o
                0x100024cc                __wrap___aeabi_dcmpeq
 .text.__wrap___aeabi_dcmplt
                0x100024e8       0x28 CMakeFiles/pico_can.dir/home/goncalo_gcosta/pico/pico-sdk/src/rp2_common/pico_double/double_aeabi_dcp.S.o
                0x100024f0                __wrap___aeabi_dcmplt
 .text.__wrap___aeabi_dcmple
                0x10002510       0x28 CMakeFiles/pico_can.dir/home/goncalo_gcosta/pico/pico-sdk/src/rp2_common/pico_double/double_aeabi_dcp.S.o
                0x10002518                __wrap___aeabi_dcmple
 .text.__wrap___aeabi_dcmpge
                0x10002538       0x28 CMakeFiles/pico_can.dir/home/goncalo_gcosta/pico/pico-sdk/src/rp2_common/pico_double/double_aeabi_dcp.S.o
                0x10002540                __wrap___aeabi_dcmpge
 .text.__wrap___aeabi_dcmpgt
                0x10002560       0x28 CMakeFiles/pico_can.dir/home/goncalo_gcosta/pico/pico-sdk/src/rp2_common/pico_double/double_aeabi_dcp.S.o
                0x10002568                __wrap___aeabi_dcmpgt
 .text.__wrap_conv_tod
                0x10002588      0x20c CMakeFiles/pico_can.dir/home/goncalo_gcosta/pico/pico-sdk/src/rp2_common/pico_double/double_conv_m33.S.o
                0x10002588                __wrap___aeabi_l2d
                0x10002588                int642double
                0x1000258a                fix642double
                0x1000262e                uint642double
                0x1000262e                __wrap___aeabi_ul2d
                0x10002630                ufix642double
                0x100026c4                fix2double
                0x10002734                ufix2double
 .text.__wrap_conv_dtoi64_z
                0x10002794       0xa0 CMakeFiles/pico_can.dir/home/goncalo_gcosta/pico/pico-sdk/src/rp2_common/pico_double/double_conv_m33.S.o
                0x10002794                __wrap___aeabi_d2lz
                0x10002794                double2int64_z
                0x10002796                double2fix64_z
 .text._out_buffer
                0x10002834        0x8 CMakeFiles/pico_can.dir/home/goncalo_gcosta/pico/pico-sdk/src/rp2_common/pico_printf/printf.c.o
 .text._out_null
                0x1000283c        0x4 CMakeFiles/pico_can.dir/home/goncalo_gcosta/pico/pico-sdk/src/rp2_common/pico_printf/printf.c.o
 .text._out_rev
                0x10002840       0x9c CMakeFiles/pico_can.dir/home/goncalo_gcosta/pico/pico-sdk/src/rp2_common/pico_printf/printf.c.o
 .text._ntoa_format
                0x100028dc      0x2a4 CMakeFiles/pico_can.dir/home/goncalo_gcosta/pico/pico-sdk/src/rp2_common/pico_printf/printf.c.o
 .text._out_char
                0x10002b80        0x8 CMakeFiles/pico_can.dir/home/goncalo_gcosta/pico/pico-sdk/src/rp2_common/pico_printf/printf.c.o
 .text._out_fct
                0x10002b88        0xc CMakeFiles/pico_can.dir/home/goncalo_gcosta/pico/pico-sdk/src/rp2_common/pico_printf/printf.c.o
 *fill*         0x10002b94        0x4 
 .text._etoa    0x10002b98      0x460 CMakeFiles/pico_can.dir/home/goncalo_gcosta/pico/pico-sdk/src/rp2_common/pico_printf/printf.c.o
 .text._ftoa    0x10002ff8      0x3f4 CMakeFiles/pico_can.dir/home/goncalo_gcosta/pico/pico-sdk/src/rp2_common/pico_printf/printf.c.o
 .text._vsnprintf
                0x100033ec      0x9e8 CMakeFiles/pico_can.dir/home/goncalo_gcosta/pico/pico-sdk/src/rp2_common/pico_printf/printf.c.o
 .text.__wrap_sprintf
                0x10003dd4       0x2c CMakeFiles/pico_can.dir/home/goncalo_gcosta/pico/pico-sdk/src/rp2_common/pico_printf/printf.c.o
                0x10003dd4                __wrap_sprintf
 .text.vfctprintf
                0x10003e00       0x28 CMakeFiles/pico_can.dir/home/goncalo_gcosta/pico/pico-sdk/src/rp2_common/pico_printf/printf.c.o
                0x10003e00                vfctprintf
 .text.weak_raw_printf
                0x10003e28       0x48 CMakeFiles/pico_can.dir/home/goncalo_gcosta/pico/pico-sdk/src/rp2_common/pico_printf/printf.c.o
                0x10003e28                weak_raw_printf
 .text.weak_raw_vprintf
                0x10003e70       0x30 CMakeFiles/pico_can.dir/home/goncalo_gcosta/pico/pico-sdk/src/rp2_common/pico_printf/printf.c.o
                0x10003e70                weak_raw_vprintf
 .text._exit    0x10003ea0        0x4 CMakeFiles/pico_can.dir/home/goncalo_gcosta/pico/pico-sdk/src/rp2_common/pico_clib_interface/newlib_interface.c.o
                0x10003ea0                _exit
 .text._sbrk    0x10003ea4       0x2c CMakeFiles/pico_can.dir/home/goncalo_gcosta/pico/pico-sdk/src/rp2_common/pico_clib_interface/newlib_interface.c.o
                0x10003ea4                _sbrk
 .text._read    0x10003ed0       0x1c CMakeFiles/pico_can.dir/home/goncalo_gcosta/pico/pico-sdk/src/rp2_common/pico_clib_interface/newlib_interface.c.o
                0x10003ed0                _read
 .text._write   0x10003eec       0x20 CMakeFiles/pico_can.dir/home/goncalo_gcosta/pico/pico-sdk/src/rp2_common/pico_clib_interface/newlib_interface.c.o
                0x10003eec                _write
 .text._close   0x10003f0c        0x8 CMakeFiles/pico_can.dir/home/goncalo_gcosta/pico/pico-sdk/src/rp2_common/pico_clib_interface/newlib_interface.c.o
                0x10003f0c                _close
 .text._lseek   0x10003f14        0x8 CMakeFiles/pico_can.dir/home/goncalo_gcosta/pico/pico-sdk/src/rp2_common/pico_clib_interface/newlib_interface.c.o
                0x10003f14                _lseek
 .text.exit     0x10003f1c        0x8 CMakeFiles/pico_can.dir/home/goncalo_gcosta/pico/pico-sdk/src/rp2_common/pico_clib_interface/newlib_interface.c.o
                0x10003f1c                exit
 .text.__assert_func
                0x10003f24       0x34 CMakeFiles/pico_can.dir/home/goncalo_gcosta/pico/pico-sdk/src/rp2_common/pico_clib_interface/newlib_interface.c.o
                0x10003f24                __assert_func
 .text.runtime_init
                0x10003f58       0x24 CMakeFiles/pico_can.dir/home/goncalo_gcosta/pico/pico-sdk/src/rp2_common/pico_clib_interface/newlib_interface.c.o
                0x10003f58                runtime_init
 .text.stdio_out_chars_no_crlf
                0x10003f7c        0x8 CMakeFiles/pico_can.dir/home/goncalo_gcosta/pico/pico-sdk/src/rp2_common/pico_stdio/stdio.c.o
 .text.stdio_out_chars_crlf
                0x10003f84       0xac CMakeFiles/pico_can.dir/home/goncalo_gcosta/pico/pico-sdk/src/rp2_common/pico_stdio/stdio.c.o
 .text.stdio_buffered_printer
                0x10004030       0x60 CMakeFiles/pico_can.dir/home/goncalo_gcosta/pico/pico-sdk/src/rp2_common/pico_stdio/stdio.c.o
 .text.stdio_put_string
                0x10004090       0xf0 CMakeFiles/pico_can.dir/home/goncalo_gcosta/pico/pico-sdk/src/rp2_common/pico_stdio/stdio.c.o
                0x10004090                stdio_put_string
 .text.stdio_get_until
                0x10004180       0x7c CMakeFiles/pico_can.dir/home/goncalo_gcosta/pico/pico-sdk/src/rp2_common/pico_stdio/stdio.c.o
                0x10004180                stdio_get_until
 .text.stdio_set_driver_enabled
                0x100041fc       0x30 CMakeFiles/pico_can.dir/home/goncalo_gcosta/pico/pico-sdk/src/rp2_common/pico_stdio/stdio.c.o
                0x100041fc                stdio_set_driver_enabled
 .text.stdio_init_all
                0x1000422c        0x4 CMakeFiles/pico_can.dir/home/goncalo_gcosta/pico/pico-sdk/src/rp2_common/pico_stdio/stdio.c.o
                0x1000422c                stdio_init_all
 .text.stdio_getchar_timeout_us
                0x10004230       0x8c CMakeFiles/pico_can.dir/home/goncalo_gcosta/pico/pico-sdk/src/rp2_common/pico_stdio/stdio.c.o
                0x10004230                stdio_getchar_timeout_us
 .text.__wrap_putchar
                0x100042bc       0x84 CMakeFiles/pico_can.dir/home/goncalo_gcosta/pico/pico-sdk/src/rp2_common/pico_stdio/stdio.c.o
                0x100042bc                stdio_putchar
                0x100042bc                __wrap_putchar
 .text.__wrap_puts
                0x10004340       0x3c CMakeFiles/pico_can.dir/home/goncalo_gcosta/pico/pico-sdk/src/rp2_common/pico_stdio/stdio.c.o
                0x10004340                __wrap_puts
                0x10004340                stdio_puts
 .text.__wrap_vprintf
                0x1000437c       0xc8 CMakeFiles/pico_can.dir/home/goncalo_gcosta/pico/pico-sdk/src/rp2_common/pico_stdio/stdio.c.o
                0x1000437c                __wrap_vprintf
                0x1000437c                stdio_vprintf
 .text.__wrap_printf
                0x10004444       0x1c CMakeFiles/pico_can.dir/home/goncalo_gcosta/pico/pico-sdk/src/rp2_common/pico_stdio/stdio.c.o
                0x10004444                stdio_printf
                0x10004444                __wrap_printf
 .text.resetd_init
                0x10004460        0x4 CMakeFiles/pico_can.dir/home/goncalo_gcosta/pico/pico-sdk/src/rp2_common/pico_stdio_usb/reset_interface.c.o
 .text.resetd_reset
                0x10004464        0xc CMakeFiles/pico_can.dir/home/goncalo_gcosta/pico/pico-sdk/src/rp2_common/pico_stdio_usb/reset_interface.c.o
 .text.resetd_open
                0x10004470       0x28 CMakeFiles/pico_can.dir/home/goncalo_gcosta/pico/pico-sdk/src/rp2_common/pico_stdio_usb/reset_interface.c.o
 .text.resetd_xfer_cb
                0x10004498        0x4 CMakeFiles/pico_can.dir/home/goncalo_gcosta/pico/pico-sdk/src/rp2_common/pico_stdio_usb/reset_interface.c.o
 .text.resetd_control_xfer_cb
                0x1000449c       0x50 CMakeFiles/pico_can.dir/home/goncalo_gcosta/pico/pico-sdk/src/rp2_common/pico_stdio_usb/reset_interface.c.o
 .text.tud_descriptor_bos_cb
                0x100044ec        0x8 CMakeFiles/pico_can.dir/home/goncalo_gcosta/pico/pico-sdk/src/rp2_common/pico_stdio_usb/reset_interface.c.o
                0x100044ec                tud_descriptor_bos_cb
 .text.tud_vendor_control_xfer_cb
                0x100044f4       0x28 CMakeFiles/pico_can.dir/home/goncalo_gcosta/pico/pico-sdk/src/rp2_common/pico_stdio_usb/reset_interface.c.o
                0x100044f4                tud_vendor_control_xfer_cb
 .text.usbd_app_driver_get_cb
                0x1000451c       0x10 CMakeFiles/pico_can.dir/home/goncalo_gcosta/pico/pico-sdk/src/rp2_common/pico_stdio_usb/reset_interface.c.o
                0x1000451c                usbd_app_driver_get_cb
 .text.tud_cdc_line_coding_cb
                0x1000452c       0x18 CMakeFiles/pico_can.dir/home/goncalo_gcosta/pico/pico-sdk/src/rp2_common/pico_stdio_usb/reset_interface.c.o
                0x1000452c                tud_cdc_line_coding_cb
 .text.stdio_usb_set_chars_available_callback
                0x10004544       0x14 CMakeFiles/pico_can.dir/home/goncalo_gcosta/pico/pico-sdk/src/rp2_common/pico_stdio_usb/stdio_usb.c.o
                0x10004544                stdio_usb_set_chars_available_callback
 .text.timer_task
                0x10004558       0x70 CMakeFiles/pico_can.dir/home/goncalo_gcosta/pico/pico-sdk/src/rp2_common/pico_stdio_usb/stdio_usb.c.o
 .text.usb_irq  0x100045c8        0xc CMakeFiles/pico_can.dir/home/goncalo_gcosta/pico/pico-sdk/src/rp2_common/pico_stdio_usb/stdio_usb.c.o
 .text.stdio_usb_in_chars
                0x100045d4       0x88 CMakeFiles/pico_can.dir/home/goncalo_gcosta/pico/pico-sdk/src/rp2_common/pico_stdio_usb/stdio_usb.c.o
                0x100045d4                stdio_usb_in_chars
 .text.stdio_usb_out_flush
                0x1000465c       0x54 CMakeFiles/pico_can.dir/home/goncalo_gcosta/pico/pico-sdk/src/rp2_common/pico_stdio_usb/stdio_usb.c.o
 .text.stdio_usb_out_chars
                0x100046b0       0xf4 CMakeFiles/pico_can.dir/home/goncalo_gcosta/pico/pico-sdk/src/rp2_common/pico_stdio_usb/stdio_usb.c.o
 .text.low_priority_worker_irq
                0x100047a4       0xd8 CMakeFiles/pico_can.dir/home/goncalo_gcosta/pico/pico-sdk/src/rp2_common/pico_stdio_usb/stdio_usb.c.o
 .text.stdio_usb_init
                0x1000487c       0xe8 CMakeFiles/pico_can.dir/home/goncalo_gcosta/pico/pico-sdk/src/rp2_common/pico_stdio_usb/stdio_usb.c.o
                0x1000487c                stdio_usb_init
 .text.tud_descriptor_device_cb
                0x10004964        0x8 CMakeFiles/pico_can.dir/home/goncalo_gcosta/pico/pico-sdk/src/rp2_common/pico_stdio_usb/stdio_usb_descriptors.c.o
                0x10004964                tud_descriptor_device_cb
 .text.tud_descriptor_configuration_cb
                0x1000496c        0x8 CMakeFiles/pico_can.dir/home/goncalo_gcosta/pico/pico-sdk/src/rp2_common/pico_stdio_usb/stdio_usb_descriptors.c.o
                0x1000496c                tud_descriptor_configuration_cb
 .text.tud_descriptor_string_cb
                0x10004974       0x70 CMakeFiles/pico_can.dir/home/goncalo_gcosta/pico/pico-sdk/src/rp2_common/pico_stdio_usb/stdio_usb_descriptors.c.o
                0x10004974                tud_descriptor_string_cb
 .text.startup._retrieve_unique_id_on_boot
                0x100049e4       0x30 CMakeFiles/pico_can.dir/home/goncalo_gcosta/pico/pico-sdk/src/rp2_common/pico_unique_id/unique_id.c.o
 .text.pico_get_unique_board_id_string
                0x10004a14      0x184 CMakeFiles/pico_can.dir/home/goncalo_gcosta/pico/pico-sdk/src/rp2_common/pico_unique_id/unique_id.c.o
                0x10004a14                pico_get_unique_board_id_string
 .text.dcd_init
                0x10004b98       0x90 CMakeFiles/pico_can.dir/home/goncalo_gcosta/pico/pico-sdk/lib/tinyusb/src/portable/raspberrypi/rp2040/dcd_rp2040.c.o
                0x10004b98                dcd_init
 .text.dcd_int_enable
                0x10004c28        0x8 CMakeFiles/pico_can.dir/home/goncalo_gcosta/pico/pico-sdk/lib/tinyusb/src/portable/raspberrypi/rp2040/dcd_rp2040.c.o
                0x10004c28                dcd_int_enable
 .text.dcd_set_address
                0x10004c30       0x10 CMakeFiles/pico_can.dir/home/goncalo_gcosta/pico/pico-sdk/lib/tinyusb/src/portable/raspberrypi/rp2040/dcd_rp2040.c.o
                0x10004c30                dcd_set_address
 .text.dcd_sof_enable
                0x10004c40       0x1c CMakeFiles/pico_can.dir/home/goncalo_gcosta/pico/pico-sdk/lib/tinyusb/src/portable/raspberrypi/rp2040/dcd_rp2040.c.o
                0x10004c40                dcd_sof_enable
 .text.dcd_edpt0_status_complete
                0x10004c5c       0x1c CMakeFiles/pico_can.dir/home/goncalo_gcosta/pico/pico-sdk/lib/tinyusb/src/portable/raspberrypi/rp2040/dcd_rp2040.c.o
                0x10004c5c                dcd_edpt0_status_complete
 .text.dcd_edpt_open
                0x10004c78      0x108 CMakeFiles/pico_can.dir/home/goncalo_gcosta/pico/pico-sdk/lib/tinyusb/src/portable/raspberrypi/rp2040/dcd_rp2040.c.o
                0x10004c78                dcd_edpt_open
 .text.dcd_edpt_close_all
                0x10004d80        0x4 CMakeFiles/pico_can.dir/home/goncalo_gcosta/pico/pico-sdk/lib/tinyusb/src/portable/raspberrypi/rp2040/dcd_rp2040.c.o
                0x10004d80                dcd_edpt_close_all
 .text.dcd_edpt_xfer
                0x10004d84       0x28 CMakeFiles/pico_can.dir/home/goncalo_gcosta/pico/pico-sdk/lib/tinyusb/src/portable/raspberrypi/rp2040/dcd_rp2040.c.o
                0x10004d84                dcd_edpt_xfer
 .text.dcd_edpt_stall
                0x10004dac       0x2c CMakeFiles/pico_can.dir/home/goncalo_gcosta/pico/pico-sdk/lib/tinyusb/src/portable/raspberrypi/rp2040/dcd_rp2040.c.o
                0x10004dac                dcd_edpt_stall
 .text.dcd_edpt_clear_stall
                0x10004dd8       0x2c CMakeFiles/pico_can.dir/home/goncalo_gcosta/pico/pico-sdk/lib/tinyusb/src/portable/raspberrypi/rp2040/dcd_rp2040.c.o
                0x10004dd8                dcd_edpt_clear_stall
 .text.rp2040_usb_init
                0x10004e04       0x40 CMakeFiles/pico_can.dir/home/goncalo_gcosta/pico/pico-sdk/lib/tinyusb/src/portable/raspberrypi/rp2040/rp2040_usb.c.o
                0x10004e04                rp2040_usb_init
 .text.hw_endpoint_xfer_start
                0x10004e44       0x40 CMakeFiles/pico_can.dir/home/goncalo_gcosta/pico/pico-sdk/lib/tinyusb/src/portable/raspberrypi/rp2040/rp2040_usb.c.o
                0x10004e44                hw_endpoint_xfer_start
 .text.configuration_reset
                0x10004e84       0x8c CMakeFiles/pico_can.dir/home/goncalo_gcosta/pico/pico-sdk/lib/tinyusb/src/device/usbd.c.o
 .text.tud_event_hook_cb
                0x10004f10        0x4 CMakeFiles/pico_can.dir/home/goncalo_gcosta/pico/pico-sdk/lib/tinyusb/src/device/usbd.c.o
                0x10004f10                tud_event_hook_cb
 .text.tud_sof_cb
                0x10004f14        0x4 CMakeFiles/pico_can.dir/home/goncalo_gcosta/pico/pico-sdk/lib/tinyusb/src/device/usbd.c.o
                0x10004f14                tud_sof_cb
 .text.tud_descriptor_device_qualifier_cb
                0x10004f18        0x4 CMakeFiles/pico_can.dir/home/goncalo_gcosta/pico/pico-sdk/lib/tinyusb/src/device/usbd.c.o
                0x10004f18                tud_descriptor_device_qualifier_cb
 .text.tud_descriptor_other_speed_configuration_cb
                0x10004f1c        0x4 CMakeFiles/pico_can.dir/home/goncalo_gcosta/pico/pico-sdk/lib/tinyusb/src/device/usbd.c.o
                0x10004f1c                tud_descriptor_other_speed_configuration_cb
 .text.tud_mount_cb
                0x10004f20        0x4 CMakeFiles/pico_can.dir/home/goncalo_gcosta/pico/pico-sdk/lib/tinyusb/src/device/usbd.c.o
                0x10004f20                tud_mount_cb
 .text.tud_umount_cb
                0x10004f24        0x4 CMakeFiles/pico_can.dir/home/goncalo_gcosta/pico/pico-sdk/lib/tinyusb/src/device/usbd.c.o
                0x10004f24                tud_umount_cb
 .text.tud_suspend_cb
                0x10004f28        0x4 CMakeFiles/pico_can.dir/home/goncalo_gcosta/pico/pico-sdk/lib/tinyusb/src/device/usbd.c.o
                0x10004f28                tud_suspend_cb
 .text.tud_resume_cb
                0x10004f2c        0x4 CMakeFiles/pico_can.dir/home/goncalo_gcosta/pico/pico-sdk/lib/tinyusb/src/device/usbd.c.o
                0x10004f2c                tud_resume_cb
 .text.tud_mounted
                0x10004f30       0x10 CMakeFiles/pico_can.dir/home/goncalo_gcosta/pico/pico-sdk/lib/tinyusb/src/device/usbd.c.o
                0x10004f30                tud_mounted
 .text.tud_suspended
                0x10004f40       0x10 CMakeFiles/pico_can.dir/home/goncalo_gcosta/pico/pico-sdk/lib/tinyusb/src/device/usbd.c.o
                0x10004f40                tud_suspended
 .text.tud_rhport_init
                0x10004f50       0xf8 CMakeFiles/pico_can.dir/home/goncalo_gcosta/pico/pico-sdk/lib/tinyusb/src/device/usbd.c.o
                0x10004f50                tud_rhport_init
 .text.tud_task_ext
                0x10005048      0x784 CMakeFiles/pico_can.dir/home/goncalo_gcosta/pico/pico-sdk/lib/tinyusb/src/device/usbd.c.o
                0x10005048                tud_task_ext
 .text.usbd_open_edpt_pair
                0x100057cc       0x9c CMakeFiles/pico_can.dir/home/goncalo_gcosta/pico/pico-sdk/lib/tinyusb/src/device/usbd.c.o
                0x100057cc                usbd_open_edpt_pair
 .text.usbd_edpt_open
                0x10005868       0x44 CMakeFiles/pico_can.dir/home/goncalo_gcosta/pico/pico-sdk/lib/tinyusb/src/device/usbd.c.o
                0x10005868                usbd_edpt_open
 .text.usbd_edpt_claim
                0x100058ac       0x24 CMakeFiles/pico_can.dir/home/goncalo_gcosta/pico/pico-sdk/lib/tinyusb/src/device/usbd.c.o
                0x100058ac                usbd_edpt_claim
 .text.usbd_edpt_release
                0x100058d0       0x24 CMakeFiles/pico_can.dir/home/goncalo_gcosta/pico/pico-sdk/lib/tinyusb/src/device/usbd.c.o
                0x100058d0                usbd_edpt_release
 .text.usbd_edpt_xfer
                0x100058f4       0x70 CMakeFiles/pico_can.dir/home/goncalo_gcosta/pico/pico-sdk/lib/tinyusb/src/device/usbd.c.o
                0x100058f4                usbd_edpt_xfer
 .text.tud_control_status
                0x10005964       0x34 CMakeFiles/pico_can.dir/home/goncalo_gcosta/pico/pico-sdk/lib/tinyusb/src/device/usbd_control.c.o
                0x10005964                tud_control_status
 .text.tud_control_xfer
                0x10005998       0xac CMakeFiles/pico_can.dir/home/goncalo_gcosta/pico/pico-sdk/lib/tinyusb/src/device/usbd_control.c.o
                0x10005998                tud_control_xfer
 .text.usbd_control_reset
                0x10005a44       0x14 CMakeFiles/pico_can.dir/home/goncalo_gcosta/pico/pico-sdk/lib/tinyusb/src/device/usbd_control.c.o
                0x10005a44                usbd_control_reset
 .text.usbd_control_set_complete_callback
                0x10005a58        0xc CMakeFiles/pico_can.dir/home/goncalo_gcosta/pico/pico-sdk/lib/tinyusb/src/device/usbd_control.c.o
                0x10005a58                usbd_control_set_complete_callback
 .text.usbd_control_set_request
                0x10005a64       0x1c CMakeFiles/pico_can.dir/home/goncalo_gcosta/pico/pico-sdk/lib/tinyusb/src/device/usbd_control.c.o
                0x10005a64                usbd_control_set_request
 .text.usbd_control_xfer_cb
                0x10005a80       0xfc CMakeFiles/pico_can.dir/home/goncalo_gcosta/pico/pico-sdk/lib/tinyusb/src/device/usbd_control.c.o
                0x10005a80                usbd_control_xfer_cb
 .text._prep_out_transaction.isra.0
                0x10005b7c       0x74 CMakeFiles/pico_can.dir/home/goncalo_gcosta/pico/pico-sdk/lib/tinyusb/src/class/cdc/cdc_device.c.o
 .text.tud_cdc_n_connected
                0x10005bf0       0x2c CMakeFiles/pico_can.dir/home/goncalo_gcosta/pico/pico-sdk/lib/tinyusb/src/class/cdc/cdc_device.c.o
                0x10005bf0                tud_cdc_n_connected
 .text.tud_cdc_n_available
                0x10005c1c       0x18 CMakeFiles/pico_can.dir/home/goncalo_gcosta/pico/pico-sdk/lib/tinyusb/src/class/cdc/cdc_device.c.o
                0x10005c1c                tud_cdc_n_available
 .text.tud_cdc_n_read
                0x10005c34       0x8c CMakeFiles/pico_can.dir/home/goncalo_gcosta/pico/pico-sdk/lib/tinyusb/src/class/cdc/cdc_device.c.o
                0x10005c34                tud_cdc_n_read
 .text.tud_cdc_n_write_flush
                0x10005cc0       0x8c CMakeFiles/pico_can.dir/home/goncalo_gcosta/pico/pico-sdk/lib/tinyusb/src/class/cdc/cdc_device.c.o
                0x10005cc0                tud_cdc_n_write_flush
 .text.tud_cdc_n_write
                0x10005d4c       0x44 CMakeFiles/pico_can.dir/home/goncalo_gcosta/pico/pico-sdk/lib/tinyusb/src/class/cdc/cdc_device.c.o
                0x10005d4c                tud_cdc_n_write
 .text.tud_cdc_n_write_available
                0x10005d90       0x18 CMakeFiles/pico_can.dir/home/goncalo_gcosta/pico/pico-sdk/lib/tinyusb/src/class/cdc/cdc_device.c.o
                0x10005d90                tud_cdc_n_write_available
 .text.cdcd_init
                0x10005da8       0x70 CMakeFiles/pico_can.dir/home/goncalo_gcosta/pico/pico-sdk/lib/tinyusb/src/class/cdc/cdc_device.c.o
                0x10005da8                cdcd_init
 .text.cdcd_deinit
                0x10005e18       0x2c CMakeFiles/pico_can.dir/home/goncalo_gcosta/pico/pico-sdk/lib/tinyusb/src/class/cdc/cdc_device.c.o
                0x10005e18                cdcd_deinit
 .text.cdcd_reset
                0x10005e44       0x4c CMakeFiles/pico_can.dir/home/goncalo_gcosta/pico/pico-sdk/lib/tinyusb/src/class/cdc/cdc_device.c.o
                0x10005e44                cdcd_reset
 .text.cdcd_open
                0x10005e90       0xbc CMakeFiles/pico_can.dir/home/goncalo_gcosta/pico/pico-sdk/lib/tinyusb/src/class/cdc/cdc_device.c.o
                0x10005e90                cdcd_open
 .text.cdcd_control_xfer_cb
                0x10005f4c       0xc0 CMakeFiles/pico_can.dir/home/goncalo_gcosta/pico/pico-sdk/lib/tinyusb/src/class/cdc/cdc_device.c.o
                0x10005f4c                cdcd_control_xfer_cb
 .text.cdcd_xfer_cb
                0x1000600c       0xfc CMakeFiles/pico_can.dir/home/goncalo_gcosta/pico/pico-sdk/lib/tinyusb/src/class/cdc/cdc_device.c.o
                0x1000600c                cdcd_xfer_cb
 .text.vendord_init
                0x10006108       0x5c CMakeFiles/pico_can.dir/home/goncalo_gcosta/pico/pico-sdk/lib/tinyusb/src/class/vendor/vendor_device.c.o
                0x10006108                vendord_init
 .text.vendord_deinit
                0x10006164       0x1c CMakeFiles/pico_can.dir/home/goncalo_gcosta/pico/pico-sdk/lib/tinyusb/src/class/vendor/vendor_device.c.o
                0x10006164                vendord_deinit
 .text.vendord_reset
                0x10006180       0x24 CMakeFiles/pico_can.dir/home/goncalo_gcosta/pico/pico-sdk/lib/tinyusb/src/class/vendor/vendor_device.c.o
                0x10006180                vendord_reset
 .text.vendord_open
                0x100061a4      0x104 CMakeFiles/pico_can.dir/home/goncalo_gcosta/pico/pico-sdk/lib/tinyusb/src/class/vendor/vendor_device.c.o
                0x100061a4                vendord_open
 .text.vendord_xfer_cb
                0x100062a8       0x88 CMakeFiles/pico_can.dir/home/goncalo_gcosta/pico/pico-sdk/lib/tinyusb/src/class/vendor/vendor_device.c.o
                0x100062a8                vendord_xfer_cb
 .text.tusb_rhport_init
                0x10006330       0x60 CMakeFiles/pico_can.dir/home/goncalo_gcosta/pico/pico-sdk/lib/tinyusb/src/tusb.c.o
                0x10006330                tusb_rhport_init
 .text.tu_edpt_claim
                0x10006390       0x54 CMakeFiles/pico_can.dir/home/goncalo_gcosta/pico/pico-sdk/lib/tinyusb/src/tusb.c.o
                0x10006390                tu_edpt_claim
 .text.tu_edpt_release
                0x100063e4       0x38 CMakeFiles/pico_can.dir/home/goncalo_gcosta/pico/pico-sdk/lib/tinyusb/src/tusb.c.o
                0x100063e4                tu_edpt_release
 .text.tu_edpt_validate
                0x1000641c       0x64 CMakeFiles/pico_can.dir/home/goncalo_gcosta/pico/pico-sdk/lib/tinyusb/src/tusb.c.o
                0x1000641c                tu_edpt_validate
 .text.tu_edpt_bind_driver
                0x10006480       0x58 CMakeFiles/pico_can.dir/home/goncalo_gcosta/pico/pico-sdk/lib/tinyusb/src/tusb.c.o
                0x10006480                tu_edpt_bind_driver
 .text.tu_edpt_stream_init
                0x100064d8       0x58 CMakeFiles/pico_can.dir/home/goncalo_gcosta/pico/pico-sdk/lib/tinyusb/src/tusb.c.o
                0x100064d8                tu_edpt_stream_init
 .text.tu_edpt_stream_deinit
                0x10006530        0x4 CMakeFiles/pico_can.dir/home/goncalo_gcosta/pico/pico-sdk/lib/tinyusb/src/tusb.c.o
                0x10006530                tu_edpt_stream_deinit
 .text.tu_edpt_stream_write_zlp_if_needed
                0x10006534       0x68 CMakeFiles/pico_can.dir/home/goncalo_gcosta/pico/pico-sdk/lib/tinyusb/src/tusb.c.o
                0x10006534                tu_edpt_stream_write_zlp_if_needed
 .text.tu_edpt_stream_write_xfer
                0x1000659c       0x70 CMakeFiles/pico_can.dir/home/goncalo_gcosta/pico/pico-sdk/lib/tinyusb/src/tusb.c.o
                0x1000659c                tu_edpt_stream_write_xfer
 .text.tu_edpt_stream_read_xfer
                0x1000660c       0xd0 CMakeFiles/pico_can.dir/home/goncalo_gcosta/pico/pico-sdk/lib/tinyusb/src/tusb.c.o
                0x1000660c                tu_edpt_stream_read_xfer
 .text.tu_fifo_config
                0x100066dc       0x60 CMakeFiles/pico_can.dir/home/goncalo_gcosta/pico/pico-sdk/lib/tinyusb/src/common/tusb_fifo.c.o
                0x100066dc                tu_fifo_config
 .text.tu_fifo_count
                0x1000673c       0x20 CMakeFiles/pico_can.dir/home/goncalo_gcosta/pico/pico-sdk/lib/tinyusb/src/common/tusb_fifo.c.o
                0x1000673c                tu_fifo_count
 .text.tu_fifo_empty
                0x1000675c       0x14 CMakeFiles/pico_can.dir/home/goncalo_gcosta/pico/pico-sdk/lib/tinyusb/src/common/tusb_fifo.c.o
                0x1000675c                tu_fifo_empty
 .text.tu_fifo_remaining
                0x10006770       0x24 CMakeFiles/pico_can.dir/home/goncalo_gcosta/pico/pico-sdk/lib/tinyusb/src/common/tusb_fifo.c.o
                0x10006770                tu_fifo_remaining
 .text.tu_fifo_read
                0x10006794       0x94 CMakeFiles/pico_can.dir/home/goncalo_gcosta/pico/pico-sdk/lib/tinyusb/src/common/tusb_fifo.c.o
                0x10006794                tu_fifo_read
 .text.tu_fifo_read_n
                0x10006828       0xd8 CMakeFiles/pico_can.dir/home/goncalo_gcosta/pico/pico-sdk/lib/tinyusb/src/common/tusb_fifo.c.o
                0x10006828                tu_fifo_read_n
 .text.tu_fifo_write
                0x10006900       0xa0 CMakeFiles/pico_can.dir/home/goncalo_gcosta/pico/pico-sdk/lib/tinyusb/src/common/tusb_fifo.c.o
                0x10006900                tu_fifo_write
 .text.tu_fifo_write_n
                0x100069a0      0x158 CMakeFiles/pico_can.dir/home/goncalo_gcosta/pico/pico-sdk/lib/tinyusb/src/common/tusb_fifo.c.o
                0x100069a0                tu_fifo_write_n
 .text.tu_fifo_clear
                0x10006af8       0x38 CMakeFiles/pico_can.dir/home/goncalo_gcosta/pico/pico-sdk/lib/tinyusb/src/common/tusb_fifo.c.o
                0x10006af8                tu_fifo_clear
 .text.tu_fifo_set_overwritable
                0x10006b30       0x3c CMakeFiles/pico_can.dir/home/goncalo_gcosta/pico/pico-sdk/lib/tinyusb/src/common/tusb_fifo.c.o
                0x10006b30                tu_fifo_set_overwritable
 .text.spi_init
                0x10006b6c       0xf4 CMakeFiles/pico_can.dir/home/goncalo_gcosta/pico/pico-sdk/src/rp2_common/hardware_spi/spi.c.o
                0x10006b6c                spi_init
 .text          0x10006c60       0x64 /usr/lib/gcc/arm-none-eabi/13.2.1/../../../arm-none-eabi/lib/thumb/v8-m.main+fp/softfp/libg.a(libc_a-strncpy.o)
                0x10006c60                strncpy
 .text          0x10006cc4       0xa4 /usr/lib/gcc/arm-none-eabi/13.2.1/../../../arm-none-eabi/lib/thumb/v8-m.main+fp/softfp/libg.a(libc_a-memset.o)
                0x10006cc4                memset
 .text          0x10006d68       0xb0 /usr/lib/gcc/arm-none-eabi/13.2.1/../../../arm-none-eabi/lib/thumb/v8-m.main+fp/softfp/libg.a(libc_a-sscanf.o)
                0x10006d68                sscanf
                0x10006dc0                _sscanf_r
 .text          0x10006e18       0x80 /usr/lib/gcc/arm-none-eabi/13.2.1/../../../arm-none-eabi/lib/thumb/v8-m.main+fp/softfp/libg.a(libc_a-strncmp.o)
                0x10006e18                strncmp
 .text          0x10006e98        0xc /usr/lib/gcc/arm-none-eabi/13.2.1/../../../arm-none-eabi/lib/thumb/v8-m.main+fp/softfp/libg.a(libc_a-errno.o)
                0x10006e98                __errno
 .text          0x10006ea4       0x70 /usr/lib/gcc/arm-none-eabi/13.2.1/../../../arm-none-eabi/lib/thumb/v8-m.main+fp/softfp/libg.a(libc_a-callocr.o)
                0x10006ea4                _calloc_r
 .text          0x10006f14      0x548 /usr/lib/gcc/arm-none-eabi/13.2.1/../../../arm-none-eabi/lib/thumb/v8-m.main+fp/softfp/libg.a(libc_a-mallocr.o)
                0x10006f14                _malloc_r
 .text          0x1000745c      0x2b0 /usr/lib/gcc/arm-none-eabi/13.2.1/../../../arm-none-eabi/lib/thumb/v8-m.main+fp/softfp/libg.a(libc_a-freer.o)
                0x1000745c                _malloc_trim_r
                0x10007514                _free_r
 .text          0x1000770c     0x1100 /usr/lib/gcc/arm-none-eabi/13.2.1/../../../arm-none-eabi/lib/thumb/v8-m.main+fp/softfp/libg.a(libc_a-svfscanf.o)
                0x1000770c                __ssvfscanf_r
 .text          0x1000880c      0x17c /usr/lib/gcc/arm-none-eabi/13.2.1/../../../arm-none-eabi/lib/thumb/v8-m.main+fp/softfp/libg.a(libc_a-strtol.o)
                0x10008918                _strtol_r
                0x10008930                strtol_l
                0x1000895c                strtol
 .text          0x10008988       0xec /usr/lib/gcc/arm-none-eabi/13.2.1/../../../arm-none-eabi/lib/thumb/v8-m.main+fp/softfp/libg.a(libc_a-memcpy.o)
                0x10008988                memcpy
 .text          0x10008a74       0x1c /usr/lib/gcc/arm-none-eabi/13.2.1/../../../arm-none-eabi/lib/thumb/v8-m.main+fp/softfp/libg.a(libc_a-sysconf.o)
                0x10008a74                sysconf
 .text          0x10008a90       0x98 /usr/lib/gcc/arm-none-eabi/13.2.1/../../../arm-none-eabi/lib/thumb/v8-m.main+fp/softfp/libg.a(libc_a-stdio.o)
                0x10008a90                __sread
                0x10008ab4                __seofread
                0x10008ab8                __swrite
                0x10008af8                __sseek
                0x10008b20                __sclose
 .text          0x10008b28        0x8 /usr/lib/gcc/arm-none-eabi/13.2.1/../../../arm-none-eabi/lib/thumb/v8-m.main+fp/softfp/libg.a(libc_a-iswspace.o)
                0x10008b28                iswspace
 .text          0x10008b30       0x90 /usr/lib/gcc/arm-none-eabi/13.2.1/../../../arm-none-eabi/lib/thumb/v8-m.main+fp/softfp/libg.a(libc_a-mbrtowc.o)
                0x10008b30                _mbrtowc_r
                0x10008b70                mbrtowc
 .text          0x10008bc0      0x370 /usr/lib/gcc/arm-none-eabi/13.2.1/../../../arm-none-eabi/lib/thumb/v8-m.main+fp/softfp/libg.a(libc_a-reallocr.o)
                0x10008bc0                _realloc_r
 .text          0x10008f30       0x2c /usr/lib/gcc/arm-none-eabi/13.2.1/../../../arm-none-eabi/lib/thumb/v8-m.main+fp/softfp/libg.a(libc_a-writer.o)
                0x10008f30                _write_r
 .text          0x10008f5c        0x8 /usr/lib/gcc/arm-none-eabi/13.2.1/../../../arm-none-eabi/lib/thumb/v8-m.main+fp/softfp/libg.a(libc_a-mlock.o)
                0x10008f5c                __malloc_lock
                0x10008f60                __malloc_unlock
 .text          0x10008f64      0x224 /usr/lib/gcc/arm-none-eabi/13.2.1/../../../arm-none-eabi/lib/thumb/v8-m.main+fp/softfp/libg.a(libc_a-findfp.o)
                0x10009094                __sfp
                0x10009138                __sinit
                0x10009158                __sfp_lock_acquire
                0x1000915c                __sfp_lock_release
                0x10009160                __fp_lock_all
                0x10009174                __fp_unlock_all
 .text          0x10009188        0xc /usr/lib/gcc/arm-none-eabi/13.2.1/../../../arm-none-eabi/lib/thumb/v8-m.main+fp/softfp/libg.a(libc_a-atexit.o)
                0x10009188                atexit
 .text          0x10009194       0x5c /usr/lib/gcc/arm-none-eabi/13.2.1/../../../arm-none-eabi/lib/thumb/v8-m.main+fp/softfp/libg.a(libc_a-strlen-stub.o)
                0x10009194                strlen
 .text          0x100091f0     0x10b4 /usr/lib/gcc/arm-none-eabi/13.2.1/../../../arm-none-eabi/lib/thumb/v8-m.main+fp/softfp/libg.a(libc_a-svfiscanf.o)
                0x100091f0                _sungetc_r
                0x1000926c                __ssrefill_r
                0x100092a4                _sfread_r
                0x10009348                __ssvfiscanf_r
 .text          0x1000a2a4       0x24 /usr/lib/gcc/arm-none-eabi/13.2.1/../../../arm-none-eabi/lib/thumb/v8-m.main+fp/softfp/libg.a(libc_a-sbrkr.o)
                0x1000a2a4                _sbrk_r
 .text          0x1000a2c8      0x144 /usr/lib/gcc/arm-none-eabi/13.2.1/../../../arm-none-eabi/lib/thumb/v8-m.main+fp/softfp/libg.a(libc_a-ungetc.o)
                0x1000a2c8                __submore
                0x1000a33c                _ungetc_r
                0x1000a3fc                ungetc
 .text          0x1000a40c       0x24 /usr/lib/gcc/arm-none-eabi/13.2.1/../../../arm-none-eabi/lib/thumb/v8-m.main+fp/softfp/libg.a(libc_a-closer.o)
                0x1000a40c                _close_r
 .text          0x1000a430       0x28 /usr/lib/gcc/arm-none-eabi/13.2.1/../../../arm-none-eabi/lib/thumb/v8-m.main+fp/softfp/libg.a(libc_a-fini.o)
                0x1000a430                __libc_fini_array
 .text          0x1000a458        0x8 /usr/lib/gcc/arm-none-eabi/13.2.1/../../../arm-none-eabi/lib/thumb/v8-m.main+fp/softfp/libg.a(libm_a-sf_nan.o)
                0x1000a458                nanf
 .text          0x1000a460      0x19c /usr/lib/gcc/arm-none-eabi/13.2.1/../../../arm-none-eabi/lib/thumb/v8-m.main+fp/softfp/libg.a(libc_a-strtoll.o)
                0x1000a5c8                _strtoll_r
                0x1000a5cc                strtoll_l
                0x1000a5e4                strtoll
 .text          0x1000a5fc       0xa0 /usr/lib/gcc/arm-none-eabi/13.2.1/../../../arm-none-eabi/lib/thumb/v8-m.main+fp/softfp/libg.a(libc_a-sccl.o)
                0x1000a5fc                __sccl
 .text          0x1000a69c       0x44 /usr/lib/gcc/arm-none-eabi/13.2.1/../../../arm-none-eabi/lib/thumb/v8-m.main+fp/softfp/libg.a(libc_a-fwalk.o)
                0x1000a69c                _fwalk_sglue
 .text          0x1000a6e0       0x14 /usr/lib/gcc/arm-none-eabi/13.2.1/../../../arm-none-eabi/lib/thumb/v8-m.main+fp/softfp/libg.a(libc_a-localeconv.o)
                0x1000a6e0                __localeconv_l
                0x1000a6e4                _localeconv_r
                0x1000a6ec                localeconv
 *fill*         0x1000a6f4        0x4 
 .text          0x1000a6f8     0x113c /usr/lib/gcc/arm-none-eabi/13.2.1/../../../arm-none-eabi/lib/thumb/v8-m.main+fp/softfp/libg.a(libc_a-strtod.o)
                0x1000a6f8                _strtod_l
                0x1000b690                _strtod_r
                0x1000b69c                strtod_l
                0x1000b6b4                strtod
                0x1000b6d0                strtof_l
                0x1000b780                strtof
 .text          0x1000b834       0x8c /usr/lib/gcc/arm-none-eabi/13.2.1/../../../arm-none-eabi/lib/thumb/v8-m.main+fp/softfp/libg.a(libc_a-locale.o)
                0x1000b834                _setlocale_r
                0x1000b874                __locale_mb_cur_max
                0x1000b880                setlocale
 .text          0x1000b8c0      0x1bc /usr/lib/gcc/arm-none-eabi/13.2.1/../../../arm-none-eabi/lib/thumb/v8-m.main+fp/softfp/libg.a(libc_a-strcmp.o)
                0x1000b8c0                strcmp
 .text          0x1000ba7c      0x640 /usr/lib/gcc/arm-none-eabi/13.2.1/../../../arm-none-eabi/lib/thumb/v8-m.main+fp/softfp/libg.a(libc_a-gdtoa-gethex.o)
                0x1000bb20                __gethex
 .text          0x1000c0bc      0x15c /usr/lib/gcc/arm-none-eabi/13.2.1/../../../arm-none-eabi/lib/thumb/v8-m.main+fp/softfp/libg.a(libc_a-strtoul.o)
                0x1000c1e4                _strtoul_r
                0x1000c1e8                strtoul_l
                0x1000c200                strtoul
 .text          0x1000c218       0x40 /usr/lib/gcc/arm-none-eabi/13.2.1/../../../arm-none-eabi/lib/thumb/v8-m.main+fp/softfp/libg.a(libc_a-mbtowc_r.o)
                0x1000c218                _mbtowc_r
                0x1000c22c                __ascii_mbtowc
 .text          0x1000c258      0x1ac /usr/lib/gcc/arm-none-eabi/13.2.1/../../../arm-none-eabi/lib/thumb/v8-m.main+fp/softfp/libg.a(libc_a-fflush.o)
                0x1000c258                __sflush_r
                0x1000c390                _fflush_r
                0x1000c3bc                fflush
 .text          0x1000c404      0x100 /usr/lib/gcc/arm-none-eabi/13.2.1/../../../arm-none-eabi/lib/thumb/v8-m.main+fp/softfp/libg.a(libc_a-memmove.o)
                0x1000c404                memmove
 .text          0x1000c504       0x18 /usr/lib/gcc/arm-none-eabi/13.2.1/../../../arm-none-eabi/lib/thumb/v8-m.main+fp/softfp/libg.a(libc_a-iswspace_l.o)
                0x1000c504                iswspace_l
 .text          0x1000c51c      0x1c0 /usr/lib/gcc/arm-none-eabi/13.2.1/../../../arm-none-eabi/lib/thumb/v8-m.main+fp/softfp/libg.a(libc_a-strtoull.o)
                0x1000c6a8                _strtoull_r
                0x1000c6ac                strtoull_l
                0x1000c6c4                strtoull
 .text          0x1000c6dc       0x2c /usr/lib/gcc/arm-none-eabi/13.2.1/../../../arm-none-eabi/lib/thumb/v8-m.main+fp/softfp/libg.a(libc_a-readr.o)
                0x1000c6dc                _read_r
 .text          0x1000c708       0x90 /usr/lib/gcc/arm-none-eabi/13.2.1/../../../arm-none-eabi/lib/thumb/v8-m.main+fp/softfp/libg.a(libc_a-fclose.o)
                0x1000c708                _fclose_r
                0x1000c788                fclose
 .text          0x1000c798       0x30 /usr/lib/gcc/arm-none-eabi/13.2.1/../../../arm-none-eabi/lib/thumb/v8-m.main+fp/softfp/libg.a(libc_a-wctomb_r.o)
                0x1000c798                _wctomb_r
                0x1000c7ac                __ascii_wctomb
 .text          0x1000c7c8       0x2c /usr/lib/gcc/arm-none-eabi/13.2.1/../../../arm-none-eabi/lib/thumb/v8-m.main+fp/softfp/libg.a(libc_a-lseekr.o)
                0x1000c7c8                _lseek_r
 .text          0x1000c7f4       0x64 /usr/lib/gcc/arm-none-eabi/13.2.1/../../../arm-none-eabi/lib/thumb/v8-m.main+fp/softfp/libg.a(libc_a-__atexit.o)
                0x1000c7f4                __register_exitproc
 .text          0x1000c858      0x1f4 /usr/lib/gcc/arm-none-eabi/13.2.1/../../../arm-none-eabi/lib/thumb/v8-m.main+fp/softfp/libg.a(libc_a-gdtoa-hexnan.o)
                0x1000c858                __match
                0x1000c88c                __hexnan
 .text          0x1000ca4c        0xc /usr/lib/gcc/arm-none-eabi/13.2.1/../../../arm-none-eabi/lib/thumb/v8-m.main+fp/softfp/libg.a(libm_a-s_nan.o)
                0x1000ca4c                nan
 .text          0x1000ca58      0xa98 /usr/lib/gcc/arm-none-eabi/13.2.1/../../../arm-none-eabi/lib/thumb/v8-m.main+fp/softfp/libg.a(libc_a-mprec.o)
                0x1000ca58                _Balloc
                0x1000caa4                _Bfree
                0x1000cab8                __multadd
                0x1000cb5c                __s2b
                0x1000cc0c                __hi0bits
                0x1000cc54                __lo0bits
                0x1000ccb4                __i2b
                0x1000cd10                __multiply
                0x1000ce74                __pow5mult
                0x1000cf28                __lshift
                0x1000d010                __mcmp
                0x1000d054                __mdiff
                0x1000d1d4                __ulp
                0x1000d220                __b2d
                0x1000d2e4                __d2b
                0x1000d3a4                __ratio
                0x1000d400                _mprec_log10
                0x1000d438                __copybits
                0x1000d494                __any_on
 .text.startup  0x1000d4f0       0x14 /usr/lib/gcc/arm-none-eabi/13.2.1/../../../arm-none-eabi/lib/thumb/v8-m.main+fp/softfp/libg.a(libc_a-__call_atexit.o)
 *(.fini)
 .fini          0x1000d504        0x4 /usr/lib/gcc/arm-none-eabi/13.2.1/thumb/v8-m.main+fp/softfp/crti.o
                0x1000d504                _fini
 .fini.__stub   0x1000d508       0x70 linker stubs
 *crtbegin.o(.ctors)
 *crtbegin?.o(.ctors)
 *(EXCLUDE_FILE(*crtend.o *crtend?.o) .ctors)
 *(SORT_BY_NAME(.ctors.*))
 *(.ctors)
 *crtbegin.o(.dtors)
 *crtbegin?.o(.dtors)
 *(EXCLUDE_FILE(*crtend.o *crtend?.o) .dtors)
 *(SORT_BY_NAME(.dtors.*))
 *(.dtors)
                0x1000d578                        . = ALIGN (0x4)
                0x1000d578                        PROVIDE (__preinit_array_start = .)
 *(SORT_BY_NAME(.preinit_array.*))
 .preinit_array.00050
                0x1000d578        0x4 CMakeFiles/pico_can.dir/home/goncalo_gcosta/pico/pico-sdk/src/rp2_common/pico_runtime_init/runtime_init.c.o
                0x1000d578                __pre_init_runtime_init_bootrom_reset
 .preinit_array.00100
                0x1000d57c        0x4 CMakeFiles/pico_can.dir/home/goncalo_gcosta/pico/pico-sdk/src/rp2_common/pico_runtime_init/runtime_init.c.o
                0x1000d57c                __pre_init_runtime_init_early_resets
 .preinit_array.00101
                0x1000d580        0x4 CMakeFiles/pico_can.dir/home/goncalo_gcosta/pico/pico-sdk/src/rp2_common/pico_runtime_init/runtime_init.c.o
                0x1000d580                __pre_init_runtime_init_usb_power_down
 .preinit_array.00500
                0x1000d584        0x4 CMakeFiles/pico_can.dir/home/goncalo_gcosta/pico/pico-sdk/src/rp2_common/pico_runtime_init/runtime_init.c.o
                0x1000d584                __pre_init_runtime_init_clocks
 .preinit_array.00600
                0x1000d588        0x4 CMakeFiles/pico_can.dir/home/goncalo_gcosta/pico/pico-sdk/src/rp2_common/pico_runtime_init/runtime_init.c.o
                0x1000d588                __pre_init_runtime_init_post_clock_resets
 .preinit_array.01000
                0x1000d58c        0x4 CMakeFiles/pico_can.dir/home/goncalo_gcosta/pico/pico-sdk/src/rp2_common/hardware_boot_lock/boot_lock.c.o
                0x1000d58c                __pre_init_runtime_init_boot_locks_reset
 .preinit_array.01000
                0x1000d590        0x4 CMakeFiles/pico_can.dir/home/goncalo_gcosta/pico/pico-sdk/src/rp2_common/pico_runtime_init/runtime_init.c.o
                0x1000d590                __pre_init_runtime_init_spin_locks_reset
 .preinit_array.01010
                0x1000d594        0x4 CMakeFiles/pico_can.dir/home/goncalo_gcosta/pico/pico-sdk/src/rp2_common/pico_bootrom/bootrom_lock.c.o
                0x1000d594                __pre_init_runtime_init_bootrom_locking_enable
 .preinit_array.01100
                0x1000d598        0x4 CMakeFiles/pico_can.dir/home/goncalo_gcosta/pico/pico-sdk/src/common/pico_sync/mutex.c.o
                0x1000d598                __pre_init_runtime_init_mutex
 .preinit_array.10080
                0x1000d59c        0x4 CMakeFiles/pico_can.dir/home/goncalo_gcosta/pico/pico-sdk/src/rp2_common/pico_runtime_init/runtime_init.c.o
                0x1000d59c                __pre_init_runtime_init_install_ram_vector_table
 .preinit_array.11000
                0x1000d5a0        0x4 CMakeFiles/pico_can.dir/home/goncalo_gcosta/pico/pico-sdk/src/common/pico_time/time.c.o
                0x1000d5a0                __pre_init_runtime_init_default_alarm_pool
 .preinit_array.YYYYY
                0x1000d5a4        0x4 CMakeFiles/pico_can.dir/home/goncalo_gcosta/pico/pico-sdk/src/rp2_common/pico_runtime/runtime.c.o
                0x1000d5a4                __pre_init_first_per_core_initializer
 .preinit_array.ZZZZZ.00051
                0x1000d5a8        0x4 CMakeFiles/pico_can.dir/home/goncalo_gcosta/pico/pico-sdk/src/rp2_common/pico_runtime_init/runtime_init.c.o
                0x1000d5a8                __pre_init_runtime_init_per_core_bootrom_reset
 .preinit_array.ZZZZZ.00200
                0x1000d5ac        0x4 CMakeFiles/pico_can.dir/home/goncalo_gcosta/pico/pico-sdk/src/rp2_common/pico_runtime_init/runtime_init.c.o
                0x1000d5ac                __pre_init_runtime_init_per_core_enable_coprocessors
 .preinit_array.ZZZZZ.01000
                0x1000d5b0        0x4 CMakeFiles/pico_can.dir/home/goncalo_gcosta/pico/pico-sdk/src/rp2_common/hardware_sync_spin_lock/sync_spin_lock.c.o
                0x1000d5b0                __pre_init_spinlock_set_extexclall
 .preinit_array.ZZZZZ.01200
                0x1000d5b4        0x4 CMakeFiles/pico_can.dir/home/goncalo_gcosta/pico/pico-sdk/src/rp2_common/hardware_irq/irq.c.o
                0x1000d5b4                __pre_init_runtime_init_per_core_irq_priorities
 *(.preinit_array)
                0x1000d5b8                        PROVIDE (__preinit_array_end = .)
                0x1000d5b8                        . = ALIGN (0x4)
                0x1000d5b8                        PROVIDE (__init_array_start = .)
 *(SORT_BY_NAME(.init_array.*))
 .init_array.00000
                0x1000d5b8        0x4 /usr/lib/gcc/arm-none-eabi/13.2.1/../../../arm-none-eabi/lib/thumb/v8-m.main+fp/softfp/libg.a(libc_a-__call_atexit.o)
 *(.init_array)
 .init_array    0x1000d5bc        0x4 /usr/lib/gcc/arm-none-eabi/13.2.1/thumb/v8-m.main+fp/softfp/crtbegin.o
 .init_array    0x1000d5c0        0x4 CMakeFiles/pico_can.dir/home/goncalo_gcosta/pico/pico-sdk/src/rp2_common/pico_unique_id/unique_id.c.o
                0x1000d5c4                        PROVIDE (__init_array_end = .)
                0x1000d5c4                        . = ALIGN (0x4)
                0x1000d5c4                        PROVIDE (__fini_array_start = .)
 *(SORT_BY_NAME(.fini_array.*))
 *(.fini_array)
                0x1000d5c4                        PROVIDE (__fini_array_end = .)
 *(.eh_frame*)
 .eh_frame      0x1000d5c4        0x0 /usr/lib/gcc/arm-none-eabi/13.2.1/thumb/v8-m.main+fp/softfp/crtbegin.o
                0x1000d5c4                        . = ALIGN (0x4)

.glue_7         0x1000d5c4        0x0
 .glue_7        0x1000d5c4        0x0 linker stubs

.glue_7t        0x1000d5c4        0x0
 .glue_7t       0x1000d5c4        0x0 linker stubs

.vfp11_veneer   0x1000d5c4        0x0
 .vfp11_veneer  0x1000d5c4        0x0 linker stubs

.v4_bx          0x1000d5c4        0x0
 .v4_bx         0x1000d5c4        0x0 linker stubs

.iplt           0x1000d5c4        0x0
 .iplt          0x1000d5c4        0x0 /usr/lib/gcc/arm-none-eabi/13.2.1/thumb/v8-m.main+fp/softfp/crtbegin.o

.boot2          0x1000d5c4        0x0
                0x1000d5c4                        __boot2_start__ = .
 *(.boot2)
                0x1000d5c4                        __boot2_end__ = .
                0x00000001                        ASSERT (((__boot2_end__ - __boot2_start__) <= 0x100), ERROR: Pico second stage bootloader must be no more than 256 bytes in size)

.rodata         0x1000d5c8      0x998
 *(EXCLUDE_FILE(*libm.a: *libc.a:*lib_a-mem*.o *libgcc.a:) .rodata*)
 .rodata.main.str1.4
                0x1000d5c8      0x361 CMakeFiles/pico_can.dir/main.c.o
                                0x122 (size before relaxing)
 .rodata.panic.str1.4
                0x1000d929       0x12 CMakeFiles/pico_can.dir/home/goncalo_gcosta/pico/pico-sdk/src/rp2_common/pico_platform_panic/panic.c.o
 .rodata.spin_lock_claim_unused.str1.4
                0x1000d929       0x1b CMakeFiles/pico_can.dir/home/goncalo_gcosta/pico/pico-sdk/src/rp2_common/hardware_sync/sync.c.o
 .rodata.user_irq_claim_unused.str1.4
                0x1000d929       0x1b CMakeFiles/pico_can.dir/home/goncalo_gcosta/pico/pico-sdk/src/rp2_common/hardware_irq/irq.c.o
 *fill*         0x1000d929        0x7 
 .rodata.at_the_end_of_time
                0x1000d930        0x8 CMakeFiles/pico_can.dir/home/goncalo_gcosta/pico/pico-sdk/src/common/pico_time/time.c.o
                0x1000d930                at_the_end_of_time
 .rodata.timer_hardware_alarm_claim.str1.4
                0x1000d938       0x22 CMakeFiles/pico_can.dir/home/goncalo_gcosta/pico/pico-sdk/src/rp2_common/hardware_timer/timer.c.o
 .rodata.hard_assertion_failure.str1.4
                0x1000d938        0xc CMakeFiles/pico_can.dir/home/goncalo_gcosta/pico/pico-sdk/src/rp2_common/pico_runtime/runtime.c.o
 .rodata.str1.4
                0x1000d938       0x40 CMakeFiles/pico_can.dir/home/goncalo_gcosta/pico/pico-sdk/src/rp2_common/pico_standard_binary_info/standard_binary_info.c.o
 .rodata.__bi_84
                0x1000d938        0xc CMakeFiles/pico_can.dir/home/goncalo_gcosta/pico/pico-sdk/src/rp2_common/pico_standard_binary_info/standard_binary_info.c.o
 .rodata.__bi_78
                0x1000d944        0xc CMakeFiles/pico_can.dir/home/goncalo_gcosta/pico/pico-sdk/src/rp2_common/pico_standard_binary_info/standard_binary_info.c.o
 .rodata.__bi_54
                0x1000d950        0xc CMakeFiles/pico_can.dir/home/goncalo_gcosta/pico/pico-sdk/src/rp2_common/pico_standard_binary_info/standard_binary_info.c.o
 .rodata.__bi_48
                0x1000d95c        0xc CMakeFiles/pico_can.dir/home/goncalo_gcosta/pico/pico-sdk/src/rp2_common/pico_standard_binary_info/standard_binary_info.c.o
 .rodata.__bi_42
                0x1000d968        0xc CMakeFiles/pico_can.dir/home/goncalo_gcosta/pico/pico-sdk/src/rp2_common/pico_standard_binary_info/standard_binary_info.c.o
 .rodata.__bi_34
                0x1000d974        0xc CMakeFiles/pico_can.dir/home/goncalo_gcosta/pico/pico-sdk/src/rp2_common/pico_standard_binary_info/standard_binary_info.c.o
 .rodata.__bi_26
                0x1000d980        0xc CMakeFiles/pico_can.dir/home/goncalo_gcosta/pico/pico-sdk/src/rp2_common/pico_standard_binary_info/standard_binary_info.c.o
 .rodata._ftoa.str1.4
                0x1000d98c       0x15 CMakeFiles/pico_can.dir/home/goncalo_gcosta/pico/pico-sdk/src/rp2_common/pico_printf/printf.c.o
 *fill*         0x1000d98c        0x4 
 .rodata.pow10.0
                0x1000d990       0x50 CMakeFiles/pico_can.dir/home/goncalo_gcosta/pico/pico-sdk/src/rp2_common/pico_printf/printf.c.o
 .rodata.__assert_func.str1.4
                0x1000d9e0       0x43 CMakeFiles/pico_can.dir/home/goncalo_gcosta/pico/pico-sdk/src/rp2_common/pico_clib_interface/newlib_interface.c.o
 .rodata.crlf_str.0
                0x1000d9e0        0x2 CMakeFiles/pico_can.dir/home/goncalo_gcosta/pico/pico-sdk/src/rp2_common/pico_stdio/stdio.c.o
 *fill*         0x1000d9e2        0x2 
 .rodata._resetd_driver
                0x1000d9e4       0x20 CMakeFiles/pico_can.dir/home/goncalo_gcosta/pico/pico-sdk/src/rp2_common/pico_stdio_usb/reset_interface.c.o
 .rodata.desc_ms_os_20
                0x1000da04       0xa6 CMakeFiles/pico_can.dir/home/goncalo_gcosta/pico/pico-sdk/src/rp2_common/pico_stdio_usb/reset_interface.c.o
 *fill*         0x1000daaa        0x2 
 .rodata.desc_bos
                0x1000daac       0x21 CMakeFiles/pico_can.dir/home/goncalo_gcosta/pico/pico-sdk/src/rp2_common/pico_stdio_usb/reset_interface.c.o
                0x1000daac                desc_bos
 .rodata.str1.4
                0x1000dacd       0x13 CMakeFiles/pico_can.dir/home/goncalo_gcosta/pico/pico-sdk/src/rp2_common/pico_stdio_usb/stdio_usb.c.o
 *fill*         0x1000dacd        0x3 
 .rodata.__bi_197.0
                0x1000dad0        0xc CMakeFiles/pico_can.dir/home/goncalo_gcosta/pico/pico-sdk/src/rp2_common/pico_stdio_usb/stdio_usb.c.o
 .rodata.str1.4
                0x1000dadc       0x2a CMakeFiles/pico_can.dir/home/goncalo_gcosta/pico/pico-sdk/src/rp2_common/pico_stdio_usb/stdio_usb_descriptors.c.o
 .rodata.usbd_desc_str
                0x1000dadc       0x18 CMakeFiles/pico_can.dir/home/goncalo_gcosta/pico/pico-sdk/src/rp2_common/pico_stdio_usb/stdio_usb_descriptors.c.o
 .rodata.usbd_desc_cfg
                0x1000daf4       0x54 CMakeFiles/pico_can.dir/home/goncalo_gcosta/pico/pico-sdk/src/rp2_common/pico_stdio_usb/stdio_usb_descriptors.c.o
 .rodata.usbd_desc_device
                0x1000db48       0x12 CMakeFiles/pico_can.dir/home/goncalo_gcosta/pico/pico-sdk/src/rp2_common/pico_stdio_usb/stdio_usb_descriptors.c.o
 .rodata.str1.4
                0x1000db5a       0x14 CMakeFiles/pico_can.dir/home/goncalo_gcosta/pico/pico-sdk/lib/tinyusb/src/portable/raspberrypi/rp2040/dcd_rp2040.c.o
 .rodata.str1.4
                0x1000db5a       0x48 CMakeFiles/pico_can.dir/home/goncalo_gcosta/pico/pico-sdk/lib/tinyusb/src/portable/raspberrypi/rp2040/rp2040_usb.c.o
 *fill*         0x1000db5a        0x2 
 .rodata._usbd_driver
                0x1000db5c       0x40 CMakeFiles/pico_can.dir/home/goncalo_gcosta/pico/pico-sdk/lib/tinyusb/src/device/usbd.c.o
 .rodata.str1.4
                0x1000db9c        0x9 /usr/lib/gcc/arm-none-eabi/13.2.1/../../../arm-none-eabi/lib/thumb/v8-m.main+fp/softfp/libg.a(libc_a-svfscanf.o)
 .rodata        0x1000db9c       0x22 /usr/lib/gcc/arm-none-eabi/13.2.1/../../../arm-none-eabi/lib/thumb/v8-m.main+fp/softfp/libg.a(libc_a-svfscanf.o)
 .rodata.str1.4
                0x1000dbbe        0x1 /usr/lib/gcc/arm-none-eabi/13.2.1/../../../arm-none-eabi/lib/thumb/v8-m.main+fp/softfp/libg.a(libc_a-mbrtowc.o)
 *fill*         0x1000dbbe        0x2 
 .rodata        0x1000dbc0      0x101 /usr/lib/gcc/arm-none-eabi/13.2.1/../../../arm-none-eabi/lib/thumb/v8-m.main+fp/softfp/libg.a(libc_a-ctype_.o)
                0x1000dbc0                _ctype_
 *fill*         0x1000dcc1        0x3 
 .rodata        0x1000dcc4       0x22 /usr/lib/gcc/arm-none-eabi/13.2.1/../../../arm-none-eabi/lib/thumb/v8-m.main+fp/softfp/libg.a(libc_a-svfiscanf.o)
 .rodata.str1.4
                0x1000dce6       0x15 /usr/lib/gcc/arm-none-eabi/13.2.1/../../../arm-none-eabi/lib/thumb/v8-m.main+fp/softfp/libg.a(libc_a-strtod.o)
 *fill*         0x1000dce6        0x2 
 .rodata        0x1000dce8       0x50 /usr/lib/gcc/arm-none-eabi/13.2.1/../../../arm-none-eabi/lib/thumb/v8-m.main+fp/softfp/libg.a(libc_a-strtod.o)
 .rodata.str1.4
                0x1000dd38       0x12 /usr/lib/gcc/arm-none-eabi/13.2.1/../../../arm-none-eabi/lib/thumb/v8-m.main+fp/softfp/libg.a(libc_a-locale.o)
 .rodata.str1.4
                0x1000dd38       0x4c /usr/lib/gcc/arm-none-eabi/13.2.1/../../../arm-none-eabi/lib/thumb/v8-m.main+fp/softfp/libg.a(libc_a-gdtoa-gethex.o)
 .rodata        0x1000dd38      0x100 /usr/lib/gcc/arm-none-eabi/13.2.1/../../../arm-none-eabi/lib/thumb/v8-m.main+fp/softfp/libg.a(libc_a-gdtoa-gethex.o)
                0x1000dd38                __hexdig
 .rodata.str1.4
                0x1000de38       0x41 /usr/lib/gcc/arm-none-eabi/13.2.1/../../../arm-none-eabi/lib/thumb/v8-m.main+fp/softfp/libg.a(libc_a-mprec.o)
 .rodata        0x1000de38      0x128 /usr/lib/gcc/arm-none-eabi/13.2.1/../../../arm-none-eabi/lib/thumb/v8-m.main+fp/softfp/libg.a(libc_a-mprec.o)
                0x1000de48                __mprec_tens
                0x1000df10                __mprec_tinytens
                0x1000df38                __mprec_bigtens
 *(.srodata*)
                0x1000df60                        . = ALIGN (0x4)
 *(SORT_BY_ALIGNMENT(SORT_BY_NAME(.flashdata*)))
                0x1000df60                        . = ALIGN (0x4)

.ARM.extab
 *(.ARM.extab* .gnu.linkonce.armextab.*)
                0x1000df60                        __exidx_start = .

.ARM.exidx      0x1000df60        0x8
 *(.ARM.exidx* .gnu.linkonce.armexidx.*)
 .ARM.exidx     0x1000df60        0x8 /usr/lib/gcc/arm-none-eabi/13.2.1/../../../arm-none-eabi/lib/thumb/v8-m.main+fp/softfp/libg.a(libc_a-memcpy.o)
 .ARM.exidx     0x1000df68        0x0 /usr/lib/gcc/arm-none-eabi/13.2.1/../../../arm-none-eabi/lib/thumb/v8-m.main+fp/softfp/libg.a(libc_a-strcmp.o)
                                  0x8 (size before relaxing)
 .ARM.exidx     0x1000df68        0x0 /usr/lib/gcc/arm-none-eabi/13.2.1/thumb/v8-m.main+fp/softfp/libgcc.a(_udivmoddi4.o)
                                  0x8 (size before relaxing)
                0x1000df68                        __exidx_end = .
                0x1000df68                        . = ALIGN (0x4)
                0x1000df68                        __binary_info_start = .

.binary_info    0x1000df68       0x20
 *(.binary_info.keep.*)
 .binary_info.keep.__bi_ptr84
                0x1000df68        0x4 CMakeFiles/pico_can.dir/home/goncalo_gcosta/pico/pico-sdk/src/rp2_common/pico_standard_binary_info/standard_binary_info.c.o
 .binary_info.keep.__bi_ptr78
                0x1000df6c        0x4 CMakeFiles/pico_can.dir/home/goncalo_gcosta/pico/pico-sdk/src/rp2_common/pico_standard_binary_info/standard_binary_info.c.o
 .binary_info.keep.__bi_ptr54
                0x1000df70        0x4 CMakeFiles/pico_can.dir/home/goncalo_gcosta/pico/pico-sdk/src/rp2_common/pico_standard_binary_info/standard_binary_info.c.o
 .binary_info.keep.__bi_ptr48
                0x1000df74        0x4 CMakeFiles/pico_can.dir/home/goncalo_gcosta/pico/pico-sdk/src/rp2_common/pico_standard_binary_info/standard_binary_info.c.o
 .binary_info.keep.__bi_ptr42
                0x1000df78        0x4 CMakeFiles/pico_can.dir/home/goncalo_gcosta/pico/pico-sdk/src/rp2_common/pico_standard_binary_info/standard_binary_info.c.o
 .binary_info.keep.__bi_ptr34
                0x1000df7c        0x4 CMakeFiles/pico_can.dir/home/goncalo_gcosta/pico/pico-sdk/src/rp2_common/pico_standard_binary_info/standard_binary_info.c.o
 .binary_info.keep.__bi_ptr26
                0x1000df80        0x4 CMakeFiles/pico_can.dir/home/goncalo_gcosta/pico/pico-sdk/src/rp2_common/pico_standard_binary_info/standard_binary_info.c.o
 *(.binary_info.*)
 .binary_info.__bi_ptr197
                0x1000df84        0x4 CMakeFiles/pico_can.dir/home/goncalo_gcosta/pico/pico-sdk/src/rp2_common/pico_stdio_usb/stdio_usb.c.o
                0x1000df88                        __binary_info_end = .
                0x1000df88                        . = ALIGN (0x4)

.ram_vector_table
                0x20000000      0x110
 *(.ram_vector_table)
 .ram_vector_table
                0x20000000      0x110 CMakeFiles/pico_can.dir/home/goncalo_gcosta/pico/pico-sdk/src/rp2_common/pico_runtime_init/runtime_init.c.o
                0x20000000                ram_vector_table

.uninitialized_data
                0x20000110        0x0
                0x20000110                        . = ALIGN (0x4)
 *(.uninitialized_data*)

.data           0x20000110     0x1c88 load address 0x1000df88
                0x20000110                        __data_start__ = .
 *(vtable)
 *(.time_critical*)
 .time_critical.mutex_try_enter
                0x20000110       0x50 CMakeFiles/pico_can.dir/home/goncalo_gcosta/pico/pico-sdk/src/common/pico_sync/mutex.c.o
                0x20000110                mutex_try_enter
 .time_critical.mutex_enter_block_until
                0x20000160       0x70 CMakeFiles/pico_can.dir/home/goncalo_gcosta/pico/pico-sdk/src/common/pico_sync/mutex.c.o
                0x20000160                mutex_enter_block_until
 .time_critical.mutex_try_enter_block_until
                0x200001d0       0x6c CMakeFiles/pico_can.dir/home/goncalo_gcosta/pico/pico-sdk/src/common/pico_sync/mutex.c.o
                0x200001d0                mutex_try_enter_block_until
 .time_critical.mutex_enter_timeout_ms
                0x2000023c       0x38 CMakeFiles/pico_can.dir/home/goncalo_gcosta/pico/pico-sdk/src/common/pico_sync/mutex.c.o
                0x2000023c                mutex_enter_timeout_ms
 .time_critical.mutex_exit
                0x20000274       0x3c CMakeFiles/pico_can.dir/home/goncalo_gcosta/pico/pico-sdk/src/common/pico_sync/mutex.c.o
                0x20000274                mutex_exit
 .time_critical.reset_non_control_endpoints
                0x200002b0       0x64 CMakeFiles/pico_can.dir/home/goncalo_gcosta/pico/pico-sdk/lib/tinyusb/src/portable/raspberrypi/rp2040/dcd_rp2040.c.o
 .time_critical.hw_handle_buff_status
                0x20000314       0x94 CMakeFiles/pico_can.dir/home/goncalo_gcosta/pico/pico-sdk/lib/tinyusb/src/portable/raspberrypi/rp2040/dcd_rp2040.c.o
 .time_critical.dcd_rp2040_irq
                0x200003a8      0x510 CMakeFiles/pico_can.dir/home/goncalo_gcosta/pico/pico-sdk/lib/tinyusb/src/portable/raspberrypi/rp2040/dcd_rp2040.c.o
 .time_critical.prepare_ep_buffer
                0x200008b8       0xd0 CMakeFiles/pico_can.dir/home/goncalo_gcosta/pico/pico-sdk/lib/tinyusb/src/portable/raspberrypi/rp2040/rp2040_usb.c.o
 .time_critical.sync_ep_buffer
                0x20000988       0xb8 CMakeFiles/pico_can.dir/home/goncalo_gcosta/pico/pico-sdk/lib/tinyusb/src/portable/raspberrypi/rp2040/rp2040_usb.c.o
 .time_critical._hw_endpoint_xfer_sync
                0x20000a40       0x2c CMakeFiles/pico_can.dir/home/goncalo_gcosta/pico/pico-sdk/lib/tinyusb/src/portable/raspberrypi/rp2040/rp2040_usb.c.o
 .time_critical.e15_is_bulkin_ep
                0x20000a6c       0x28 CMakeFiles/pico_can.dir/home/goncalo_gcosta/pico/pico-sdk/lib/tinyusb/src/portable/raspberrypi/rp2040/rp2040_usb.c.o
 .time_critical.e15_is_critical_frame_period
                0x20000a94       0x28 CMakeFiles/pico_can.dir/home/goncalo_gcosta/pico/pico-sdk/lib/tinyusb/src/portable/raspberrypi/rp2040/rp2040_usb.c.o
 .time_critical.hw_endpoint_reset_transfer
                0x20000abc        0xc CMakeFiles/pico_can.dir/home/goncalo_gcosta/pico/pico-sdk/lib/tinyusb/src/portable/raspberrypi/rp2040/rp2040_usb.c.o
                0x20000abc                hw_endpoint_reset_transfer
 .time_critical._hw_endpoint_buffer_control_update32
                0x20000ac8       0x44 CMakeFiles/pico_can.dir/home/goncalo_gcosta/pico/pico-sdk/lib/tinyusb/src/portable/raspberrypi/rp2040/rp2040_usb.c.o
                0x20000ac8                _hw_endpoint_buffer_control_update32
 .time_critical.hw_endpoint_start_next_buffer
                0x20000b0c       0x64 CMakeFiles/pico_can.dir/home/goncalo_gcosta/pico/pico-sdk/lib/tinyusb/src/portable/raspberrypi/rp2040/rp2040_usb.c.o
                0x20000b0c                hw_endpoint_start_next_buffer
 .time_critical.hw_endpoint_xfer_continue
                0x20000b70       0x3c CMakeFiles/pico_can.dir/home/goncalo_gcosta/pico/pico-sdk/lib/tinyusb/src/portable/raspberrypi/rp2040/rp2040_usb.c.o
                0x20000b70                hw_endpoint_xfer_continue
 .time_critical.tinyusb
                0x20000bac      0x224 CMakeFiles/pico_can.dir/home/goncalo_gcosta/pico/pico-sdk/lib/tinyusb/src/device/usbd.c.o
                0x20000bac                dcd_event_handler
 .time_critical.spi_write_read_blocking
                0x20000dd0       0x68 CMakeFiles/pico_can.dir/home/goncalo_gcosta/pico/pico-sdk/src/rp2_common/hardware_spi/spi.c.o
                0x20000dd0                spi_write_read_blocking
 .time_critical.spi_write_blocking
                0x20000e38       0x90 CMakeFiles/pico_can.dir/home/goncalo_gcosta/pico/pico-sdk/src/rp2_common/hardware_spi/spi.c.o
                0x20000e38                spi_write_blocking
 .time_critical.spi_read_blocking
                0x20000ec8       0x68 CMakeFiles/pico_can.dir/home/goncalo_gcosta/pico/pico-sdk/src/rp2_common/hardware_spi/spi.c.o
                0x20000ec8                spi_read_blocking
 *(.text*)
 .text          0x20000f30      0x378 /usr/lib/gcc/arm-none-eabi/13.2.1/thumb/v8-m.main+fp/softfp/libgcc.a(_arm_addsubdf3.o)
                0x20000f30                __aeabi_drsub
                0x20000f38                __aeabi_dsub
                0x20000f38                __subdf3
                0x20000f3c                __adddf3
                0x20000f3c                __aeabi_dadd
                0x200011b4                __aeabi_ui2d
                0x200011b4                __floatunsidf
                0x200011d4                __floatsidf
                0x200011d4                __aeabi_i2d
                0x200011f8                __extendsfdf2
                0x200011f8                __aeabi_f2d
                0x2000123c                __aeabi_ul2d
                0x2000123c                __floatundidf
                0x2000124c                __floatdidf
                0x2000124c                __aeabi_l2d
 .text          0x200012a8       0x30 /usr/lib/gcc/arm-none-eabi/13.2.1/thumb/v8-m.main+fp/softfp/libgcc.a(_aeabi_uldivmod.o)
                0x200012a8                __aeabi_uldivmod
 .text          0x200012d8      0x300 /usr/lib/gcc/arm-none-eabi/13.2.1/thumb/v8-m.main+fp/softfp/libgcc.a(_udivmoddi4.o)
                0x200012d8                __udivmoddi4
 .text          0x200015d8        0x4 /usr/lib/gcc/arm-none-eabi/13.2.1/thumb/v8-m.main+fp/softfp/libgcc.a(_dvmd_tls.o)
                0x200015d8                __aeabi_ldiv0
                0x200015d8                __aeabi_idiv0
 *fill*         0x200015dc        0x4 
 .text.__stub   0x200015e0       0x30 linker stubs
                0x20001610                        . = ALIGN (0x4)
 *(.rodata*)
                0x20001610                        . = ALIGN (0x4)
 *(.data*)
 *fill*         0x20001610        0x0 
 .data.g_m2     0x20001610       0x18 CMakeFiles/pico_can.dir/main.c.o
 .data.g_m1     0x20001628       0x18 CMakeFiles/pico_can.dir/main.c.o
 .data.motor2_id
                0x20001640        0x1 CMakeFiles/pico_can.dir/main.c.o
                0x20001640                motor2_id
 .data.motor1_id
                0x20001641        0x1 CMakeFiles/pico_can.dir/main.c.o
                0x20001641                motor1_id
 .data.striped_spin_lock_num
                0x20001642        0x1 CMakeFiles/pico_can.dir/home/goncalo_gcosta/pico/pico-sdk/src/rp2_common/hardware_sync/sync.c.o
 *fill*         0x20001643        0x1 
 .data          0x20001644       0x48 CMakeFiles/pico_can.dir/home/goncalo_gcosta/pico/pico-sdk/src/rp2_common/hardware_irq/irq_handler_chain.S.o
                0x20001644                irq_handler_chain_slots
                0x20001674                irq_handler_chain_first_slot
                0x2000167e                irq_handler_chain_remove_tail
 .data.default_alarm_pool
                0x2000168c       0x18 CMakeFiles/pico_can.dir/home/goncalo_gcosta/pico/pico-sdk/src/common/pico_time/time.c.o
 .data.stdio_usb
                0x200016a4       0x18 CMakeFiles/pico_can.dir/home/goncalo_gcosta/pico/pico-sdk/src/rp2_common/pico_stdio_usb/stdio_usb.c.o
                0x200016a4                stdio_usb
 .data._usbd_qdef
                0x200016bc       0x1c CMakeFiles/pico_can.dir/home/goncalo_gcosta/pico/pico-sdk/lib/tinyusb/src/device/usbd.c.o
                0x200016bc                _usbd_qdef
 .data._usbd_rhport
                0x200016d8        0x1 CMakeFiles/pico_can.dir/home/goncalo_gcosta/pico/pico-sdk/lib/tinyusb/src/device/usbd.c.o
 *fill*         0x200016d9        0x7 
 .data          0x200016e0      0x128 /usr/lib/gcc/arm-none-eabi/13.2.1/../../../arm-none-eabi/lib/thumb/v8-m.main+fp/softfp/libg.a(libc_a-impure.o)
                0x200016e0                _impure_ptr
                0x200016e8                _impure_data
 .data          0x20001808      0x410 /usr/lib/gcc/arm-none-eabi/13.2.1/../../../arm-none-eabi/lib/thumb/v8-m.main+fp/softfp/libg.a(libc_a-mallocr.o)
                0x20001808                __malloc_av_
                0x20001c10                __malloc_sbrk_base
                0x20001c14                __malloc_trim_threshold
 .data          0x20001c18        0xc /usr/lib/gcc/arm-none-eabi/13.2.1/../../../arm-none-eabi/lib/thumb/v8-m.main+fp/softfp/libg.a(libc_a-findfp.o)
                0x20001c18                __sglue
 .data          0x20001c24      0x16c /usr/lib/gcc/arm-none-eabi/13.2.1/../../../arm-none-eabi/lib/thumb/v8-m.main+fp/softfp/libg.a(libc_a-locale.o)
                0x20001c24                __global_locale
 *(.sdata*)
                0x20001d90                        . = ALIGN (0x4)
 *(.after_data.*)
                0x20001d90                        . = ALIGN (0x4)
                0x20001d90                        PROVIDE (__mutex_array_start = .)
 *(SORT_BY_NAME(.mutex_array.*))
 *(.mutex_array)
 .mutex_array   0x20001d90        0x8 CMakeFiles/pico_can.dir/home/goncalo_gcosta/pico/pico-sdk/src/rp2_common/pico_stdio/stdio.c.o
                0x20001d98                        PROVIDE (__mutex_array_end = .)
 *(.jcr)
                0x20001d98                        . = ALIGN (0x4)

.tm_clone_table
                0x20001d98        0x0 load address 0x1000fc10
 .tm_clone_table
                0x20001d98        0x0 /usr/lib/gcc/arm-none-eabi/13.2.1/thumb/v8-m.main+fp/softfp/crtbegin.o
 .tm_clone_table
                0x20001d98        0x0 /usr/lib/gcc/arm-none-eabi/13.2.1/thumb/v8-m.main+fp/softfp/crtend.o

.igot.plt       0x20001d98        0x0 load address 0x1000fc10
 .igot.plt      0x20001d98        0x0 /usr/lib/gcc/arm-none-eabi/13.2.1/thumb/v8-m.main+fp/softfp/crtbegin.o

.tdata          0x20001d98        0x0 load address 0x1000fc10
                0x20001d98                        . = ALIGN (0x4)
 *(.tdata .tdata.* .gnu.linkonce.td.*)
                0x20001d98                        __tdata_end = .
                0x20001d98                        PROVIDE (__data_end__ = .)
                0x1000df88                        __etext = LOADADDR (.data)

.tbss           0x20001d98        0x0 load address 0x1000fc10
                0x20001d98                        . = ALIGN (0x4)
                0x20001d98                        __bss_start__ = .
                0x20001d98                        __tls_base = .
 *(.tbss .tbss.* .gnu.linkonce.tb.*)
 *(.tcommon)
                0x20001d98                        __tls_end = .

.bss            0x20001d98      0xfbc load address 0x1000fc10
                0x20001d98                        . = ALIGN (0x4)